../../../../../../../Drivers/STM32WL3x_HAL_Driver/Inc/stm32wl3x_ll_pwr.h:1595:26:LL_PWR_IsEnabledPUPDCfg	8	static
../../../../../../../Drivers/STM32WL3x_HAL_Driver/Inc/stm32wl3x_ll_pwr.h:1628:22:LL_PWR_EnableGPIOPullUp	16	static
../../../../../../../Drivers/STM32WL3x_HAL_Driver/Inc/stm32wl3x_ll_bus.h:220:22:LL_AHB1_GRP1_EnableClock	24	static
../../../../../../../Drivers/STM32WL3x_HAL_Driver/Inc/stm32wl3x_ll_bus.h:434:22:LL_APB0_GRP1_EnableClock	24	static
C:/ST/stm32cubewl3-v1-3-0/STM32Cube_FW_WL3_V1.3.0/Drivers/BSP/STM32WL3x-Nucleo/stm32wl3x_nucleo.c:131:9:BSP_GetVersion	8	static
C:/ST/stm32cubewl3-v1-3-0/STM32Cube_FW_WL3_V1.3.0/Drivers/BSP/STM32WL3x-Nucleo/stm32wl3x_nucleo.c:140:16:BSP_GetBoardName	8	static
C:/ST/stm32cubewl3-v1-3-0/STM32Cube_FW_WL3_V1.3.0/Drivers/BSP/STM32WL3x-Nucleo/stm32wl3x_nucleo.c:149:16:BSP_GetBoardID	8	static
C:/ST/stm32cubewl3-v1-3-0/STM32Cube_FW_WL3_V1.3.0/Drivers/BSP/STM32WL3x-Nucleo/stm32wl3x_nucleo.c:167:9:BSP_LED_Init	48	static
C:/ST/stm32cubewl3-v1-3-0/STM32Cube_FW_WL3_V1.3.0/Drivers/BSP/STM32WL3x-Nucleo/stm32wl3x_nucleo.c:219:9:BSP_LED_DeInit	48	static
C:/ST/stm32cubewl3-v1-3-0/STM32Cube_FW_WL3_V1.3.0/Drivers/BSP/STM32WL3x-Nucleo/stm32wl3x_nucleo.c:241:9:BSP_LED_On	16	static
C:/ST/stm32cubewl3-v1-3-0/STM32Cube_FW_WL3_V1.3.0/Drivers/BSP/STM32WL3x-Nucleo/stm32wl3x_nucleo.c:257:9:BSP_LED_Off	16	static
C:/ST/stm32cubewl3-v1-3-0/STM32Cube_FW_WL3_V1.3.0/Drivers/BSP/STM32WL3x-Nucleo/stm32wl3x_nucleo.c:273:9:BSP_LED_Toggle	16	static
C:/ST/stm32cubewl3-v1-3-0/STM32Cube_FW_WL3_V1.3.0/Drivers/BSP/STM32WL3x-Nucleo/stm32wl3x_nucleo.c:288:9:BSP_LED_GetState	24	static
C:/ST/stm32cubewl3-v1-3-0/STM32Cube_FW_WL3_V1.3.0/Drivers/BSP/STM32WL3x-Nucleo/stm32wl3x_nucleo.c:319:9:BSP_PB_Init	40	static
C:/ST/stm32cubewl3-v1-3-0/STM32Cube_FW_WL3_V1.3.0/Drivers/BSP/STM32WL3x-Nucleo/stm32wl3x_nucleo.c:386:9:BSP_PB_DeInit	48	static
C:/ST/stm32cubewl3-v1-3-0/STM32Cube_FW_WL3_V1.3.0/Drivers/BSP/STM32WL3x-Nucleo/stm32wl3x_nucleo.c:406:9:BSP_PB_GetState	24	static
C:/ST/stm32cubewl3-v1-3-0/STM32Cube_FW_WL3_V1.3.0/Drivers/BSP/STM32WL3x-Nucleo/stm32wl3x_nucleo.c:422:13:BSP_PB_Callback	16	static
C:/ST/stm32cubewl3-v1-3-0/STM32Cube_FW_WL3_V1.3.0/Drivers/BSP/STM32WL3x-Nucleo/stm32wl3x_nucleo.c:441:6:BSP_PB_IRQHandler	16	static
