C:/ST/stm32cubewl3-v1-3-0/STM32Cube_FW_WL3_V1.3.0/Drivers/STM32WL3x_HAL_Driver/Src/stm32wl3x_hal_flash.c:143:19:HAL_FLASH_Program	40	static
C:/ST/stm32cubewl3-v1-3-0/STM32Cube_FW_WL3_V1.3.0/Drivers/STM32WL3x_HAL_Driver/Src/stm32wl3x_hal_flash.c:203:19:HAL_FLASH_Program_IT	40	static
C:/ST/stm32cubewl3-v1-3-0/STM32Cube_FW_WL3_V1.3.0/Drivers/STM32WL3x_HAL_Driver/Src/stm32wl3x_hal_flash.c:263:6:HAL_FLASH_IRQHandler	16	static
C:/ST/stm32cubewl3-v1-3-0/STM32Cube_FW_WL3_V1.3.0/Drivers/STM32WL3x_HAL_Driver/Src/stm32wl3x_hal_flash.c:366:13:HAL_FLASH_EndOfOperationCallback	16	static
C:/ST/stm32cubewl3-v1-3-0/STM32Cube_FW_WL3_V1.3.0/Drivers/STM32WL3x_HAL_Driver/Src/stm32wl3x_hal_flash.c:384:13:HAL_FLASH_OperationErrorCallback	16	static
C:/ST/stm32cubewl3-v1-3-0/STM32Cube_FW_WL3_V1.3.0/Drivers/STM32WL3x_HAL_Driver/Src/stm32wl3x_hal_flash.c:419:10:HAL_FLASH_GetError	8	static
C:/ST/stm32cubewl3-v1-3-0/STM32Cube_FW_WL3_V1.3.0/Drivers/STM32WL3x_HAL_Driver/Src/stm32wl3x_hal_flash.c:443:19:FLASH_WaitForLastOperation	24	static
C:/ST/stm32cubewl3-v1-3-0/STM32Cube_FW_WL3_V1.3.0/Drivers/STM32WL3x_HAL_Driver/Src/stm32wl3x_hal_flash.c:481:13:FLASH_Program_Word	16	static
C:/ST/stm32cubewl3-v1-3-0/STM32Cube_FW_WL3_V1.3.0/Drivers/STM32WL3x_HAL_Driver/Src/stm32wl3x_hal_flash.c:503:13:FLASH_Program_Burst	24	static
