../../../../../../../Drivers/CMSIS/Include/core_cm0plus.h:850:22:__NVIC_SetPriority	24	static
../../../../../../../Drivers/CMSIS/Include/core_cm0plus.h:987:34:__NVIC_SystemReset	8	static,ignoring_inline_asm
C:/ST/stm32cubewl3-v1-3-0/STM32Cube_FW_WL3_V1.3.0/Projects/NUCLEO-WL33CC/Examples/MRSUBG/MRSUBG_Chat/Src/system_stm32wl3x.c:195:6:SystemInit	32	static,ignoring_inline_asm
C:/ST/stm32cubewl3-v1-3-0/STM32Cube_FW_WL3_V1.3.0/Projects/NUCLEO-WL33CC/Examples/MRSUBG/MRSUBG_Chat/Src/system_stm32wl3x.c:300:6:SystemCoreClockUpdate	16	static
C:/ST/stm32cubewl3-v1-3-0/STM32Cube_FW_WL3_V1.3.0/Projects/NUCLEO-WL33CC/Examples/MRSUBG/MRSUBG_Chat/Src/system_stm32wl3x.c:338:13:CPUcontextRestore	8	static
