../../../../../../../Drivers/STM32WL3x_HAL_Driver/Inc/stm32wl3x_ll_bus.h:220:22:LL_AHB1_GRP1_EnableClock	1
../../../../../../../Drivers/STM32WL3x_HAL_Driver/Inc/stm32wl3x_ll_mrsubg.h:598:22:LL_MRSubG_StrobeCommand	1
../../../../../../../Drivers/STM32WL3x_HAL_Driver/Inc/stm32wl3x_ll_mrsubg.h:620:22:LL_MRSubG_SetRXMode	1
C:/ST/stm32cubewl3-v1-3-0/STM32Cube_FW_WL3_V1.3.0/Projects/NUCLEO-WL33CC/Examples/MRSUBG/MRSUBG_BasicGeneric_Rx/Src/main.c:71:5:main	5
C:/ST/stm32cubewl3-v1-3-0/STM32Cube_FW_WL3_V1.3.0/Projects/NUCLEO-WL33CC/Examples/MRSUBG/MRSUBG_BasicGeneric_Rx/Src/main.c:182:6:SystemClock_Config	3
C:/ST/stm32cubewl3-v1-3-0/STM32Cube_FW_WL3_V1.3.0/Projects/NUCLEO-WL33CC/Examples/MRSUBG/MRSUBG_BasicGeneric_Rx/Src/main.c:213:6:PeriphCommonClock_Config	2
C:/ST/stm32cubewl3-v1-3-0/STM32Cube_FW_WL3_V1.3.0/Projects/NUCLEO-WL33CC/Examples/MRSUBG/MRSUBG_BasicGeneric_Rx/Src/main.c:234:13:MX_MRSUBG_Init	1
C:/ST/stm32cubewl3-v1-3-0/STM32Cube_FW_WL3_V1.3.0/Projects/NUCLEO-WL33CC/Examples/MRSUBG/MRSUBG_BasicGeneric_Rx/Src/main.c:283:13:MX_GPIO_Init	1
C:/ST/stm32cubewl3-v1-3-0/STM32Cube_FW_WL3_V1.3.0/Projects/NUCLEO-WL33CC/Examples/MRSUBG/MRSUBG_BasicGeneric_Rx/Src/main.c:304:6:Error_Handler	1
