../../../../../../../Drivers/STM32WL3x_HAL_Driver/Inc/stm32wl3x_ll_rcc.h:738:26:LL_RCC_DIRECT_HSE_IsEnabled	8	static
../../../../../../../Drivers/STM32WL3x_HAL_Driver/Inc/stm32wl3x_ll_rcc.h:1545:26:LL_RCC_GetRC64MPLLPrescaler	8	static
../../../../../../../Drivers/STM32WL3x_HAL_Driver/Inc/stm32wl3x_ll_utils.h:256:22:LL_InitTick	16	static
C:/ST/stm32cubewl3-v1-3-0/STM32Cube_FW_WL3_V1.3.0/Drivers/STM32WL3x_HAL_Driver/Src/stm32wl3x_ll_utils.c:94:6:LL_Init1msTick	16	static
C:/ST/stm32cubewl3-v1-3-0/STM32Cube_FW_WL3_V1.3.0/Drivers/STM32WL3x_HAL_Driver/Src/stm32wl3x_ll_utils.c:111:6:LL_mDelay	24	static
C:/ST/stm32cubewl3-v1-3-0/STM32Cube_FW_WL3_V1.3.0/Drivers/STM32WL3x_HAL_Driver/Src/stm32wl3x_ll_utils.c:147:6:LL_SetSystemCoreClock	16	static
C:/ST/stm32cubewl3-v1-3-0/STM32Cube_FW_WL3_V1.3.0/Drivers/STM32WL3x_HAL_Driver/Src/stm32wl3x_ll_utils.c:157:10:LL_GetSystemCoreClock	8	static
C:/ST/stm32cubewl3-v1-3-0/STM32Cube_FW_WL3_V1.3.0/Drivers/STM32WL3x_HAL_Driver/Src/stm32wl3x_ll_utils.c:168:6:LL_SetXTALFreq	16	static
C:/ST/stm32cubewl3-v1-3-0/STM32Cube_FW_WL3_V1.3.0/Drivers/STM32WL3x_HAL_Driver/Src/stm32wl3x_ll_utils.c:208:10:LL_GetXTALFreq	8	static
