../Drivers/STM32WL3x_HAL_Driver/Inc/stm32wl3x_ll_bus.h:220:22:LL_AHB1_GRP1_EnableClock	24	static
../Core/Src/main.c:83:5:main	48	static
../Core/Src/main.c:172:6:SystemClock_Config	48	static
../Core/Src/main.c:201:6:PeriphCommonClock_Config	32	static
../Core/Src/main.c:222:13:MX_I2C2_Init	8	static
../Core/Src/main.c:270:13:MX_GPIO_Init	32	static
../Core/Src/main.c:321:6:DrawBarGraph	40	static
../Core/Src/main.c:347:6:RenderScreen	24	static
../Core/Src/main.c:368:6:Error_Handler	8	static,ignoring_inline_asm
