Archive member included to satisfy reference by file (symbol)

C:/ST/STM32CubeIDE_1.19.0/STM32CubeIDE/plugins/com.st.stm32cube.ide.mcu.externaltools.gnu-tools-for-stm32.13.3.rel1.win32_1.0.0.202411081344/tools/bin/../lib/gcc/arm-none-eabi/13.3.1/../../../../arm-none-eabi/lib/thumb/v6-m/nofp\libc_nano.a(libc_a-exit.o)
                              C:/ST/STM32CubeIDE_1.19.0/STM32CubeIDE/plugins/com.st.stm32cube.ide.mcu.externaltools.gnu-tools-for-stm32.13.3.rel1.win32_1.0.0.202411081344/tools/bin/../lib/gcc/arm-none-eabi/13.3.1/../../../../arm-none-eabi/lib/thumb/v6-m/nofp/crt0.o (exit)
C:/ST/STM32CubeIDE_1.19.0/STM32CubeIDE/plugins/com.st.stm32cube.ide.mcu.externaltools.gnu-tools-for-stm32.13.3.rel1.win32_1.0.0.202411081344/tools/bin/../lib/gcc/arm-none-eabi/13.3.1/../../../../arm-none-eabi/lib/thumb/v6-m/nofp\libc_nano.a(libc_a-findfp.o)
                              C:/ST/STM32CubeIDE_1.19.0/STM32CubeIDE/plugins/com.st.stm32cube.ide.mcu.externaltools.gnu-tools-for-stm32.13.3.rel1.win32_1.0.0.202411081344/tools/bin/../lib/gcc/arm-none-eabi/13.3.1/../../../../arm-none-eabi/lib/thumb/v6-m/nofp\libc_nano.a(libc_a-exit.o) (__stdio_exit_handler)
C:/ST/STM32CubeIDE_1.19.0/STM32CubeIDE/plugins/com.st.stm32cube.ide.mcu.externaltools.gnu-tools-for-stm32.13.3.rel1.win32_1.0.0.202411081344/tools/bin/../lib/gcc/arm-none-eabi/13.3.1/../../../../arm-none-eabi/lib/thumb/v6-m/nofp\libc_nano.a(libc_a-fwalk.o)
                              C:/ST/STM32CubeIDE_1.19.0/STM32CubeIDE/plugins/com.st.stm32cube.ide.mcu.externaltools.gnu-tools-for-stm32.13.3.rel1.win32_1.0.0.202411081344/tools/bin/../lib/gcc/arm-none-eabi/13.3.1/../../../../arm-none-eabi/lib/thumb/v6-m/nofp\libc_nano.a(libc_a-findfp.o) (_fwalk_sglue)
C:/ST/STM32CubeIDE_1.19.0/STM32CubeIDE/plugins/com.st.stm32cube.ide.mcu.externaltools.gnu-tools-for-stm32.13.3.rel1.win32_1.0.0.202411081344/tools/bin/../lib/gcc/arm-none-eabi/13.3.1/../../../../arm-none-eabi/lib/thumb/v6-m/nofp\libc_nano.a(libc_a-stdio.o)
                              C:/ST/STM32CubeIDE_1.19.0/STM32CubeIDE/plugins/com.st.stm32cube.ide.mcu.externaltools.gnu-tools-for-stm32.13.3.rel1.win32_1.0.0.202411081344/tools/bin/../lib/gcc/arm-none-eabi/13.3.1/../../../../arm-none-eabi/lib/thumb/v6-m/nofp\libc_nano.a(libc_a-findfp.o) (__sread)
C:/ST/STM32CubeIDE_1.19.0/STM32CubeIDE/plugins/com.st.stm32cube.ide.mcu.externaltools.gnu-tools-for-stm32.13.3.rel1.win32_1.0.0.202411081344/tools/bin/../lib/gcc/arm-none-eabi/13.3.1/../../../../arm-none-eabi/lib/thumb/v6-m/nofp\libc_nano.a(libc_a-memset.o)
                              C:/ST/STM32CubeIDE_1.19.0/STM32CubeIDE/plugins/com.st.stm32cube.ide.mcu.externaltools.gnu-tools-for-stm32.13.3.rel1.win32_1.0.0.202411081344/tools/bin/../lib/gcc/arm-none-eabi/13.3.1/../../../../arm-none-eabi/lib/thumb/v6-m/nofp/crt0.o (memset)
C:/ST/STM32CubeIDE_1.19.0/STM32CubeIDE/plugins/com.st.stm32cube.ide.mcu.externaltools.gnu-tools-for-stm32.13.3.rel1.win32_1.0.0.202411081344/tools/bin/../lib/gcc/arm-none-eabi/13.3.1/../../../../arm-none-eabi/lib/thumb/v6-m/nofp\libc_nano.a(libc_a-closer.o)
                              C:/ST/STM32CubeIDE_1.19.0/STM32CubeIDE/plugins/com.st.stm32cube.ide.mcu.externaltools.gnu-tools-for-stm32.13.3.rel1.win32_1.0.0.202411081344/tools/bin/../lib/gcc/arm-none-eabi/13.3.1/../../../../arm-none-eabi/lib/thumb/v6-m/nofp\libc_nano.a(libc_a-stdio.o) (_close_r)
C:/ST/STM32CubeIDE_1.19.0/STM32CubeIDE/plugins/com.st.stm32cube.ide.mcu.externaltools.gnu-tools-for-stm32.13.3.rel1.win32_1.0.0.202411081344/tools/bin/../lib/gcc/arm-none-eabi/13.3.1/../../../../arm-none-eabi/lib/thumb/v6-m/nofp\libc_nano.a(libc_a-reent.o)
                              C:/ST/STM32CubeIDE_1.19.0/STM32CubeIDE/plugins/com.st.stm32cube.ide.mcu.externaltools.gnu-tools-for-stm32.13.3.rel1.win32_1.0.0.202411081344/tools/bin/../lib/gcc/arm-none-eabi/13.3.1/../../../../arm-none-eabi/lib/thumb/v6-m/nofp\libc_nano.a(libc_a-closer.o) (errno)
C:/ST/STM32CubeIDE_1.19.0/STM32CubeIDE/plugins/com.st.stm32cube.ide.mcu.externaltools.gnu-tools-for-stm32.13.3.rel1.win32_1.0.0.202411081344/tools/bin/../lib/gcc/arm-none-eabi/13.3.1/../../../../arm-none-eabi/lib/thumb/v6-m/nofp\libc_nano.a(libc_a-impure.o)
                              C:/ST/STM32CubeIDE_1.19.0/STM32CubeIDE/plugins/com.st.stm32cube.ide.mcu.externaltools.gnu-tools-for-stm32.13.3.rel1.win32_1.0.0.202411081344/tools/bin/../lib/gcc/arm-none-eabi/13.3.1/../../../../arm-none-eabi/lib/thumb/v6-m/nofp\libc_nano.a(libc_a-reent.o) (_impure_ptr)
C:/ST/STM32CubeIDE_1.19.0/STM32CubeIDE/plugins/com.st.stm32cube.ide.mcu.externaltools.gnu-tools-for-stm32.13.3.rel1.win32_1.0.0.202411081344/tools/bin/../lib/gcc/arm-none-eabi/13.3.1/../../../../arm-none-eabi/lib/thumb/v6-m/nofp\libc_nano.a(libc_a-lseekr.o)
[...]
Memory Configuration

Name             Origin             Length             Attributes
RAM              0x20000000         0x00008000         xrw
REGION_FLASH_BOOTLOADER 0x10040000         0x00000000         xr
FLASH            0x10040000         0x00040000         xr
REGION_ROM       0x10000000         0x00001800         xr
*default*        0x00000000         0xffffffff

Linker script and memory map

LOAD C:/ST/STM32CubeIDE_1.19.0/STM32CubeIDE/plugins/com.st.stm32cube.ide.mcu.externaltools.gnu-tools-for-stm32.13.3.rel1.win32_1.0.0.202411081344/tools/bin/../lib/gcc/arm-none-eabi/13.3.1/thumb/v6-m/nofp/crti.o
LOAD C:/ST/STM32CubeIDE_1.19.0/STM32CubeIDE/plugins/com.st.stm32cube.ide.mcu.externaltools.gnu-tools-for-stm32.13.3.rel1.win32_1.0.0.202411081344/tools/bin/../lib/gcc/arm-none-eabi/13.3.1/thumb/v6-m/nofp/crtbegin.o
LOAD C:/ST/STM32CubeIDE_1.19.0/STM32CubeIDE/plugins/com.st.stm32cube.ide.mcu.externaltools.gnu-tools-for-stm32.13.3.rel1.win32_1.0.0.202411081344/tools/bin/../lib/gcc/arm-none-eabi/13.3.1/../../../../arm-none-eabi/lib/thumb/v6-m/nofp/crt0.o
LOAD ./Application/Startup/startup_stm32wl33ccvx.o
LOAD ./Application/User/main.o
LOAD ./Application/User/stm32wl3x_hal_msp.o
LOAD ./Application/User/stm32wl3x_it.o
LOAD ./Application/User/syscalls.o
LOAD ./Application/User/sysmem.o
LOAD ./Drivers/BSP/STM32WL3x-Nucleo/stm32wl3x_nucleo.o
LOAD ./Drivers/CMSIS/system_stm32wl3x.o
LOAD ./Drivers/STM32WL3x_HAL_Driver/stm32wl3x_hal.o
LOAD ./Drivers/STM32WL3x_HAL_Driver/stm32wl3x_hal_cortex.o
LOAD ./Drivers/STM32WL3x_HAL_Driver/stm32wl3x_hal_dma.o
LOAD ./Drivers/STM32WL3x_HAL_Driver/stm32wl3x_hal_flash.o
LOAD ./Drivers/STM32WL3x_HAL_Driver/stm32wl3x_hal_flash_ex.o
LOAD ./Drivers/STM32WL3x_HAL_Driver/stm32wl3x_hal_gpio.o
LOAD ./Drivers/STM32WL3x_HAL_Driver/stm32wl3x_hal_pwr.o
LOAD ./Drivers/STM32WL3x_HAL_Driver/stm32wl3x_hal_pwr_ex.o
LOAD ./Drivers/STM32WL3x_HAL_Driver/stm32wl3x_hal_rcc.o
LOAD ./Drivers/STM32WL3x_HAL_Driver/stm32wl3x_hal_rcc_ex.o
LOAD ./Drivers/STM32WL3x_HAL_Driver/stm32wl3x_hal_tim.o
LOAD ./Drivers/STM32WL3x_HAL_Driver/stm32wl3x_hal_tim_ex.o
START GROUP
LOAD C:/ST/STM32CubeIDE_1.19.0/STM32CubeIDE/plugins/com.st.stm32cube.ide.mcu.externaltools.gnu-tools-for-stm32.13.3.rel1.win32_1.0.0.202411081344/tools/bin/../lib/gcc/arm-none-eabi/13.3.1/../../../../arm-none-eabi/lib/thumb/v6-m/nofp\libc_nano.a
LOAD C:/ST/STM32CubeIDE_1.19.0/STM32CubeIDE/plugins/com.st.stm32cube.ide.mcu.externaltools.gnu-tools-for-stm32.13.3.rel1.win32_1.0.0.202411081344/tools/bin/../lib/gcc/arm-none-eabi/13.3.1/../../../../arm-none-eabi/lib/thumb/v6-m/nofp\libm.a
END GROUP
START GROUP
LOAD C:/ST/STM32CubeIDE_1.19.0/STM32CubeIDE/plugins/com.st.stm32cube.ide.mcu.externaltools.gnu-tools-for-stm32.13.3.rel1.win32_1.0.0.202411081344/tools/bin/../lib/gcc/arm-none-eabi/13.3.1/thumb/v6-m/nofp\libgcc.a
LOAD C:/ST/STM32CubeIDE_1.19.0/STM32CubeIDE/plugins/com.st.stm32cube.ide.mcu.externaltools.gnu-tools-for-stm32.13.3.rel1.win32_1.0.0.202411081344/tools/bin/../lib/gcc/arm-none-eabi/13.3.1/../../../../arm-none-eabi/lib/thumb/v6-m/nofp\libc_nano.a
END GROUP
START GROUP
LOAD C:/ST/STM32CubeIDE_1.19.0/STM32CubeIDE/plugins/com.st.stm32cube.ide.mcu.externaltools.gnu-tools-for-stm32.13.3.rel1.win32_1.0.0.202411081344/tools/bin/../lib/gcc/arm-none-eabi/13.3.1/thumb/v6-m/nofp\libgcc.a
LOAD C:/ST/STM32CubeIDE_1.19.0/STM32CubeIDE/plugins/com.st.stm32cube.ide.mcu.externaltools.gnu-tools-for-stm32.13.3.rel1.win32_1.0.0.202411081344/tools/bin/../lib/gcc/arm-none-eabi/13.3.1/../../../../arm-none-eabi/lib/thumb/v6-m/nofp\libc_nano.a
LOAD C:/ST/STM32CubeIDE_1.19.0/STM32CubeIDE/plugins/com.st.stm32cube.ide.mcu.externaltools.gnu-tools-for-stm32.13.3.rel1.win32_1.0.0.202411081344/tools/bin/../lib/gcc/arm-none-eabi/13.3.1/../../../../arm-none-eabi/lib/thumb/v6-m/nofp\libnosys.a
END GROUP
START GROUP
LOAD C:/ST/STM32CubeIDE_1.19.0/STM32CubeIDE/plugins/com.st.stm32cube.ide.mcu.externaltools.gnu-tools-for-stm32.13.3.rel1.win32_1.0.0.202411081344/tools/bin/../lib/gcc/arm-none-eabi/13.3.1/thumb/v6-m/nofp\libgcc.a
LOAD C:/ST/STM32CubeIDE_1.19.0/STM32CubeIDE/plugins/com.st.stm32cube.ide.mcu.externaltools.gnu-tools-for-stm32.13.3.rel1.win32_1.0.0.202411081344/tools/bin/../lib/gcc/arm-none-eabi/13.3.1/../../../../arm-none-eabi/lib/thumb/v6-m/nofp\libc_nano.a
LOAD C:/ST/STM32CubeIDE_1.19.0/STM32CubeIDE/plugins/com.st.stm32cube.ide.mcu.externaltools.gnu-tools-for-stm32.13.3.rel1.win32_1.0.0.202411081344/tools/bin/../lib/gcc/arm-none-eabi/13.3.1/../../../../arm-none-eabi/lib/thumb/v6-m/nofp\libnosys.a
END GROUP
LOAD C:/ST/STM32CubeIDE_1.19.0/STM32CubeIDE/plugins/com.st.stm32cube.ide.mcu.externaltools.gnu-tools-for-stm32.13.3.rel1.win32_1.0.0.202411081344/tools/bin/../lib/gcc/arm-none-eabi/13.3.1/thumb/v6-m/nofp/crtend.o
LOAD C:/ST/STM32CubeIDE_1.19.0/STM32CubeIDE/plugins/com.st.stm32cube.ide.mcu.externaltools.gnu-tools-for-stm32.13.3.rel1.win32_1.0.0.202411081344/tools/bin/../lib/gcc/arm-none-eabi/13.3.1/thumb/v6-m/nofp/crtn.o
                0x20000000                        _MEMORY_RAM_BEGIN_ = 0x20000000
                0x00008000                        _MEMORY_RAM_SIZE_ = 0x8000
                0x20007fff                        _MEMORY_RAM_END_ = 0x20007fff
                0x10040000                        _MEMORY_FLASH_BEGIN_ = 0x10040000
                0x00040000                        _MEMORY_FLASH_SIZE_ = 0x40000
                0x1007ffff                        _MEMORY_FLASH_END_ = 0x1007ffff
                0x10000000                        _MEMORY_ROM_BEGIN_ = 0x10000000
                0x00001800                        _MEMORY_ROM_SIZE_ = 0x1800
                0x100017ff                        _MEMORY_ROM_END_ = 0x100017ff
                0x00000000                        MEMORY_FLASH_APP_OFFSET = DEFINED (MEMORY_FLASH_APP_OFFSET)?MEMORY_FLASH_APP_OFFSET:0x0
                0x00040000                        MEMORY_FLASH_APP_SIZE = DEFINED (MEMORY_FLASH_APP_SIZE)?MEMORY_FLASH_APP_SIZE:(_MEMORY_FLASH_SIZE_ - MEMORY_FLASH_APP_OFFSET)
                0x00000800                        RESET_MANAGER_SIZE = DEFINED (RESET_MANAGER_SIZE)?RESET_MANAGER_SIZE:0x800
                0x00000000                        _Min_Heap_Size = 0x0
                0x00000c00                        _Min_Stack_Size = 0xc00

.intvec         0x10040000       0xc0
                0x10040000                        . = ALIGN (0x4)
 *(.intvec)
 .intvec        0x10040000       0xc0 ./Application/Startup/startup_stm32wl33ccvx.o
                0x10040000                __vector_table
                0x100400c0                        . = ALIGN (0x4)

.text           0x100400c0     0x18e4
                0x100400c0                        . = ALIGN (0x4)
 *(.cmd_call_table)
 *(.text)
 .text          0x100400c0      0x114 C:/ST/STM32CubeIDE_1.19.0/STM32CubeIDE/plugins/com.st.stm32cube.ide.mcu.externaltools.gnu-tools-for-stm32.13.3.rel1.win32_1.0.0.202411081344/tools/bin/../lib/gcc/arm-none-eabi/13.3.1/thumb/v6-m/nofp\libgcc.a(_udivsi3.o)
                0x100400c0                __aeabi_uidiv
                0x100400c0                __udivsi3
                0x100401cc                __aeabi_uidivmod
 .text          0x100401d4        0x4 C:/ST/STM32CubeIDE_1.19.0/STM32CubeIDE/plugins/com.st.stm32cube.ide.mcu.externaltools.gnu-tools-for-stm32.13.3.rel1.win32_1.0.0.202411081344/tools/bin/../lib/gcc/arm-none-eabi/13.3.1/thumb/v6-m/nofp\libgcc.a(_dvmd_tls.o)
                0x100401d4                __aeabi_idiv0
                0x100401d4                __aeabi_ldiv0
 *(.text*)
 .text.Reset_Handler
                0x100401d8       0x4c ./Application/Startup/startup_stm32wl33ccvx.o
                0x100401d8                Reset_Handler
 .text.Default_Handler
                0x10040224        0x2 ./Application/Startup/startup_stm32wl33ccvx.o
                0x10040224                GPIOB_IRQHandler
                0x10040224                PVD_IRQHandler
                0x10040224                I2C1_IRQHandler
                0x10040224                CPU_WKUP_IRQHandler
                0x10040224                SPI1_IRQHandler
                0x10040224                SUBG_WKUP_IRQHandler
                0x10040224                I2C2_IRQHandler
                0x10040224                RTC_IRQHandler
                0x10040224                LCD_IRQHandler
                0x10040224                TIM16_IRQHandler
                0x10040224                RCC_IRQHandler
                0x10040224                Default_Handler
                0x10040224                ADC_IRQHandler
                0x10040224                LCSC_IRQHandler
                0x10040224                LPUART1_IRQHandler
                0x10040224                TIM2_IRQHandler
                0x10040224                DAC_IRQHandler
                0x10040224                AES_IRQHandler
                0x10040224                LCSC_LC_ACTIVITY_IRQHandler
                0x10040224                MRSUBG_BUSY_IRQHandler
                0x10040224                MRSUBG_IRQHandler
                0x10040224                DMA_IRQHandler
                0x10040224                TX_RX_SEQUENCE_IRQHandler
                0x10040224                FLASH_IRQHandler
                0x10040224                USART1_IRQHandler
                0x10040224                SPI3_IRQHandler
                0x10040224                COMP1_IRQHandler
                0x10040224                LPAWUR_IRQHandler
 *fill*         0x10040226        0x2 
 .text.LL_AHB1_GRP1_EnableClock
                0x10040228       0x2c ./Application/User/main.o
 .text.main     0x10040254       0x22 ./Application/User/main.o
                0x10040254                main
 .text.SystemClock_Config
                0x10040276       0x68 ./Application/User/main.o
                0x10040276                SystemClock_Config
 .text.PeriphCommonClock_Config
                0x100402de       0x3e ./Application/User/main.o
                0x100402de                PeriphCommonClock_Config
 .text.MX_GPIO_Init
                0x1004031c        0xa ./Application/User/main.o
 .text.GPIOA_IRQHandler_Config
                0x10040326       0x46 ./Application/User/main.o
 .text.HAL_GPIO_EXTI_Callback
                0x1004036c       0x24 ./Application/User/main.o
                0x1004036c                HAL_GPIO_EXTI_Callback
 .text.Error_Handler
                0x10040390        0x8 ./Application/User/main.o
                0x10040390                Error_Handler
 .text.LL_APB0_GRP1_EnableClock
                0x10040398       0x2c ./Application/User/stm32wl3x_hal_msp.o
 .text.HAL_MspInit
                0x100403c4       0x14 ./Application/User/stm32wl3x_hal_msp.o
                0x100403c4                HAL_MspInit
 .text.NMI_Handler
                0x100403d8        0xa ./Application/User/stm32wl3x_it.o
                0x100403d8                NMI_Handler
 .text.HardFault_Handler
                0x100403e2        0x8 ./Application/User/stm32wl3x_it.o
                0x100403e2                HardFault_Handler
 .text.SVC_Handler
                0x100403ea        0xa ./Application/User/stm32wl3x_it.o
                0x100403ea                SVC_Handler
 .text.PendSV_Handler
                0x100403f4        0xa ./Application/User/stm32wl3x_it.o
                0x100403f4                PendSV_Handler
 .text.SysTick_Handler
                0x100403fe        0xe ./Application/User/stm32wl3x_it.o
                0x100403fe                SysTick_Handler
 .text.GPIOA_IRQHandler
                0x1004040c       0x16 ./Application/User/stm32wl3x_it.o
                0x1004040c                GPIOA_IRQHandler
 *fill*         0x10040422        0x2 
 .text.LL_PWR_IsEnabledPUPDCfg
                0x10040424       0x20 ./Drivers/BSP/STM32WL3x-Nucleo/stm32wl3x_nucleo.o
 .text.LL_PWR_EnableGPIOPullUp
                0x10040444       0x30 ./Drivers/BSP/STM32WL3x-Nucleo/stm32wl3x_nucleo.o
 .text.LL_AHB1_GRP1_EnableClock
                0x10040474       0x2c ./Drivers/BSP/STM32WL3x-Nucleo/stm32wl3x_nucleo.o
 .text.BSP_LED_Init
                0x100404a0       0xec ./Drivers/BSP/STM32WL3x-Nucleo/stm32wl3x_nucleo.o
                0x100404a0                BSP_LED_Init
 .text.BSP_LED_Toggle
                0x1004058c       0x38 ./Drivers/BSP/STM32WL3x-Nucleo/stm32wl3x_nucleo.o
                0x1004058c                BSP_LED_Toggle
 .text.__NVIC_SetPriority
                0x100405c4       0xdc ./Drivers/CMSIS/system_stm32wl3x.o
 .text.__NVIC_SystemReset
                0x100406a0       0x24 ./Drivers/CMSIS/system_stm32wl3x.o
 .text.SystemInit
                0x100406c4      0x1b0 ./Drivers/CMSIS/system_stm32wl3x.o
                0x100406c4                SystemInit
 .text.SystemCoreClockUpdate
                0x10040874       0x94 ./Drivers/CMSIS/system_stm32wl3x.o
                0x10040874                SystemCoreClockUpdate
 .text.CPUcontextRestore
                0x10040908        0xa ./Drivers/CMSIS/system_stm32wl3x.o
                0x10040908                CPUcontextRestore
 .text.HAL_Init
                0x10040912       0x2e ./Drivers/STM32WL3x_HAL_Driver/stm32wl3x_hal.o
                0x10040912                HAL_Init
 .text.HAL_InitTick
                0x10040940       0x90 ./Drivers/STM32WL3x_HAL_Driver/stm32wl3x_hal.o
                0x10040940                HAL_InitTick
 .text.HAL_IncTick
                0x100409d0       0x24 ./Drivers/STM32WL3x_HAL_Driver/stm32wl3x_hal.o
                0x100409d0                HAL_IncTick
 .text.HAL_GetTick
                0x100409f4       0x14 ./Drivers/STM32WL3x_HAL_Driver/stm32wl3x_hal.o
                0x100409f4                HAL_GetTick
 .text.HAL_GetTickPrio
                0x10040a08       0x14 ./Drivers/STM32WL3x_HAL_Driver/stm32wl3x_hal.o
                0x10040a08                HAL_GetTickPrio
 .text.__NVIC_EnableIRQ
                0x10040a1c       0x34 ./Drivers/STM32WL3x_HAL_Driver/stm32wl3x_hal_cortex.o
 .text.__NVIC_SetPriority
                0x10040a50       0xdc ./Drivers/STM32WL3x_HAL_Driver/stm32wl3x_hal_cortex.o
 .text.SysTick_Config
                0x10040b2c       0x48 ./Drivers/STM32WL3x_HAL_Driver/stm32wl3x_hal_cortex.o
 .text.HAL_NVIC_SetPriority
                0x10040b74       0x2a ./Drivers/STM32WL3x_HAL_Driver/stm32wl3x_hal_cortex.o
                0x10040b74                HAL_NVIC_SetPriority
 .text.HAL_NVIC_EnableIRQ
                0x10040b9e       0x20 ./Drivers/STM32WL3x_HAL_Driver/stm32wl3x_hal_cortex.o
                0x10040b9e                HAL_NVIC_EnableIRQ
 .text.HAL_SYSTICK_Config
                0x10040bbe       0x1a ./Drivers/STM32WL3x_HAL_Driver/stm32wl3x_hal_cortex.o
                0x10040bbe                HAL_SYSTICK_Config
 .text.HAL_GPIO_Init
                0x10040bd8      0x36a ./Drivers/STM32WL3x_HAL_Driver/stm32wl3x_hal_gpio.o
                0x10040bd8                HAL_GPIO_Init
 .text.HAL_GPIO_WritePin
                0x10040f42       0x3a ./Drivers/STM32WL3x_HAL_Driver/stm32wl3x_hal_gpio.o
                0x10040f42                HAL_GPIO_WritePin
 .text.HAL_GPIO_TogglePin
                0x10040f7c       0x36 ./Drivers/STM32WL3x_HAL_Driver/stm32wl3x_hal_gpio.o
                0x10040f7c                HAL_GPIO_TogglePin
 .text.HAL_GPIO_EXTI_IRQHandler
                0x10040fb2       0x7c ./Drivers/STM32WL3x_HAL_Driver/stm32wl3x_hal_gpio.o
                0x10040fb2                HAL_GPIO_EXTI_IRQHandler
 *fill*         0x1004102e        0x2 
 .text.LL_PWR_SetNoPullB
                0x10041030       0x30 ./Drivers/STM32WL3x_HAL_Driver/stm32wl3x_hal_rcc.o
 .text.LL_RCC_HSE_Enable
                0x10041060       0x1c ./Drivers/STM32WL3x_HAL_Driver/stm32wl3x_hal_rcc.o
 .text.LL_RCC_HSE_Disable
                0x1004107c       0x20 ./Drivers/STM32WL3x_HAL_Driver/stm32wl3x_hal_rcc.o
 .text.LL_RCC_HSE_IsReady
                0x1004109c       0x28 ./Drivers/STM32WL3x_HAL_Driver/stm32wl3x_hal_rcc.o
 .text.LL_RCC_HSE_SetCapacitorTuning
                0x100410c4       0x40 ./Drivers/STM32WL3x_HAL_Driver/stm32wl3x_hal_rcc.o
 .text.LL_RCC_HSE_SetCurrentControl
                0x10041104       0x30 ./Drivers/STM32WL3x_HAL_Driver/stm32wl3x_hal_rcc.o
 .text.LL_RCC_HSE_SetStartupCurrent
                0x10041134       0x34 ./Drivers/STM32WL3x_HAL_Driver/stm32wl3x_hal_rcc.o
 .text.LL_RCC_HSE_SetAmplitudeThreshold
                0x10041168       0x34 ./Drivers/STM32WL3x_HAL_Driver/stm32wl3x_hal_rcc.o
 .text.LL_RCC_HSI_Enable
                0x1004119c       0x28 ./Drivers/STM32WL3x_HAL_Driver/stm32wl3x_hal_rcc.o
 .text.LL_RCC_HSI_Disable
                0x100411c4       0x28 ./Drivers/STM32WL3x_HAL_Driver/stm32wl3x_hal_rcc.o
 .text.LL_RCC_HSI_IsReady
                0x100411ec       0x28 ./Drivers/STM32WL3x_HAL_Driver/stm32wl3x_hal_rcc.o
 .text.LL_RCC_DIRECT_HSE_Enable
                0x10041214       0x4c ./Drivers/STM32WL3x_HAL_Driver/stm32wl3x_hal_rcc.o
 .text.LL_RCC_LSCO_SetSource
                0x10041260       0x2c ./Drivers/STM32WL3x_HAL_Driver/stm32wl3x_hal_rcc.o
 .text.LL_RCC_LSE_Enable
                0x1004128c       0x1c ./Drivers/STM32WL3x_HAL_Driver/stm32wl3x_hal_rcc.o
 .text.LL_RCC_LSE_Disable
                0x100412a8       0x1c ./Drivers/STM32WL3x_HAL_Driver/stm32wl3x_hal_rcc.o
 .text.LL_RCC_LSE_IsReady
                0x100412c4       0x20 ./Drivers/STM32WL3x_HAL_Driver/stm32wl3x_hal_rcc.o
 .text.LL_RCC_LSE_EnableBypass
                0x100412e4       0x1c ./Drivers/STM32WL3x_HAL_Driver/stm32wl3x_hal_rcc.o
 .text.LL_RCC_LSE_DisableBypass
                0x10041300       0x1c ./Drivers/STM32WL3x_HAL_Driver/stm32wl3x_hal_rcc.o
 .text.LL_RCC_LSE_IsBypassEnabled
                0x1004131c       0x20 ./Drivers/STM32WL3x_HAL_Driver/stm32wl3x_hal_rcc.o
 .text.LL_RCC_LSE_SetDriveCapability
                0x1004133c       0x28 ./Drivers/STM32WL3x_HAL_Driver/stm32wl3x_hal_rcc.o
 .text.LL_RCC_LSI_Enable
                0x10041364       0x1c ./Drivers/STM32WL3x_HAL_Driver/stm32wl3x_hal_rcc.o
 .text.LL_RCC_LSI_Disable
                0x10041380       0x1c ./Drivers/STM32WL3x_HAL_Driver/stm32wl3x_hal_rcc.o
 .text.LL_RCC_LSI_IsReady
                0x1004139c       0x20 ./Drivers/STM32WL3x_HAL_Driver/stm32wl3x_hal_rcc.o
 .text.LL_RCC_RC64MPLL_Enable
                0x100413bc       0x1c ./Drivers/STM32WL3x_HAL_Driver/stm32wl3x_hal_rcc.o
 .text.LL_RCC_RC64MPLL_Disable
                0x100413d8       0x20 ./Drivers/STM32WL3x_HAL_Driver/stm32wl3x_hal_rcc.o
 .text.LL_RCC_RC64MPLL_IsReady
                0x100413f8       0x28 ./Drivers/STM32WL3x_HAL_Driver/stm32wl3x_hal_rcc.o
 .text.LL_RCC_SetRC64MPLLPrescaler
                0x10041420       0x28 ./Drivers/STM32WL3x_HAL_Driver/stm32wl3x_hal_rcc.o
 .text.HAL_RCC_OscConfig
                0x10041448      0x2ac ./Drivers/STM32WL3x_HAL_Driver/stm32wl3x_hal_rcc.o
                0x10041448                HAL_RCC_OscConfig
 .text.HAL_RCC_ClockConfig
                0x100416f4      0x144 ./Drivers/STM32WL3x_HAL_Driver/stm32wl3x_hal_rcc.o
                0x100416f4                HAL_RCC_ClockConfig
 .text.HAL_RCC_GetSysClockFreq
                0x10041838       0x14 ./Drivers/STM32WL3x_HAL_Driver/stm32wl3x_hal_rcc.o
                0x10041838                HAL_RCC_GetSysClockFreq
 .text.LL_RCC_LSCO_SetSource
                0x1004184c       0x2c ./Drivers/STM32WL3x_HAL_Driver/stm32wl3x_hal_rcc_ex.o
 .text.LL_RCC_SetSMPSPrescaler
                0x10041878       0x2c ./Drivers/STM32WL3x_HAL_Driver/stm32wl3x_hal_rcc_ex.o
 .text.LL_RCC_KRM_SetRateMultiplier
                0x100418a4       0x2c ./Drivers/STM32WL3x_HAL_Driver/stm32wl3x_hal_rcc_ex.o
 .text.LL_RCC_SetLPUARTClockSource
                0x100418d0       0x2c ./Drivers/STM32WL3x_HAL_Driver/stm32wl3x_hal_rcc_ex.o
 .text.LL_RCC_SetSPI3I2SClockSource
                0x100418fc       0x2c ./Drivers/STM32WL3x_HAL_Driver/stm32wl3x_hal_rcc_ex.o
 .text.HAL_RCCEx_PeriphCLKConfig
                0x10041928       0x6c ./Drivers/STM32WL3x_HAL_Driver/stm32wl3x_hal_rcc_ex.o
                0x10041928                HAL_RCCEx_PeriphCLKConfig
 .text.memset   0x10041994       0x10 C:/ST/STM32CubeIDE_1.19.0/STM32CubeIDE/plugins/com.st.stm32cube.ide.mcu.externaltools.gnu-tools-for-stm32.13.3.rel1.win32_1.0.0.202411081344/tools/bin/../lib/gcc/arm-none-eabi/13.3.1/../../../../arm-none-eabi/lib/thumb/v6-m/nofp\libc_nano.a(libc_a-memset.o)
                0x10041994                memset
 *(i.*)
 *(.rodata)
 *(.rodata*)
 *(.constdata)
 *(.glue_7)
 .glue_7        0x100419a4        0x0 linker stubs
 *(.glue_7t)
 .glue_7t       0x100419a4        0x0 linker stubs
                0x100419a4                        . = ALIGN (0x4)
                0x100419a4                        _etext = .
                0x100419ac                        _sidata = LOADADDR (.data)

.vfp11_veneer   0x100419a4        0x0
 .vfp11_veneer  0x100419a4        0x0 linker stubs

.v4_bx          0x100419a4        0x0
 .v4_bx         0x100419a4        0x0 linker stubs

.init           0x100419a4        0x4
 .init          0x100419a4        0x4 C:/ST/STM32CubeIDE_1.19.0/STM32CubeIDE/plugins/com.st.stm32cube.ide.mcu.externaltools.gnu-tools-for-stm32.13.3.rel1.win32_1.0.0.202411081344/tools/bin/../lib/gcc/arm-none-eabi/13.3.1/thumb/v6-m/nofp/crti.o
                0x100419a4                _init

.fini           0x100419a8        0x4
 .fini          0x100419a8        0x4 C:/ST/STM32CubeIDE_1.19.0/STM32CubeIDE/plugins/com.st.stm32cube.ide.mcu.externaltools.gnu-tools-for-stm32.13.3.rel1.win32_1.0.0.202411081344/tools/bin/../lib/gcc/arm-none-eabi/13.3.1/thumb/v6-m/nofp/crti.o
                0x100419a8                _fini

.iplt           0x100419ac        0x0
 .iplt          0x100419ac        0x0 ./Application/Startup/startup_stm32wl33ccvx.o

.rel.dyn        0x100419ac        0x0
 .rel.iplt      0x100419ac        0x0 ./Application/Startup/startup_stm32wl33ccvx.o

.ram_preamble   0x20000004       0x2c load address 0x100419ac
 *(.ram_vr)
 .ram_vr        0x20000004       0x2c ./Drivers/CMSIS/system_stm32wl3x.o
                0x20000004                RAM_VR

.ram_preamble_2
 *(.crash_info_ram_vr)

.bss            0x20000034        0x4
                0x20000034                        . = ALIGN (0x4)
                0x20000034                        _sbss = .
 *(.bss)
 *(.bss*)
 .bss.uwTick    0x20000034        0x4 ./Drivers/STM32WL3x_HAL_Driver/stm32wl3x_hal.o
                0x20000034                uwTick
 *(COMMON)
                0x20000038                        . = ALIGN (0x4)
                0x20000038                        _ebss = .

.data           0x20000038       0x20 load address 0x100419ac
                0x20000038                        . = ALIGN (0x4)
                0x20000038                        _sdata = .
 *(.data)
 *(.data*)
 .data.LED_PIN  0x20000038        0x6 ./Drivers/BSP/STM32WL3x-Nucleo/stm32wl3x_nucleo.o
 *fill*         0x2000003e        0x2 
 .data.LED_PORT
                0x20000040        0xc ./Drivers/BSP/STM32WL3x-Nucleo/stm32wl3x_nucleo.o
 .data.SystemCoreClock
                0x2000004c        0x4 ./Drivers/CMSIS/system_stm32wl3x.o
                0x2000004c                SystemCoreClock
 .data.uwTickPrio
                0x20000050        0x4 ./Drivers/STM32WL3x_HAL_Driver/stm32wl3x_hal.o
                0x20000050                uwTickPrio
 .data.uwTickFreq
                0x20000054        0x1 ./Drivers/STM32WL3x_HAL_Driver/stm32wl3x_hal.o
                0x20000054                uwTickFreq
                0x20000058                        . = ALIGN (0x4)
 *fill*         0x20000055        0x3 
                0x20000058                        _edata = .

.igot.plt       0x20000058        0x0 load address 0x100419cc
 .igot.plt      0x20000058        0x0 ./Application/Startup/startup_stm32wl33ccvx.o

.noinit         0x20000058        0x0 load address 0x100419cc
                0x20000058                        . = ALIGN (0x4)
 *(.noinit)
                0x20000058                        . = ALIGN (0x4)

.heap           0x20000058        0x0 load address 0x100419cc
                0x20000058                        . = ALIGN (0x4)
                0x20000058                        _sheap = .
                [!provide]                        PROVIDE (end = .)
                0x20000058                        PROVIDE (_end = .)
                0x20000058                        . = (. + _Min_Heap_Size)
                0x20000058                        . = ALIGN (0x4)
                0x20000058                        _eheap = .

CSTACK          0x20007400      0xc00
                0x20007400                        . = ALIGN (0x4)
                0x20008000                        . = (. + _Min_Stack_Size)
 *fill*         0x20007400      0xc00 
                0x20008000                        . = ALIGN (0x4)
                0x20008000                        _estack = .
                0x20008000                        . = ALIGN (0x4)

.rom_info       0x10000000        0x0
                0x10000000                        . = ALIGN (0x4)
 *(.rom_info)
                0x10000000                        . = ALIGN (0x4)

/DISCARD/
 libc.a(*)
 libm.a(*)
 libgcc.a(*)

.ARM.attributes
                0x00000000       0x28
 *(.ARM.attributes)
 .ARM.attributes
                0x00000000       0x1e C:/ST/STM32CubeIDE_1.19.0/STM32CubeIDE/plugins/com.st.stm32cube.ide.mcu.externaltools.gnu-tools-for-stm32.13.3.rel1.win32_1.0.0.202411081344/tools/bin/../lib/gcc/arm-none-eabi/13.3.1/thumb/v6-m/nofp/crti.o
 .ARM.attributes
                0x0000001e       0x22 ./Application/Startup/startup_stm32wl33ccvx.o
 .ARM.attributes
                0x00000040       0x2c ./Application/User/main.o
 .ARM.attributes
                0x0000006c       0x2c ./Application/User/stm32wl3x_hal_msp.o
 .ARM.attributes
                0x00000098       0x2c ./Application/User/stm32wl3x_it.o
 .ARM.attributes
                0x000000c4       0x2c ./Drivers/BSP/STM32WL3x-Nucleo/stm32wl3x_nucleo.o
 .ARM.attributes
                0x000000f0       0x2c ./Drivers/CMSIS/system_stm32wl3x.o
 .ARM.attributes
                0x0000011c       0x2c ./Drivers/STM32WL3x_HAL_Driver/stm32wl3x_hal.o
 .ARM.attributes
                0x00000148       0x2c ./Drivers/STM32WL3x_HAL_Driver/stm32wl3x_hal_cortex.o
 .ARM.attributes
                0x00000174       0x2c ./Drivers/STM32WL3x_HAL_Driver/stm32wl3x_hal_gpio.o
 .ARM.attributes
                0x000001a0       0x2c ./Drivers/STM32WL3x_HAL_Driver/stm32wl3x_hal_rcc.o
 .ARM.attributes
                0x000001cc       0x2c ./Drivers/STM32WL3x_HAL_Driver/stm32wl3x_hal_rcc_ex.o
 .ARM.attributes
                0x000001f8       0x2c C:/ST/STM32CubeIDE_1.19.0/STM32CubeIDE/plugins/com.st.stm32cube.ide.mcu.externaltools.gnu-tools-for-stm32.13.3.rel1.win32_1.0.0.202411081344/tools/bin/../lib/gcc/arm-none-eabi/13.3.1/../../../../arm-none-eabi/lib/thumb/v6-m/nofp\libc_nano.a(libc_a-memset.o)
 .ARM.attributes
                0x00000224       0x1e C:/ST/STM32CubeIDE_1.19.0/STM32CubeIDE/plugins/com.st.stm32cube.ide.mcu.externaltools.gnu-tools-for-stm32.13.3.rel1.win32_1.0.0.202411081344/tools/bin/../lib/gcc/arm-none-eabi/13.3.1/thumb/v6-m/nofp\libgcc.a(_udivsi3.o)
 .ARM.attributes
                0x00000242       0x1e C:/ST/STM32CubeIDE_1.19.0/STM32CubeIDE/plugins/com.st.stm32cube.ide.mcu.externaltools.gnu-tools-for-stm32.13.3.rel1.win32_1.0.0.202411081344/tools/bin/../lib/gcc/arm-none-eabi/13.3.1/thumb/v6-m/nofp\libgcc.a(_dvmd_tls.o)
OUTPUT(GPIO_EXTI.elf elf32-littlearm)
LOAD linker stubs
LOAD C:/ST/STM32CubeIDE_1.19.0/STM32CubeIDE/plugins/com.st.stm32cube.ide.mcu.externaltools.gnu-tools-for-stm32.13.3.rel1.win32_1.0.0.202411081344/tools/bin/../lib/gcc/arm-none-eabi/13.3.1/../../../../arm-none-eabi/lib/thumb/v6-m/nofp\libc.a
LOAD C:/ST/STM32CubeIDE_1.19.0/STM32CubeIDE/plugins/com.st.stm32cube.ide.mcu.externaltools.gnu-tools-for-stm32.13.3.rel1.win32_1.0.0.202411081344/tools/bin/../lib/gcc/arm-none-eabi/13.3.1/../../../../arm-none-eabi/lib/thumb/v6-m/nofp\libm.a
LOAD C:/ST/STM32CubeIDE_1.19.0/STM32CubeIDE/plugins/com.st.stm32cube.ide.mcu.externaltools.gnu-tools-for-stm32.13.3.rel1.win32_1.0.0.202411081344/tools/bin/../lib/gcc/arm-none-eabi/13.3.1/thumb/v6-m/nofp\libgcc.a

.debug_line     0x00000000     0x6eeb
 .debug_line    0x00000000       0x7c ./Application/Startup/startup_stm32wl33ccvx.o
 .debug_line    0x0000007c      0x946 ./Application/User/main.o
 .debug_line    0x000009c2      0x878 ./Application/User/stm32wl3x_hal_msp.o
 .debug_line    0x0000123a      0x8c8 ./Application/User/stm32wl3x_it.o
 .debug_line    0x00001b02      0xa7e ./Drivers/BSP/STM32WL3x-Nucleo/stm32wl3x_nucleo.o
 .debug_line    0x00002580      0x982 ./Drivers/CMSIS/system_stm32wl3x.o
 .debug_line    0x00002f02      0xbcf ./Drivers/STM32WL3x_HAL_Driver/stm32wl3x_hal.o
 .debug_line    0x00003ad1      0xba9 ./Drivers/STM32WL3x_HAL_Driver/stm32wl3x_hal_cortex.o
 .debug_line    0x0000467a      0xbee ./Drivers/STM32WL3x_HAL_Driver/stm32wl3x_hal_gpio.o
 .debug_line    0x00005268     0x1127 ./Drivers/STM32WL3x_HAL_Driver/stm32wl3x_hal_rcc.o
 .debug_line    0x0000638f      0xb5c ./Drivers/STM32WL3x_HAL_Driver/stm32wl3x_hal_rcc_ex.o

.debug_line_str
                0x00000000       0xa3
 .debug_line_str
                0x00000000       0xa3 ./Application/Startup/startup_stm32wl33ccvx.o

.debug_info     0x00000000     0x4c32
 .debug_info    0x00000000       0x30 ./Application/Startup/startup_stm32wl33ccvx.o
 .debug_info    0x00000030      0x7a0 ./Application/User/main.o
 .debug_info    0x000007d0      0x286 ./Application/User/stm32wl3x_hal_msp.o
 .debug_info    0x00000a56      0x1e3 ./Application/User/stm32wl3x_it.o
 .debug_info    0x00000c39      0xb94 ./Drivers/BSP/STM32WL3x-Nucleo/stm32wl3x_nucleo.o
 .debug_info    0x000017cd      0x93d ./Drivers/CMSIS/system_stm32wl3x.o
 .debug_info    0x0000210a      0x9d8 ./Drivers/STM32WL3x_HAL_Driver/stm32wl3x_hal.o
 .debug_info    0x00002ae2      0x82f ./Drivers/STM32WL3x_HAL_Driver/stm32wl3x_hal_cortex.o
 .debug_info    0x00003311      0x588 ./Drivers/STM32WL3x_HAL_Driver/stm32wl3x_hal_gpio.o
 .debug_info    0x00003899      0xc6c ./Drivers/STM32WL3x_HAL_Driver/stm32wl3x_hal_rcc.o
 .debug_info    0x00004505      0x72d ./Drivers/STM32WL3x_HAL_Driver/stm32wl3x_hal_rcc_ex.o

.debug_abbrev   0x00000000     0x153f
 .debug_abbrev  0x00000000       0x24 ./Application/Startup/startup_stm32wl33ccvx.o
 .debug_abbrev  0x00000024      0x222 ./Application/User/main.o
 .debug_abbrev  0x00000246       0xe9 ./Application/User/stm32wl3x_hal_msp.o
 .debug_abbrev  0x0000032f      0x104 ./Application/User/stm32wl3x_it.o
 .debug_abbrev  0x00000433      0x284 ./Drivers/BSP/STM32WL3x-Nucleo/stm32wl3x_nucleo.o
 .debug_abbrev  0x000006b7      0x26d ./Drivers/CMSIS/system_stm32wl3x.o
 .debug_abbrev  0x00000924      0x2a2 ./Drivers/STM32WL3x_HAL_Driver/stm32wl3x_hal.o
 .debug_abbrev  0x00000bc6      0x29a ./Drivers/STM32WL3x_HAL_Driver/stm32wl3x_hal_cortex.o
 .debug_abbrev  0x00000e60      0x1c1 ./Drivers/STM32WL3x_HAL_Driver/stm32wl3x_hal_gpio.o
 .debug_abbrev  0x00001021      0x2dd ./Drivers/STM32WL3x_HAL_Driver/stm32wl3x_hal_rcc.o
 .debug_abbrev  0x000012fe      0x241 ./Drivers/STM32WL3x_HAL_Driver/stm32wl3x_hal_rcc_ex.o

.debug_aranges  0x00000000      0x688
 .debug_aranges
                0x00000000       0x28 ./Application/Startup/startup_stm32wl33ccvx.o
 .debug_aranges
                0x00000028       0x58 ./Application/User/main.o
 .debug_aranges
                0x00000080       0x28 ./Application/User/stm32wl3x_hal_msp.o
 .debug_aranges
                0x000000a8       0x48 ./Application/User/stm32wl3x_it.o
 .debug_aranges
                0x000000f0       0xa8 ./Drivers/BSP/STM32WL3x-Nucleo/stm32wl3x_nucleo.o
 .debug_aranges
                0x00000198       0x40 ./Drivers/CMSIS/system_stm32wl3x.o
 .debug_aranges
                0x000001d8      0x148 ./Drivers/STM32WL3x_HAL_Driver/stm32wl3x_hal.o
 .debug_aranges
                0x00000320       0xd0 ./Drivers/STM32WL3x_HAL_Driver/stm32wl3x_hal_cortex.o
 .debug_aranges
                0x000003f0       0x60 ./Drivers/STM32WL3x_HAL_Driver/stm32wl3x_hal_gpio.o
 .debug_aranges
                0x00000450      0x170 ./Drivers/STM32WL3x_HAL_Driver/stm32wl3x_hal_rcc.o
 .debug_aranges
                0x000005c0       0xc8 ./Drivers/STM32WL3x_HAL_Driver/stm32wl3x_hal_rcc_ex.o

.debug_str      0x00000000    0xc2c51
 .debug_str     0x00000000    0xc2c51 ./Application/Startup/startup_stm32wl33ccvx.o
                                 0xbf (size before relaxing)
 .debug_str     0x000c2c51    0xc2181 ./Application/User/main.o
 .debug_str     0x000c2c51    0xc1c6b ./Application/User/stm32wl3x_hal_msp.o
 .debug_str     0x000c2c51    0xc1c29 ./Application/User/stm32wl3x_it.o
 .debug_str     0x000c2c51    0xc21f0 ./Drivers/BSP/STM32WL3x-Nucleo/stm32wl3x_nucleo.o
 .debug_str     0x000c2c51    0xc1ad2 ./Drivers/CMSIS/system_stm32wl3x.o
 .debug_str     0x000c2c51    0xc1cb6 ./Drivers/STM32WL3x_HAL_Driver/stm32wl3x_hal.o
 .debug_str     0x000c2c51    0xc1a46 ./Drivers/STM32WL3x_HAL_Driver/stm32wl3x_hal_cortex.o
 .debug_str     0x000c2c51    0xc1790 ./Drivers/STM32WL3x_HAL_Driver/stm32wl3x_hal_gpio.o
 .debug_str     0x000c2c51    0xc1f15 ./Drivers/STM32WL3x_HAL_Driver/stm32wl3x_hal_rcc.o
 .debug_str     0x000c2c51    0xc1b99 ./Drivers/STM32WL3x_HAL_Driver/stm32wl3x_hal_rcc_ex.o

.debug_rnglists
                0x00000000      0x4bf
 .debug_rnglists
                0x00000000       0x19 ./Application/Startup/startup_stm32wl33ccvx.o
 .debug_rnglists
                0x00000019       0x3d ./Application/User/main.o
 .debug_rnglists
                0x00000056       0x19 ./Application/User/stm32wl3x_hal_msp.o
 .debug_rnglists
                0x0000006f       0x31 ./Application/User/stm32wl3x_it.o
 .debug_rnglists
                0x000000a0       0x7b ./Drivers/BSP/STM32WL3x-Nucleo/stm32wl3x_nucleo.o
 .debug_rnglists
                0x0000011b       0x2e ./Drivers/CMSIS/system_stm32wl3x.o
 .debug_rnglists
                0x00000149       0xf2 ./Drivers/STM32WL3x_HAL_Driver/stm32wl3x_hal.o
 .debug_rnglists
                0x0000023b       0x99 ./Drivers/STM32WL3x_HAL_Driver/stm32wl3x_hal_cortex.o
 .debug_rnglists
                0x000002d4       0x45 ./Drivers/STM32WL3x_HAL_Driver/stm32wl3x_hal_gpio.o
 .debug_rnglists
                0x00000319      0x113 ./Drivers/STM32WL3x_HAL_Driver/stm32wl3x_hal_rcc.o
 .debug_rnglists
                0x0000042c       0x93 ./Drivers/STM32WL3x_HAL_Driver/stm32wl3x_hal_rcc_ex.o

.debug_macro    0x00000000    0x1b06d
 .debug_macro   0x00000000      0x1ec ./Application/User/main.o
 .debug_macro   0x000001ec      0xaae ./Application/User/main.o
 .debug_macro   0x00000c9a       0xca ./Application/User/main.o
 .debug_macro   0x00000d64       0x2e ./Application/User/main.o
 .debug_macro   0x00000d92       0x4c ./Application/User/main.o
 .debug_macro   0x00000dde       0x22 ./Application/User/main.o
 .debug_macro   0x00000e00       0x8e ./Application/User/main.o
 .debug_macro   0x00000e8e       0x51 ./Application/User/main.o
 .debug_macro   0x00000edf      0x103 ./Application/User/main.o
 .debug_macro   0x00000fe2       0x6a ./Application/User/main.o
 .debug_macro   0x0000104c      0x1df ./Application/User/main.o
 .debug_macro   0x0000122b       0x1c ./Application/User/main.o
 .debug_macro   0x00001247       0x22 ./Application/User/main.o
 .debug_macro   0x00001269       0xd1 ./Application/User/main.o
 .debug_macro   0x0000133a      0x4da ./Application/User/main.o
 .debug_macro   0x00001814      0x11f ./Application/User/main.o
 .debug_macro   0x00001933       0x94 ./Application/User/main.o
 .debug_macro   0x000019c7    0x123db ./Application/User/main.o
 .debug_macro   0x00013da2       0xd6 ./Application/User/main.o
 .debug_macro   0x00013e78     0x3439 ./Application/User/main.o
 .debug_macro   0x000172b1      0x190 ./Application/User/main.o
 .debug_macro   0x00017441       0x5a ./Application/User/main.o
 .debug_macro   0x0001749b       0xf0 ./Application/User/main.o
 .debug_macro   0x0001758b      0x2c5 ./Application/User/main.o
 .debug_macro   0x00017850      0x2f8 ./Application/User/main.o
 .debug_macro   0x00017b48      0x1f8 ./Application/User/main.o
 .debug_macro   0x00017d40      0x1f9 ./Application/User/main.o
 .debug_macro   0x00017f39       0x89 ./Application/User/main.o
 .debug_macro   0x00017fc2      0x224 ./Application/User/main.o
 .debug_macro   0x000181e6       0xcb ./Application/User/main.o
 .debug_macro   0x000182b1      0x3e1 ./Application/User/main.o
 .debug_macro   0x00018692      0x306 ./Application/User/main.o
 .debug_macro   0x00018998      0x11f ./Application/User/main.o
 .debug_macro   0x00018ab7      0x29b ./Application/User/main.o
 .debug_macro   0x00018d52       0xe1 ./Application/User/main.o
 .debug_macro   0x00018e33      0xb04 ./Application/User/main.o
 .debug_macro   0x00019937      0x135 ./Application/User/main.o
 .debug_macro   0x00019a6c      0x271 ./Application/User/main.o
 .debug_macro   0x00019cdd       0xef ./Application/User/main.o
 .debug_macro   0x00019dcc       0x2e ./Application/User/main.o
 .debug_macro   0x00019dfa       0x52 ./Application/User/main.o
 .debug_macro   0x00019e4c       0xd6 ./Application/User/main.o
 .debug_macro   0x00019f22      0x1ec ./Application/User/stm32wl3x_hal_msp.o
 .debug_macro   0x0001a10e      0x1f6 ./Application/User/stm32wl3x_it.o
 .debug_macro   0x0001a304      0x1e8 ./Drivers/BSP/STM32WL3x-Nucleo/stm32wl3x_nucleo.o
 .debug_macro   0x0001a4ec       0x28 ./Drivers/BSP/STM32WL3x-Nucleo/stm32wl3x_nucleo.o
 .debug_macro   0x0001a514      0x1df ./Drivers/CMSIS/system_stm32wl3x.o
 .debug_macro   0x0001a6f3      0x1c1 ./Drivers/STM32WL3x_HAL_Driver/stm32wl3x_hal.o
 .debug_macro   0x0001a8b4      0x1c1 ./Drivers/STM32WL3x_HAL_Driver/stm32wl3x_hal_cortex.o
 .debug_macro   0x0001aa75      0x1c8 ./Drivers/STM32WL3x_HAL_Driver/stm32wl3x_hal_gpio.o
 .debug_macro   0x0001ac3d      0x227 ./Drivers/STM32WL3x_HAL_Driver/stm32wl3x_hal_rcc.o
 .debug_macro   0x0001ae64      0x209 ./Drivers/STM32WL3x_HAL_Driver/stm32wl3x_hal_rcc_ex.o

.comment        0x00000000       0x43
 .comment       0x00000000       0x43 ./Application/User/main.o
                                 0x44 (size before relaxing)
 .comment       0x00000043       0x44 ./Application/User/stm32wl3x_hal_msp.o
 .comment       0x00000043       0x44 ./Application/User/stm32wl3x_it.o
 .comment       0x00000043       0x44 ./Drivers/BSP/STM32WL3x-Nucleo/stm32wl3x_nucleo.o
 .comment       0x00000043       0x44 ./Drivers/CMSIS/system_stm32wl3x.o
 .comment       0x00000043       0x44 ./Drivers/STM32WL3x_HAL_Driver/stm32wl3x_hal.o
 .comment       0x00000043       0x44 ./Drivers/STM32WL3x_HAL_Driver/stm32wl3x_hal_cortex.o
 .comment       0x00000043       0x44 ./Drivers/STM32WL3x_HAL_Driver/stm32wl3x_hal_gpio.o
 .comment       0x00000043       0x44 ./Drivers/STM32WL3x_HAL_Driver/stm32wl3x_hal_rcc.o
 .comment       0x00000043       0x44 ./Drivers/STM32WL3x_HAL_Driver/stm32wl3x_hal_rcc_ex.o

.debug_frame    0x00000000     0x1554
 .debug_frame   0x00000000      0x104 ./Application/User/main.o
 .debug_frame   0x00000104       0x4c ./Application/User/stm32wl3x_hal_msp.o
 .debug_frame   0x00000150       0xb8 ./Application/User/stm32wl3x_it.o
 .debug_frame   0x00000208      0x240 ./Drivers/BSP/STM32WL3x-Nucleo/stm32wl3x_nucleo.o
 .debug_frame   0x00000448       0xa8 ./Drivers/CMSIS/system_stm32wl3x.o
 .debug_frame   0x000004f0      0x468 ./Drivers/STM32WL3x_HAL_Driver/stm32wl3x_hal.o
 .debug_frame   0x00000958      0x2dc ./Drivers/STM32WL3x_HAL_Driver/stm32wl3x_hal_cortex.o
 .debug_frame   0x00000c34      0x130 ./Drivers/STM32WL3x_HAL_Driver/stm32wl3x_hal_gpio.o
 .debug_frame   0x00000d64      0x508 ./Drivers/STM32WL3x_HAL_Driver/stm32wl3x_hal_rcc.o
 .debug_frame   0x0000126c      0x2a8 ./Drivers/STM32WL3x_HAL_Driver/stm32wl3x_hal_rcc_ex.o
 .debug_frame   0x00001514       0x20 C:/ST/STM32CubeIDE_1.19.0/STM32CubeIDE/plugins/com.st.stm32cube.ide.mcu.externaltools.gnu-tools-for-stm32.13.3.rel1.win32_1.0.0.202411081344/tools/bin/../lib/gcc/arm-none-eabi/13.3.1/../../../../arm-none-eabi/lib/thumb/v6-m/nofp\libc_nano.a(libc_a-memset.o)
 .debug_frame   0x00001534       0x20 C:/ST/STM32CubeIDE_1.19.0/STM32CubeIDE/plugins/com.st.stm32cube.ide.mcu.externaltools.gnu-tools-for-stm32.13.3.rel1.win32_1.0.0.202411081344/tools/bin/../lib/gcc/arm-none-eabi/13.3.1/thumb/v6-m/nofp\libgcc.a(_udivsi3.o)
