../Drivers/STM32WL3x_HAL_Driver/Src/stm32wl3x_hal_uart.c:309:19:HAL_UART_Init	16	static
../Drivers/STM32WL3x_HAL_Driver/Src/stm32wl3x_hal_uart.c:384:19:HAL_HalfDuplex_Init	16	static
../Drivers/STM32WL3x_HAL_Driver/Src/stm32wl3x_hal_uart.c:459:19:HAL_LIN_Init	16	static
../Drivers/STM32WL3x_HAL_Driver/Src/stm32wl3x_hal_uart.c:558:19:HAL_MultiProcessor_Init	24	static
../Drivers/STM32WL3x_HAL_Driver/Src/stm32wl3x_hal_uart.c:634:19:HAL_UART_DeInit	16	static
../Drivers/STM32WL3x_HAL_Driver/Src/stm32wl3x_hal_uart.c:681:13:HAL_UART_MspInit	16	static
../Drivers/STM32WL3x_HAL_Driver/Src/stm32wl3x_hal_uart.c:696:13:HAL_UART_MspDeInit	16	static
../Drivers/STM32WL3x_HAL_Driver/Src/stm32wl3x_hal_uart.c:1128:19:HAL_UART_Transmit	48	static
../Drivers/STM32WL3x_HAL_Driver/Src/stm32wl3x_hal_uart.c:1242:19:HAL_UART_Receive	48	static
../Drivers/STM32WL3x_HAL_Driver/Src/stm32wl3x_hal_uart.c:1350:19:HAL_UART_Transmit_IT	56	static,ignoring_inline_asm
../Drivers/STM32WL3x_HAL_Driver/Src/stm32wl3x_hal_uart.c:1434:19:HAL_UART_Receive_IT	40	static,ignoring_inline_asm
../Drivers/STM32WL3x_HAL_Driver/Src/stm32wl3x_hal_uart.c:1492:19:HAL_UART_Transmit_DMA	40	static,ignoring_inline_asm
../Drivers/STM32WL3x_HAL_Driver/Src/stm32wl3x_hal_uart.c:1578:19:HAL_UART_Receive_DMA	40	static,ignoring_inline_asm
../Drivers/STM32WL3x_HAL_Driver/Src/stm32wl3x_hal_uart.c:1625:19:HAL_UART_DMAPause	88	static,ignoring_inline_asm
../Drivers/STM32WL3x_HAL_Driver/Src/stm32wl3x_hal_uart.c:1655:19:HAL_UART_DMAResume	80	static,ignoring_inline_asm
../Drivers/STM32WL3x_HAL_Driver/Src/stm32wl3x_hal_uart.c:1686:19:HAL_UART_DMAStop	56	static,ignoring_inline_asm
../Drivers/STM32WL3x_HAL_Driver/Src/stm32wl3x_hal_uart.c:1762:19:HAL_UART_Abort	96	static,ignoring_inline_asm
../Drivers/STM32WL3x_HAL_Driver/Src/stm32wl3x_hal_uart.c:1863:19:HAL_UART_AbortTransmit	64	static,ignoring_inline_asm
../Drivers/STM32WL3x_HAL_Driver/Src/stm32wl3x_hal_uart.c:1921:19:HAL_UART_AbortReceive	80	static,ignoring_inline_asm
../Drivers/STM32WL3x_HAL_Driver/Src/stm32wl3x_hal_uart.c:1988:19:HAL_UART_Abort_IT	104	static,ignoring_inline_asm
../Drivers/STM32WL3x_HAL_Driver/Src/stm32wl3x_hal_uart.c:2139:19:HAL_UART_AbortTransmit_IT	64	static,ignoring_inline_asm
../Drivers/STM32WL3x_HAL_Driver/Src/stm32wl3x_hal_uart.c:2227:19:HAL_UART_AbortReceive_IT	80	static,ignoring_inline_asm
../Drivers/STM32WL3x_HAL_Driver/Src/stm32wl3x_hal_uart.c:2316:6:HAL_UART_IRQHandler	184	static,ignoring_inline_asm
../Drivers/STM32WL3x_HAL_Driver/Src/stm32wl3x_hal_uart.c:2674:13:HAL_UART_TxCpltCallback	16	static
../Drivers/STM32WL3x_HAL_Driver/Src/stm32wl3x_hal_uart.c:2689:13:HAL_UART_TxHalfCpltCallback	16	static
../Drivers/STM32WL3x_HAL_Driver/Src/stm32wl3x_hal_uart.c:2704:13:HAL_UART_RxCpltCallback	16	static
../Drivers/STM32WL3x_HAL_Driver/Src/stm32wl3x_hal_uart.c:2719:13:HAL_UART_RxHalfCpltCallback	16	static
../Drivers/STM32WL3x_HAL_Driver/Src/stm32wl3x_hal_uart.c:2734:13:HAL_UART_ErrorCallback	16	static
../Drivers/STM32WL3x_HAL_Driver/Src/stm32wl3x_hal_uart.c:2749:13:HAL_UART_AbortCpltCallback	16	static
../Drivers/STM32WL3x_HAL_Driver/Src/stm32wl3x_hal_uart.c:2764:13:HAL_UART_AbortTransmitCpltCallback	16	static
../Drivers/STM32WL3x_HAL_Driver/Src/stm32wl3x_hal_uart.c:2779:13:HAL_UART_AbortReceiveCpltCallback	16	static
../Drivers/STM32WL3x_HAL_Driver/Src/stm32wl3x_hal_uart.c:2796:13:HAL_UARTEx_RxEventCallback	16	static
../Drivers/STM32WL3x_HAL_Driver/Src/stm32wl3x_hal_uart.c:2844:6:HAL_UART_ReceiverTimeout_Config	16	static
../Drivers/STM32WL3x_HAL_Driver/Src/stm32wl3x_hal_uart.c:2859:19:HAL_UART_EnableReceiverTimeout	16	static
../Drivers/STM32WL3x_HAL_Driver/Src/stm32wl3x_hal_uart.c:2897:19:HAL_UART_DisableReceiverTimeout	16	static
../Drivers/STM32WL3x_HAL_Driver/Src/stm32wl3x_hal_uart.c:2935:19:HAL_MultiProcessor_EnableMuteMode	32	static,ignoring_inline_asm
../Drivers/STM32WL3x_HAL_Driver/Src/stm32wl3x_hal_uart.c:2955:19:HAL_MultiProcessor_DisableMuteMode	32	static,ignoring_inline_asm
../Drivers/STM32WL3x_HAL_Driver/Src/stm32wl3x_hal_uart.c:2975:6:HAL_MultiProcessor_EnterMuteMode	16	static
../Drivers/STM32WL3x_HAL_Driver/Src/stm32wl3x_hal_uart.c:2985:19:HAL_HalfDuplex_EnableTransmitter	48	static,ignoring_inline_asm
../Drivers/STM32WL3x_HAL_Driver/Src/stm32wl3x_hal_uart.c:3008:19:HAL_HalfDuplex_EnableReceiver	48	static,ignoring_inline_asm
../Drivers/STM32WL3x_HAL_Driver/Src/stm32wl3x_hal_uart.c:3032:19:HAL_LIN_SendBreak	16	static
../Drivers/STM32WL3x_HAL_Driver/Src/stm32wl3x_hal_uart.c:3077:23:HAL_UART_GetState	24	static
../Drivers/STM32WL3x_HAL_Driver/Src/stm32wl3x_hal_uart.c:3093:10:HAL_UART_GetError	16	static
../Drivers/STM32WL3x_HAL_Driver/Src/stm32wl3x_hal_uart.c:3139:19:UART_SetConfig	80	static
../Drivers/STM32WL3x_HAL_Driver/Src/stm32wl3x_hal_uart.c:3293:6:UART_AdvFeatureConfig	16	static
../Drivers/STM32WL3x_HAL_Driver/Src/stm32wl3x_hal_uart.c:3369:19:UART_CheckIdleState	80	static,ignoring_inline_asm
../Drivers/STM32WL3x_HAL_Driver/Src/stm32wl3x_hal_uart.c:3438:19:UART_WaitOnFlagUntilTimeout	24	static
../Drivers/STM32WL3x_HAL_Driver/Src/stm32wl3x_hal_uart.c:3506:19:UART_Start_Receive_IT	104	static,ignoring_inline_asm
../Drivers/STM32WL3x_HAL_Driver/Src/stm32wl3x_hal_uart.c:3579:19:UART_Start_Receive_DMA	72	static,ignoring_inline_asm
../Drivers/STM32WL3x_HAL_Driver/Src/stm32wl3x_hal_uart.c:3636:13:UART_EndTxTransfer	48	static,ignoring_inline_asm
../Drivers/STM32WL3x_HAL_Driver/Src/stm32wl3x_hal_uart.c:3653:13:UART_EndRxTransfer	64	static,ignoring_inline_asm
../Drivers/STM32WL3x_HAL_Driver/Src/stm32wl3x_hal_uart.c:3680:13:UART_DMATransmitCplt	56	static,ignoring_inline_asm
../Drivers/STM32WL3x_HAL_Driver/Src/stm32wl3x_hal_uart.c:3712:13:UART_DMATxHalfCplt	24	static
../Drivers/STM32WL3x_HAL_Driver/Src/stm32wl3x_hal_uart.c:3730:13:UART_DMAReceiveCplt	88	static,ignoring_inline_asm
../Drivers/STM32WL3x_HAL_Driver/Src/stm32wl3x_hal_uart.c:3799:13:UART_DMARxHalfCplt	24	static
../Drivers/STM32WL3x_HAL_Driver/Src/stm32wl3x_hal_uart.c:3847:13:UART_DMAError	32	static
../Drivers/STM32WL3x_HAL_Driver/Src/stm32wl3x_hal_uart.c:3885:13:UART_DMAAbortOnError	24	static
../Drivers/STM32WL3x_HAL_Driver/Src/stm32wl3x_hal_uart.c:3906:13:UART_DMATxAbortCallback	24	static
../Drivers/STM32WL3x_HAL_Driver/Src/stm32wl3x_hal_uart.c:3957:13:UART_DMARxAbortCallback	24	static
../Drivers/STM32WL3x_HAL_Driver/Src/stm32wl3x_hal_uart.c:4005:13:UART_DMATxOnlyAbortCallback	24	static
../Drivers/STM32WL3x_HAL_Driver/Src/stm32wl3x_hal_uart.c:4036:13:UART_DMARxOnlyAbortCallback	24	static
../Drivers/STM32WL3x_HAL_Driver/Src/stm32wl3x_hal_uart.c:4068:13:UART_TxISR_8BIT	48	static,ignoring_inline_asm
../Drivers/STM32WL3x_HAL_Driver/Src/stm32wl3x_hal_uart.c:4097:13:UART_TxISR_16BIT	56	static,ignoring_inline_asm
../Drivers/STM32WL3x_HAL_Driver/Src/stm32wl3x_hal_uart.c:4129:13:UART_TxISR_8BIT_FIFOEN	56	static,ignoring_inline_asm
../Drivers/STM32WL3x_HAL_Driver/Src/stm32wl3x_hal_uart.c:4169:13:UART_TxISR_16BIT_FIFOEN	56	static,ignoring_inline_asm
../Drivers/STM32WL3x_HAL_Driver/Src/stm32wl3x_hal_uart.c:4210:13:UART_EndTransmit_IT	32	static,ignoring_inline_asm
../Drivers/STM32WL3x_HAL_Driver/Src/stm32wl3x_hal_uart.c:4235:13:UART_RxISR_8BIT	88	static,ignoring_inline_asm
../Drivers/STM32WL3x_HAL_Driver/Src/stm32wl3x_hal_uart.c:4326:13:UART_RxISR_16BIT	88	static,ignoring_inline_asm
../Drivers/STM32WL3x_HAL_Driver/Src/stm32wl3x_hal_uart.c:4419:13:UART_RxISR_8BIT_FIFOEN	136	static,ignoring_inline_asm
../Drivers/STM32WL3x_HAL_Driver/Src/stm32wl3x_hal_uart.c:4582:13:UART_RxISR_16BIT_FIFOEN	144	static,ignoring_inline_asm
