../Drivers/STM32WL3x_HAL_Driver/Inc/stm32wl3x_ll_rcc.h:738:26:LL_RCC_DIRECT_HSE_IsEnabled	8	static
../Drivers/STM32WL3x_HAL_Driver/Inc/stm32wl3x_ll_rcc.h:821:22:LL_RCC_LSCO_SetSource	16	static
../Drivers/STM32WL3x_HAL_Driver/Inc/stm32wl3x_ll_rcc.h:834:26:LL_RCC_LSCO_GetSource	8	static
../Drivers/STM32WL3x_HAL_Driver/Inc/stm32wl3x_ll_rcc.h:1168:22:LL_RCC_SetSMPSPrescaler	16	static
../Drivers/STM32WL3x_HAL_Driver/Inc/stm32wl3x_ll_rcc.h:1180:26:LL_RCC_GetSMPSPrescaler	8	static
../Drivers/STM32WL3x_HAL_Driver/Inc/stm32wl3x_ll_rcc.h:1219:26:LL_RCC_KRM_IsEnabled	8	static
../Drivers/STM32WL3x_HAL_Driver/Inc/stm32wl3x_ll_rcc.h:1231:22:LL_RCC_KRM_SetRateMultiplier	16	static
../Drivers/STM32WL3x_HAL_Driver/Inc/stm32wl3x_ll_rcc.h:1242:26:LL_RCC_KRM_GetRateMultiplier	8	static
../Drivers/STM32WL3x_HAL_Driver/Inc/stm32wl3x_ll_rcc.h:1265:22:LL_RCC_SetLPUARTClockSource	16	static
../Drivers/STM32WL3x_HAL_Driver/Inc/stm32wl3x_ll_rcc.h:1277:26:LL_RCC_GetLPUARTClockSource	8	static
../Drivers/STM32WL3x_HAL_Driver/Inc/stm32wl3x_ll_rcc.h:1327:22:LL_RCC_ConfigLSCO	16	static
../Drivers/STM32WL3x_HAL_Driver/Inc/stm32wl3x_ll_rcc.h:1338:22:LL_RCC_LSCOinDeepStop_Enable	8	static
../Drivers/STM32WL3x_HAL_Driver/Inc/stm32wl3x_ll_rcc.h:1348:22:LL_RCC_LSCOinDeepStop_Disable	8	static
../Drivers/STM32WL3x_HAL_Driver/Inc/stm32wl3x_ll_rcc.h:1420:22:LL_RCC_SetSPI3I2SClockSource	16	static
../Drivers/STM32WL3x_HAL_Driver/Inc/stm32wl3x_ll_rcc.h:1433:26:LL_RCC_GetSPI3I2SClockSource	8	static
../Drivers/STM32WL3x_HAL_Driver/Inc/stm32wl3x_ll_bus.h:220:22:LL_AHB1_GRP1_EnableClock	24	static
../Drivers/STM32WL3x_HAL_Driver/Src/stm32wl3x_hal_rcc_ex.c:105:19:HAL_RCCEx_PeriphCLKConfig	16	static
../Drivers/STM32WL3x_HAL_Driver/Src/stm32wl3x_hal_rcc_ex.c:152:6:HAL_RCCEx_GetPeriphCLKConfig	16	static
../Drivers/STM32WL3x_HAL_Driver/Src/stm32wl3x_hal_rcc_ex.c:189:10:HAL_RCCEx_GetPeriphCLKFreq	32	static
../Drivers/STM32WL3x_HAL_Driver/Src/stm32wl3x_hal_rcc_ex.c:312:6:HAL_RCCEx_LSCOConfig	48	static
../Drivers/STM32WL3x_HAL_Driver/Src/stm32wl3x_hal_rcc_ex.c:372:6:HAL_RCCEx_EnableLSCOinDEEPSTOP	40	static
../Drivers/STM32WL3x_HAL_Driver/Src/stm32wl3x_hal_rcc_ex.c:402:6:HAL_RCCEx_DisableLSCO	8	static
