Archive member included to satisfy reference by file (symbol)

C:/ST/STM32CubeIDE_1.19.0/STM32CubeIDE/plugins/com.st.stm32cube.ide.mcu.externaltools.gnu-tools-for-stm32.13.3.rel1.win32_1.0.0.202411081344/tools/bin/../lib/gcc/arm-none-eabi/13.3.1/../../../../arm-none-eabi/lib/thumb/v6-m/nofp\libc_nano.a(libc_a-exit.o)
                              C:/ST/STM32CubeIDE_1.19.0/STM32CubeIDE/plugins/com.st.stm32cube.ide.mcu.externaltools.gnu-tools-for-stm32.13.3.rel1.win32_1.0.0.202411081344/tools/bin/../lib/gcc/arm-none-eabi/13.3.1/../../../../arm-none-eabi/lib/thumb/v6-m/nofp/crt0.o (exit)
C:/ST/STM32CubeIDE_1.19.0/STM32CubeIDE/plugins/com.st.stm32cube.ide.mcu.externaltools.gnu-tools-for-stm32.13.3.rel1.win32_1.0.0.202411081344/tools/bin/../lib/gcc/arm-none-eabi/13.3.1/../../../../arm-none-eabi/lib/thumb/v6-m/nofp\libc_nano.a(libc_a-findfp.o)
                              C:/ST/STM32CubeIDE_1.19.0/STM32CubeIDE/plugins/com.st.stm32cube.ide.mcu.externaltools.gnu-tools-for-stm32.13.3.rel1.win32_1.0.0.202411081344/tools/bin/../lib/gcc/arm-none-eabi/13.3.1/../../../../arm-none-eabi/lib/thumb/v6-m/nofp\libc_nano.a(libc_a-exit.o) (__stdio_exit_handler)
C:/ST/STM32CubeIDE_1.19.0/STM32CubeIDE/plugins/com.st.stm32cube.ide.mcu.externaltools.gnu-tools-for-stm32.13.3.rel1.win32_1.0.0.202411081344/tools/bin/../lib/gcc/arm-none-eabi/13.3.1/../../../../arm-none-eabi/lib/thumb/v6-m/nofp\libc_nano.a(libc_a-fwalk.o)
                              C:/ST/STM32CubeIDE_1.19.0/STM32CubeIDE/plugins/com.st.stm32cube.ide.mcu.externaltools.gnu-tools-for-stm32.13.3.rel1.win32_1.0.0.202411081344/tools/bin/../lib/gcc/arm-none-eabi/13.3.1/../../../../arm-none-eabi/lib/thumb/v6-m/nofp\libc_nano.a(libc_a-findfp.o) (_fwalk_sglue)
C:/ST/STM32CubeIDE_1.19.0/STM32CubeIDE/plugins/com.st.stm32cube.ide.mcu.externaltools.gnu-tools-for-stm32.13.3.rel1.win32_1.0.0.202411081344/tools/bin/../lib/gcc/arm-none-eabi/13.3.1/../../../../arm-none-eabi/lib/thumb/v6-m/nofp\libc_nano.a(libc_a-printf.o)
                              ./Application/User/main.o (printf)
C:/ST/STM32CubeIDE_1.19.0/STM32CubeIDE/plugins/com.st.stm32cube.ide.mcu.externaltools.gnu-tools-for-stm32.13.3.rel1.win32_1.0.0.202411081344/tools/bin/../lib/gcc/arm-none-eabi/13.3.1/../../../../arm-none-eabi/lib/thumb/v6-m/nofp\libc_nano.a(libc_a-puts.o)
                              ./Application/User/main.o (puts)
C:/ST/STM32CubeIDE_1.19.0/STM32CubeIDE/plugins/com.st.stm32cube.ide.mcu.externaltools.gnu-tools-for-stm32.13.3.rel1.win32_1.0.0.202411081344/tools/bin/../lib/gcc/arm-none-eabi/13.3.1/../../../../arm-none-eabi/lib/thumb/v6-m/nofp\libc_nano.a(libc_a-stdio.o)
                              C:/ST/STM32CubeIDE_1.19.0/STM32CubeIDE/plugins/com.st.stm32cube.ide.mcu.externaltools.gnu-tools-for-stm32.13.3.rel1.win32_1.0.0.202411081344/tools/bin/../lib/gcc/arm-none-eabi/13.3.1/../../../../arm-none-eabi/lib/thumb/v6-m/nofp\libc_nano.a(libc_a-findfp.o) (__sread)
C:/ST/STM32CubeIDE_1.19.0/STM32CubeIDE/plugins/com.st.stm32cube.ide.mcu.externaltools.gnu-tools-for-stm32.13.3.rel1.win32_1.0.0.202411081344/tools/bin/../lib/gcc/arm-none-eabi/13.3.1/../../../../arm-none-eabi/lib/thumb/v6-m/nofp\libc_nano.a(libc_a-wbuf.o)
                              C:/ST/STM32CubeIDE_1.19.0/STM32CubeIDE/plugins/com.st.stm32cube.ide.mcu.externaltools.gnu-tools-for-stm32.13.3.rel1.win32_1.0.0.202411081344/tools/bin/../lib/gcc/arm-none-eabi/13.3.1/../../../../arm-none-eabi/lib/thumb/v6-m/nofp\libc_nano.a(libc_a-puts.o) (__swbuf_r)
C:/ST/STM32CubeIDE_1.19.0/STM32CubeIDE/plugins/com.st.stm32cube.ide.mcu.externaltools.gnu-tools-for-stm32.13.3.rel1.win32_1.0.0.202411081344/tools/bin/../lib/gcc/arm-none-eabi/13.3.1/../../../../arm-none-eabi/lib/thumb/v6-m/nofp\libc_nano.a(libc_a-wsetup.o)
                              C:/ST/STM32CubeIDE_1.19.0/STM32CubeIDE/plugins/com.st.stm32cube.ide.mcu.externaltools.gnu-tools-for-stm32.13.3.rel1.win32_1.0.0.202411081344/tools/bin/../lib/gcc/arm-none-eabi/13.3.1/../../../../arm-none-eabi/lib/thumb/v6-m/nofp\libc_nano.a(libc_a-puts.o) (__swsetup_r)
C:/ST/STM32CubeIDE_1.19.0/STM32CubeIDE/plugins/com.st.stm32cube.ide.mcu.externaltools.gnu-tools-for-stm32.13.3.rel1.win32_1.0.0.202411081344/tools/bin/../lib/gcc/arm-none-eabi/13.3.1/../../../../arm-none-eabi/lib/thumb/v6-m/nofp\libc_nano.a(libc_a-memset.o)
                              C:/ST/STM32CubeIDE_1.19.0/STM32CubeIDE/plugins/com.st.stm32cube.ide.mcu.externaltools.gnu-tools-for-stm32.13.3.rel1.win32_1.0.0.202411081344/tools/bin/../lib/gcc/arm-none-eabi/13.3.1/../../../../arm-none-eabi/lib/thumb/v6-m/nofp/crt0.o (memset)
C:/ST/STM32CubeIDE_1.19.0/STM32CubeIDE/plugins/com.st.stm32cube.ide.mcu.externaltools.gnu-tools-for-stm32.13.3.rel1.win32_1.0.0.202411081344/tools/bin/../lib/gcc/arm-none-eabi/13.3.1/../../../../arm-none-eabi/lib/thumb/v6-m/nofp\libc_nano.a(libc_a-closer.o)
[...]
Memory Configuration

Name             Origin             Length             Attributes
REGION_RAM       0x20000000         0x00008000         xrw
REGION_FLASH_BOOTLOADER 0x10040000         0x00000000         xr
REGION_FLASH     0x10040000         0x00040000         xr
REGION_ROM       0x10000000         0x00001800         xr
*default*        0x00000000         0xffffffff

Linker script and memory map

LOAD C:/ST/STM32CubeIDE_1.19.0/STM32CubeIDE/plugins/com.st.stm32cube.ide.mcu.externaltools.gnu-tools-for-stm32.13.3.rel1.win32_1.0.0.202411081344/tools/bin/../lib/gcc/arm-none-eabi/13.3.1/thumb/v6-m/nofp/crti.o
LOAD C:/ST/STM32CubeIDE_1.19.0/STM32CubeIDE/plugins/com.st.stm32cube.ide.mcu.externaltools.gnu-tools-for-stm32.13.3.rel1.win32_1.0.0.202411081344/tools/bin/../lib/gcc/arm-none-eabi/13.3.1/thumb/v6-m/nofp/crtbegin.o
LOAD C:/ST/STM32CubeIDE_1.19.0/STM32CubeIDE/plugins/com.st.stm32cube.ide.mcu.externaltools.gnu-tools-for-stm32.13.3.rel1.win32_1.0.0.202411081344/tools/bin/../lib/gcc/arm-none-eabi/13.3.1/../../../../arm-none-eabi/lib/thumb/v6-m/nofp/crt0.o
LOAD ./Application/Startup/startup_stm32wl33ccvx.o
LOAD ./Application/User/main.o
LOAD ./Application/User/stm32wl3x_hal_msp.o
LOAD ./Application/User/stm32wl3x_it.o
LOAD ./Application/User/syscalls.o
LOAD ./Application/User/sysmem.o
LOAD ./Drivers/BSP/STM32WL3x-Nucleo/stm32wl3x_nucleo.o
LOAD ./Drivers/CMSIS/system_stm32wl3x.o
LOAD ./Drivers/STM32WL3x_HAL_Driver/stm32wl3x_hal.o
LOAD ./Drivers/STM32WL3x_HAL_Driver/stm32wl3x_hal_cortex.o
LOAD ./Drivers/STM32WL3x_HAL_Driver/stm32wl3x_hal_dma.o
LOAD ./Drivers/STM32WL3x_HAL_Driver/stm32wl3x_hal_flash.o
LOAD ./Drivers/STM32WL3x_HAL_Driver/stm32wl3x_hal_flash_ex.o
LOAD ./Drivers/STM32WL3x_HAL_Driver/stm32wl3x_hal_gpio.o
LOAD ./Drivers/STM32WL3x_HAL_Driver/stm32wl3x_hal_mrsubg.o
LOAD ./Drivers/STM32WL3x_HAL_Driver/stm32wl3x_hal_pwr.o
LOAD ./Drivers/STM32WL3x_HAL_Driver/stm32wl3x_hal_pwr_ex.o
LOAD ./Drivers/STM32WL3x_HAL_Driver/stm32wl3x_hal_rcc.o
LOAD ./Drivers/STM32WL3x_HAL_Driver/stm32wl3x_hal_rcc_ex.o
LOAD ./Drivers/STM32WL3x_HAL_Driver/stm32wl3x_hal_tim.o
LOAD ./Drivers/STM32WL3x_HAL_Driver/stm32wl3x_hal_tim_ex.o
LOAD ./Drivers/STM32WL3x_HAL_Driver/stm32wl3x_hal_uart.o
LOAD ./Drivers/STM32WL3x_HAL_Driver/stm32wl3x_hal_uart_ex.o
LOAD ./Drivers/STM32WL3x_HAL_Driver/stm32wl3x_ll_utils.o
START GROUP
LOAD C:/ST/STM32CubeIDE_1.19.0/STM32CubeIDE/plugins/com.st.stm32cube.ide.mcu.externaltools.gnu-tools-for-stm32.13.3.rel1.win32_1.0.0.202411081344/tools/bin/../lib/gcc/arm-none-eabi/13.3.1/../../../../arm-none-eabi/lib/thumb/v6-m/nofp\libc_nano.a
LOAD C:/ST/STM32CubeIDE_1.19.0/STM32CubeIDE/plugins/com.st.stm32cube.ide.mcu.externaltools.gnu-tools-for-stm32.13.3.rel1.win32_1.0.0.202411081344/tools/bin/../lib/gcc/arm-none-eabi/13.3.1/../../../../arm-none-eabi/lib/thumb/v6-m/nofp\libm.a
END GROUP
START GROUP
LOAD C:/ST/STM32CubeIDE_1.19.0/STM32CubeIDE/plugins/com.st.stm32cube.ide.mcu.externaltools.gnu-tools-for-stm32.13.3.rel1.win32_1.0.0.202411081344/tools/bin/../lib/gcc/arm-none-eabi/13.3.1/thumb/v6-m/nofp\libgcc.a
LOAD C:/ST/STM32CubeIDE_1.19.0/STM32CubeIDE/plugins/com.st.stm32cube.ide.mcu.externaltools.gnu-tools-for-stm32.13.3.rel1.win32_1.0.0.202411081344/tools/bin/../lib/gcc/arm-none-eabi/13.3.1/../../../../arm-none-eabi/lib/thumb/v6-m/nofp\libc_nano.a
END GROUP
START GROUP
LOAD C:/ST/STM32CubeIDE_1.19.0/STM32CubeIDE/plugins/com.st.stm32cube.ide.mcu.externaltools.gnu-tools-for-stm32.13.3.rel1.win32_1.0.0.202411081344/tools/bin/../lib/gcc/arm-none-eabi/13.3.1/thumb/v6-m/nofp\libgcc.a
LOAD C:/ST/STM32CubeIDE_1.19.0/STM32CubeIDE/plugins/com.st.stm32cube.ide.mcu.externaltools.gnu-tools-for-stm32.13.3.rel1.win32_1.0.0.202411081344/tools/bin/../lib/gcc/arm-none-eabi/13.3.1/../../../../arm-none-eabi/lib/thumb/v6-m/nofp\libc_nano.a
LOAD C:/ST/STM32CubeIDE_1.19.0/STM32CubeIDE/plugins/com.st.stm32cube.ide.mcu.externaltools.gnu-tools-for-stm32.13.3.rel1.win32_1.0.0.202411081344/tools/bin/../lib/gcc/arm-none-eabi/13.3.1/../../../../arm-none-eabi/lib/thumb/v6-m/nofp\libnosys.a
END GROUP
START GROUP
LOAD C:/ST/STM32CubeIDE_1.19.0/STM32CubeIDE/plugins/com.st.stm32cube.ide.mcu.externaltools.gnu-tools-for-stm32.13.3.rel1.win32_1.0.0.202411081344/tools/bin/../lib/gcc/arm-none-eabi/13.3.1/thumb/v6-m/nofp\libgcc.a
LOAD C:/ST/STM32CubeIDE_1.19.0/STM32CubeIDE/plugins/com.st.stm32cube.ide.mcu.externaltools.gnu-tools-for-stm32.13.3.rel1.win32_1.0.0.202411081344/tools/bin/../lib/gcc/arm-none-eabi/13.3.1/../../../../arm-none-eabi/lib/thumb/v6-m/nofp\libc_nano.a
LOAD C:/ST/STM32CubeIDE_1.19.0/STM32CubeIDE/plugins/com.st.stm32cube.ide.mcu.externaltools.gnu-tools-for-stm32.13.3.rel1.win32_1.0.0.202411081344/tools/bin/../lib/gcc/arm-none-eabi/13.3.1/../../../../arm-none-eabi/lib/thumb/v6-m/nofp\libnosys.a
END GROUP
LOAD C:/ST/STM32CubeIDE_1.19.0/STM32CubeIDE/plugins/com.st.stm32cube.ide.mcu.externaltools.gnu-tools-for-stm32.13.3.rel1.win32_1.0.0.202411081344/tools/bin/../lib/gcc/arm-none-eabi/13.3.1/thumb/v6-m/nofp/crtend.o
LOAD C:/ST/STM32CubeIDE_1.19.0/STM32CubeIDE/plugins/com.st.stm32cube.ide.mcu.externaltools.gnu-tools-for-stm32.13.3.rel1.win32_1.0.0.202411081344/tools/bin/../lib/gcc/arm-none-eabi/13.3.1/thumb/v6-m/nofp/crtn.o
                0x20000000                        _MEMORY_RAM_BEGIN_ = 0x20000000
                0x00008000                        _MEMORY_RAM_SIZE_ = 0x8000
                0x20007fff                        _MEMORY_RAM_END_ = 0x20007fff
                0x10040000                        _MEMORY_FLASH_BEGIN_ = 0x10040000
                0x00040000                        _MEMORY_FLASH_SIZE_ = 0x40000
                0x1007ffff                        _MEMORY_FLASH_END_ = 0x1007ffff
                0x10000000                        _MEMORY_ROM_BEGIN_ = 0x10000000
                0x00001800                        _MEMORY_ROM_SIZE_ = 0x1800
                0x100017ff                        _MEMORY_ROM_END_ = 0x100017ff
                0x00000000                        MEMORY_FLASH_APP_OFFSET = DEFINED (MEMORY_FLASH_APP_OFFSET)?MEMORY_FLASH_APP_OFFSET:0x0
                0x00040000                        MEMORY_FLASH_APP_SIZE = DEFINED (MEMORY_FLASH_APP_SIZE)?MEMORY_FLASH_APP_SIZE:(_MEMORY_FLASH_SIZE_ - MEMORY_FLASH_APP_OFFSET)
                0x00000800                        RESET_MANAGER_SIZE = DEFINED (RESET_MANAGER_SIZE)?RESET_MANAGER_SIZE:0x800
                0x00000000                        _Min_Heap_Size = 0x0
                0x00000c00                        _Min_Stack_Size = 0xc00

.intvec         0x10040000       0xc0
                0x10040000                        . = ALIGN (0x4)
 *(.intvec)
 .intvec        0x10040000       0xc0 ./Application/Startup/startup_stm32wl33ccvx.o
                0x10040000                __vector_table
                0x100400c0                        . = ALIGN (0x4)

.text           0x100400c0     0x5424
                0x100400c0                        . = ALIGN (0x4)
 *(.cmd_call_table)
 *(.text)
 .text          0x100400c0       0x14 C:/ST/STM32CubeIDE_1.19.0/STM32CubeIDE/plugins/com.st.stm32cube.ide.mcu.externaltools.gnu-tools-for-stm32.13.3.rel1.win32_1.0.0.202411081344/tools/bin/../lib/gcc/arm-none-eabi/13.3.1/thumb/v6-m/nofp\libgcc.a(_thumb1_case_shi.o)
                0x100400c0                __gnu_thumb1_case_shi
 .text          0x100400d4      0x114 C:/ST/STM32CubeIDE_1.19.0/STM32CubeIDE/plugins/com.st.stm32cube.ide.mcu.externaltools.gnu-tools-for-stm32.13.3.rel1.win32_1.0.0.202411081344/tools/bin/../lib/gcc/arm-none-eabi/13.3.1/thumb/v6-m/nofp\libgcc.a(_udivsi3.o)
                0x100400d4                __aeabi_uidiv
                0x100400d4                __udivsi3
                0x100401e0                __aeabi_uidivmod
 .text          0x100401e8      0x1d4 C:/ST/STM32CubeIDE_1.19.0/STM32CubeIDE/plugins/com.st.stm32cube.ide.mcu.externaltools.gnu-tools-for-stm32.13.3.rel1.win32_1.0.0.202411081344/tools/bin/../lib/gcc/arm-none-eabi/13.3.1/thumb/v6-m/nofp\libgcc.a(_divsi3.o)
                0x100401e8                __divsi3
                0x100401e8                __aeabi_idiv
                0x100403b4                __aeabi_idivmod
 .text          0x100403bc        0x4 C:/ST/STM32CubeIDE_1.19.0/STM32CubeIDE/plugins/com.st.stm32cube.ide.mcu.externaltools.gnu-tools-for-stm32.13.3.rel1.win32_1.0.0.202411081344/tools/bin/../lib/gcc/arm-none-eabi/13.3.1/thumb/v6-m/nofp\libgcc.a(_dvmd_tls.o)
                0x100403bc                __aeabi_idiv0
                0x100403bc                __aeabi_ldiv0
 .text          0x100403c0       0x40 C:/ST/STM32CubeIDE_1.19.0/STM32CubeIDE/plugins/com.st.stm32cube.ide.mcu.externaltools.gnu-tools-for-stm32.13.3.rel1.win32_1.0.0.202411081344/tools/bin/../lib/gcc/arm-none-eabi/13.3.1/thumb/v6-m/nofp\libgcc.a(_aeabi_uldivmod.o)
                0x100403c0                __aeabi_uldivmod
 .text          0x10040400       0x5c C:/ST/STM32CubeIDE_1.19.0/STM32CubeIDE/plugins/com.st.stm32cube.ide.mcu.externaltools.gnu-tools-for-stm32.13.3.rel1.win32_1.0.0.202411081344/tools/bin/../lib/gcc/arm-none-eabi/13.3.1/thumb/v6-m/nofp\libgcc.a(_muldi3.o)
                0x10040400                __muldi3
                0x10040400                __aeabi_lmul
 .text          0x1004045c      0x198 C:/ST/STM32CubeIDE_1.19.0/STM32CubeIDE/plugins/com.st.stm32cube.ide.mcu.externaltools.gnu-tools-for-stm32.13.3.rel1.win32_1.0.0.202411081344/tools/bin/../lib/gcc/arm-none-eabi/13.3.1/thumb/v6-m/nofp\libgcc.a(_udivmoddi4.o)
                0x1004045c                __udivmoddi4
 .text          0x100405f4       0x18 C:/ST/STM32CubeIDE_1.19.0/STM32CubeIDE/plugins/com.st.stm32cube.ide.mcu.externaltools.gnu-tools-for-stm32.13.3.rel1.win32_1.0.0.202411081344/tools/bin/../lib/gcc/arm-none-eabi/13.3.1/thumb/v6-m/nofp\libgcc.a(_clzdi2.o)
                0x100405f4                __clzdi2
 .text          0x1004060c       0x3c C:/ST/STM32CubeIDE_1.19.0/STM32CubeIDE/plugins/com.st.stm32cube.ide.mcu.externaltools.gnu-tools-for-stm32.13.3.rel1.win32_1.0.0.202411081344/tools/bin/../lib/gcc/arm-none-eabi/13.3.1/thumb/v6-m/nofp\libgcc.a(_clzsi2.o)
                0x1004060c                __clzsi2
 *(.text*)
 .text.Reset_Handler
                0x10040648       0x4c ./Application/Startup/startup_stm32wl33ccvx.o
                0x10040648                Reset_Handler
 .text.Default_Handler
                0x10040694        0x2 ./Application/Startup/startup_stm32wl33ccvx.o
                0x10040694                GPIOB_IRQHandler
                0x10040694                GPIOA_IRQHandler
                0x10040694                PVD_IRQHandler
                0x10040694                I2C1_IRQHandler
                0x10040694                MRSUBG_TIMER_CPU_WKUP_IRQHandler
                0x10040694                SPI1_IRQHandler
                0x10040694                I2C2_IRQHandler
                0x10040694                RTC_IRQHandler
                0x10040694                LCD_IRQHandler
                0x10040694                TIM16_IRQHandler
                0x10040694                RCC_IRQHandler
                0x10040694                Default_Handler
                0x10040694                MRSUBG_WKUP_IRQHandler
                0x10040694                ADC_IRQHandler
                0x10040694                LCSC_IRQHandler
                0x10040694                MRSUBG_TX_RX_SEQUENCE_IRQHandler
                0x10040694                LPUART1_IRQHandler
                0x10040694                TIM2_IRQHandler
                0x10040694                DAC_IRQHandler
                0x10040694                AES_IRQHandler
                0x10040694                LCSC_LC_ACTIVITY_IRQHandler
                0x10040694                MRSUBG_BUSY_IRQHandler
                0x10040694                MRSUBG_IRQHandler
                0x10040694                DMA_IRQHandler
                0x10040694                FLASH_IRQHandler
                0x10040694                USART1_IRQHandler
                0x10040694                SPI3_IRQHandler
                0x10040694                COMP1_IRQHandler
                0x10040694                LPAWUR_IRQHandler
 *fill*         0x10040696        0x2 
 .text.LL_AHB1_GRP1_EnableClock
                0x10040698       0x2c ./Application/User/main.o
 .text.LL_MRSubG_StrobeCommand
                0x100406c4       0x30 ./Application/User/main.o
 .text.LL_MRSubG_SetRXMode
                0x100406f4       0x34 ./Application/User/main.o
 .text.main     0x10040728      0x134 ./Application/User/main.o
                0x10040728                main
 .text.SystemClock_Config
                0x1004085c       0x6e ./Application/User/main.o
                0x1004085c                SystemClock_Config
 .text.PeriphCommonClock_Config
                0x100408ca       0x40 ./Application/User/main.o
                0x100408ca                PeriphCommonClock_Config
 *fill*         0x1004090a        0x2 
 .text.MX_MRSUBG_Init
                0x1004090c       0xac ./Application/User/main.o
 .text.MX_GPIO_Init
                0x100409b8       0x16 ./Application/User/main.o
 .text.Error_Handler
                0x100409ce        0x8 ./Application/User/main.o
                0x100409ce                Error_Handler
 *fill*         0x100409d6        0x2 
 .text.LL_APB0_GRP1_EnableClock
                0x100409d8       0x2c ./Application/User/stm32wl3x_hal_msp.o
 .text.LL_APB2_GRP1_EnableClock
                0x10040a04       0x2c ./Application/User/stm32wl3x_hal_msp.o
 .text.LL_APB2_GRP1_IsEnabledClock
                0x10040a30       0x28 ./Application/User/stm32wl3x_hal_msp.o
 .text.LL_APB2_GRP1_ForceReset
                0x10040a58       0x20 ./Application/User/stm32wl3x_hal_msp.o
 .text.LL_APB2_GRP1_ReleaseReset
                0x10040a78       0x24 ./Application/User/stm32wl3x_hal_msp.o
 .text.HAL_MspInit
                0x10040a9c       0x14 ./Application/User/stm32wl3x_hal_msp.o
                0x10040a9c                HAL_MspInit
 .text.HAL_MRSubG_MspInit
                0x10040ab0       0x56 ./Application/User/stm32wl3x_hal_msp.o
                0x10040ab0                HAL_MRSubG_MspInit
 .text.NMI_Handler
                0x10040b06        0xa ./Application/User/stm32wl3x_it.o
                0x10040b06                NMI_Handler
 .text.HardFault_Handler
                0x10040b10        0x8 ./Application/User/stm32wl3x_it.o
                0x10040b10                HardFault_Handler
 .text.SVC_Handler
                0x10040b18        0xa ./Application/User/stm32wl3x_it.o
                0x10040b18                SVC_Handler
 .text.PendSV_Handler
                0x10040b22        0xa ./Application/User/stm32wl3x_it.o
                0x10040b22                PendSV_Handler
 .text.SysTick_Handler
                0x10040b2c        0xe ./Application/User/stm32wl3x_it.o
                0x10040b2c                SysTick_Handler
 .text._read    0x10040b3a       0x3a ./Application/User/syscalls.o
                0x10040b3a                _read
 .text._write   0x10040b74       0x38 ./Application/User/syscalls.o
                0x10040b74                _write
 .text._close   0x10040bac       0x14 ./Application/User/syscalls.o
                0x10040bac                _close
 .text._fstat   0x10040bc0       0x1c ./Application/User/syscalls.o
                0x10040bc0                _fstat
 .text._isatty  0x10040bdc       0x12 ./Application/User/syscalls.o
                0x10040bdc                _isatty
 .text._lseek   0x10040bee       0x16 ./Application/User/syscalls.o
                0x10040bee                _lseek
 .text._sbrk    0x10040c04       0x6c ./Application/User/sysmem.o
                0x10040c04                _sbrk
 .text.LL_PWR_IsEnabledPUPDCfg
                0x10040c70       0x20 ./Drivers/BSP/STM32WL3x-Nucleo/stm32wl3x_nucleo.o
 .text.LL_PWR_EnableGPIOPullUp
                0x10040c90       0x30 ./Drivers/BSP/STM32WL3x-Nucleo/stm32wl3x_nucleo.o
 .text.LL_AHB1_GRP1_EnableClock
                0x10040cc0       0x2c ./Drivers/BSP/STM32WL3x-Nucleo/stm32wl3x_nucleo.o
 .text.LL_APB1_GRP1_EnableClock
                0x10040cec       0x2c ./Drivers/BSP/STM32WL3x-Nucleo/stm32wl3x_nucleo.o
 .text.BSP_LED_Init
                0x10040d18       0xec ./Drivers/BSP/STM32WL3x-Nucleo/stm32wl3x_nucleo.o
                0x10040d18                BSP_LED_Init
 .text.BSP_LED_On
                0x10040e04       0x3c ./Drivers/BSP/STM32WL3x-Nucleo/stm32wl3x_nucleo.o
                0x10040e04                BSP_LED_On
 .text.BSP_LED_Off
                0x10040e40       0x3c ./Drivers/BSP/STM32WL3x-Nucleo/stm32wl3x_nucleo.o
                0x10040e40                BSP_LED_Off
 .text.BSP_COM_Init
                0x10040e7c       0x80 ./Drivers/BSP/STM32WL3x-Nucleo/stm32wl3x_nucleo.o
                0x10040e7c                BSP_COM_Init
 .text.__io_putchar
                0x10040efc       0x34 ./Drivers/BSP/STM32WL3x-Nucleo/stm32wl3x_nucleo.o
                0x10040efc                __io_putchar
 .text.MX_USART1_Init
                0x10040f30       0x64 ./Drivers/BSP/STM32WL3x-Nucleo/stm32wl3x_nucleo.o
                0x10040f30                MX_USART1_Init
 .text.UART_MspInit
                0x10040f94       0x8c ./Drivers/BSP/STM32WL3x-Nucleo/stm32wl3x_nucleo.o
 .text.__NVIC_SetPriority
                0x10041020       0xdc ./Drivers/CMSIS/system_stm32wl3x.o
 .text.__NVIC_SystemReset
                0x100410fc       0x24 ./Drivers/CMSIS/system_stm32wl3x.o
 .text.SystemInit
                0x10041120      0x1b0 ./Drivers/CMSIS/system_stm32wl3x.o
                0x10041120                SystemInit
 .text.SystemCoreClockUpdate
                0x100412d0       0x94 ./Drivers/CMSIS/system_stm32wl3x.o
                0x100412d0                SystemCoreClockUpdate
 .text.CPUcontextRestore
                0x10041364        0xa ./Drivers/CMSIS/system_stm32wl3x.o
                0x10041364                CPUcontextRestore
 .text.HAL_Init
                0x1004136e       0x2e ./Drivers/STM32WL3x_HAL_Driver/stm32wl3x_hal.o
                0x1004136e                HAL_Init
 .text.HAL_InitTick
                0x1004139c       0x90 ./Drivers/STM32WL3x_HAL_Driver/stm32wl3x_hal.o
                0x1004139c                HAL_InitTick
 .text.HAL_IncTick
                0x1004142c       0x24 ./Drivers/STM32WL3x_HAL_Driver/stm32wl3x_hal.o
                0x1004142c                HAL_IncTick
 .text.HAL_GetTick
                0x10041450       0x14 ./Drivers/STM32WL3x_HAL_Driver/stm32wl3x_hal.o
                0x10041450                HAL_GetTick
 .text.HAL_GetTickPrio
                0x10041464       0x14 ./Drivers/STM32WL3x_HAL_Driver/stm32wl3x_hal.o
                0x10041464                HAL_GetTickPrio
 .text.HAL_Delay
                0x10041478       0x48 ./Drivers/STM32WL3x_HAL_Driver/stm32wl3x_hal.o
                0x10041478                HAL_Delay
 .text.__NVIC_SetPriority
                0x100414c0       0xdc ./Drivers/STM32WL3x_HAL_Driver/stm32wl3x_hal_cortex.o
 .text.SysTick_Config
                0x1004159c       0x48 ./Drivers/STM32WL3x_HAL_Driver/stm32wl3x_hal_cortex.o
 .text.HAL_NVIC_SetPriority
                0x100415e4       0x2a ./Drivers/STM32WL3x_HAL_Driver/stm32wl3x_hal_cortex.o
                0x100415e4                HAL_NVIC_SetPriority
 .text.HAL_SYSTICK_Config
                0x1004160e       0x1a ./Drivers/STM32WL3x_HAL_Driver/stm32wl3x_hal_cortex.o
                0x1004160e                HAL_SYSTICK_Config
 .text.HAL_GPIO_Init
                0x10041628      0x36a ./Drivers/STM32WL3x_HAL_Driver/stm32wl3x_hal_gpio.o
                0x10041628                HAL_GPIO_Init
 .text.HAL_GPIO_WritePin
                0x10041992       0x3a ./Drivers/STM32WL3x_HAL_Driver/stm32wl3x_hal_gpio.o
                0x10041992                HAL_GPIO_WritePin
 .text.LL_MRSubG_SetPAMode
                0x100419cc       0x38 ./Drivers/STM32WL3x_HAL_Driver/stm32wl3x_hal_mrsubg.o
 .text.LL_MRSubG_SetPADriveMode
                0x10041a04       0x38 ./Drivers/STM32WL3x_HAL_Driver/stm32wl3x_hal_mrsubg.o
 .text.LL_MRSubG_SetPADegen
                0x10041a3c       0x46 ./Drivers/STM32WL3x_HAL_Driver/stm32wl3x_hal_mrsubg.o
 *fill*         0x10041a82        0x2 
 .text.LL_MRSubG_SetPreambleLength
                0x10041a84       0x3c ./Drivers/STM32WL3x_HAL_Driver/stm32wl3x_hal_mrsubg.o
 .text.LL_MRSubG_SetPreambleSeq
                0x10041ac0       0x38 ./Drivers/STM32WL3x_HAL_Driver/stm32wl3x_hal_mrsubg.o
 .text.LL_MRSubG_SetPostambleLength
                0x10041af8       0x38 ./Drivers/STM32WL3x_HAL_Driver/stm32wl3x_hal_mrsubg.o
 .text.LL_MRSubG_SetPostamblSeq
                0x10041b30       0x2c ./Drivers/STM32WL3x_HAL_Driver/stm32wl3x_hal_mrsubg.o
 .text.LL_MRSubG_SetSyncPresent
                0x10041b5c       0x38 ./Drivers/STM32WL3x_HAL_Driver/stm32wl3x_hal_mrsubg.o
 .text.LL_MRSubG_SetSecondarySync
                0x10041b94       0x34 ./Drivers/STM32WL3x_HAL_Driver/stm32wl3x_hal_mrsubg.o
 .text.LL_MRSubG_SetSyncLength
                0x10041bc8       0x38 ./Drivers/STM32WL3x_HAL_Driver/stm32wl3x_hal_mrsubg.o
 .text.LL_MRSubG_SetSyncWord
                0x10041c00       0x1c ./Drivers/STM32WL3x_HAL_Driver/stm32wl3x_hal_mrsubg.o
 .text.LL_MRSubG_PacketHandlerWhitening
                0x10041c1c       0x40 ./Drivers/STM32WL3x_HAL_Driver/stm32wl3x_hal_mrsubg.o
 .text.LL_MRSubG_PacketHandlerSetWhiteningInit
                0x10041c5c       0x3c ./Drivers/STM32WL3x_HAL_Driver/stm32wl3x_hal_mrsubg.o
 .text.LL_MRSubG_PacketHandlerCoding
                0x10041c98       0x38 ./Drivers/STM32WL3x_HAL_Driver/stm32wl3x_hal_mrsubg.o
 .text.LL_MRSubG_PacketHandlerSetCrcMode
                0x10041cd0       0x30 ./Drivers/STM32WL3x_HAL_Driver/stm32wl3x_hal_mrsubg.o
 .text.LL_MRSUBG_SetPacketLength
                0x10041d00       0x2c ./Drivers/STM32WL3x_HAL_Driver/stm32wl3x_hal_mrsubg.o
 .text.LL_MRSUBG_SetFixedVariableLength
                0x10041d2c       0x38 ./Drivers/STM32WL3x_HAL_Driver/stm32wl3x_hal_mrsubg.o
 .text.LL_MRSubG_SetLenWidth
                0x10041d64       0x38 ./Drivers/STM32WL3x_HAL_Driver/stm32wl3x_hal_mrsubg.o
 .text.MRSubG_ComputeSynthWord
                0x10041d9c       0xb0 ./Drivers/STM32WL3x_HAL_Driver/stm32wl3x_hal_mrsubg.o
 .text.MRSubG_ComputeDatarate
                0x10041e4c       0xfc ./Drivers/STM32WL3x_HAL_Driver/stm32wl3x_hal_mrsubg.o
 .text.MRSubG_SearchDatarateME
                0x10041f48      0x214 ./Drivers/STM32WL3x_HAL_Driver/stm32wl3x_hal_mrsubg.o
 .text.MRSubG_ComputeFreqDeviation
                0x1004215c       0xf2 ./Drivers/STM32WL3x_HAL_Driver/stm32wl3x_hal_mrsubg.o
 .text.MRSubG_SearchFreqDevME
                0x1004224e      0x222 ./Drivers/STM32WL3x_HAL_Driver/stm32wl3x_hal_mrsubg.o
 .text.MRSubG_SearchChannelBwME
                0x10042470      0x260 ./Drivers/STM32WL3x_HAL_Driver/stm32wl3x_hal_mrsubg.o
 .text.MRSubG_GetAllowedMaxOutputPower
                0x100426d0       0x54 ./Drivers/STM32WL3x_HAL_Driver/stm32wl3x_hal_mrsubg.o
 .text.MRSUBG_EvaluateDSSS
                0x10042724       0xc8 ./Drivers/STM32WL3x_HAL_Driver/stm32wl3x_hal_mrsubg.o
 .text.HAL_MRSubG_Init
                0x100427ec      0x128 ./Drivers/STM32WL3x_HAL_Driver/stm32wl3x_hal_mrsubg.o
                0x100427ec                HAL_MRSubG_Init
 .text.HAL_MRSubG_SetFrequencyBase
                0x10042914       0x90 ./Drivers/STM32WL3x_HAL_Driver/stm32wl3x_hal_mrsubg.o
                0x10042914                HAL_MRSubG_SetFrequencyBase
 .text.HAL_MRSubG_SetDatarate
                0x100429a4       0x58 ./Drivers/STM32WL3x_HAL_Driver/stm32wl3x_hal_mrsubg.o
                0x100429a4                HAL_MRSubG_SetDatarate
 .text.HAL_MRSubG_SetFrequencyDev
                0x100429fc       0x74 ./Drivers/STM32WL3x_HAL_Driver/stm32wl3x_hal_mrsubg.o
                0x100429fc                HAL_MRSubG_SetFrequencyDev
 .text.HAL_MRSubG_SetChannelBW
                0x10042a70      0x120 ./Drivers/STM32WL3x_HAL_Driver/stm32wl3x_hal_mrsubg.o
                0x10042a70                HAL_MRSubG_SetChannelBW
 .text.HAL_MRSubG_SetModulation
                0x10042b90      0x10c ./Drivers/STM32WL3x_HAL_Driver/stm32wl3x_hal_mrsubg.o
                0x10042b90                HAL_MRSubG_SetModulation
 .text.HAL_MRSubG_SetPALeveldBm
                0x10042c9c      0x170 ./Drivers/STM32WL3x_HAL_Driver/stm32wl3x_hal_mrsubg.o
                0x10042c9c                HAL_MRSubG_SetPALeveldBm
 .text.HAL_MRSubG_PktBasicSetPayloadLength
                0x10042e0c       0x34 ./Drivers/STM32WL3x_HAL_Driver/stm32wl3x_hal_mrsubg.o
                0x10042e0c                HAL_MRSubG_PktBasicSetPayloadLength
 .text.HAL_MRSubG_PacketBasicInit
                0x10042e40       0xb8 ./Drivers/STM32WL3x_HAL_Driver/stm32wl3x_hal_mrsubg.o
                0x10042e40                HAL_MRSubG_PacketBasicInit
 .text.LL_PWR_SetNoPullB
                0x10042ef8       0x30 ./Drivers/STM32WL3x_HAL_Driver/stm32wl3x_hal_rcc.o
 .text.LL_RCC_HSE_Enable
                0x10042f28       0x1c ./Drivers/STM32WL3x_HAL_Driver/stm32wl3x_hal_rcc.o
 .text.LL_RCC_HSE_Disable
                0x10042f44       0x20 ./Drivers/STM32WL3x_HAL_Driver/stm32wl3x_hal_rcc.o
 .text.LL_RCC_HSE_IsReady
                0x10042f64       0x28 ./Drivers/STM32WL3x_HAL_Driver/stm32wl3x_hal_rcc.o
 .text.LL_RCC_HSE_SetCapacitorTuning
                0x10042f8c       0x40 ./Drivers/STM32WL3x_HAL_Driver/stm32wl3x_hal_rcc.o
 .text.LL_RCC_HSE_SetCurrentControl
                0x10042fcc       0x30 ./Drivers/STM32WL3x_HAL_Driver/stm32wl3x_hal_rcc.o
 .text.LL_RCC_HSE_SetStartupCurrent
                0x10042ffc       0x34 ./Drivers/STM32WL3x_HAL_Driver/stm32wl3x_hal_rcc.o
 .text.LL_RCC_HSE_SetAmplitudeThreshold
                0x10043030       0x34 ./Drivers/STM32WL3x_HAL_Driver/stm32wl3x_hal_rcc.o
 .text.LL_RCC_HSI_Enable
                0x10043064       0x28 ./Drivers/STM32WL3x_HAL_Driver/stm32wl3x_hal_rcc.o
 .text.LL_RCC_HSI_Disable
                0x1004308c       0x28 ./Drivers/STM32WL3x_HAL_Driver/stm32wl3x_hal_rcc.o
 .text.LL_RCC_HSI_IsReady
                0x100430b4       0x28 ./Drivers/STM32WL3x_HAL_Driver/stm32wl3x_hal_rcc.o
 .text.LL_RCC_DIRECT_HSE_Enable
                0x100430dc       0x4c ./Drivers/STM32WL3x_HAL_Driver/stm32wl3x_hal_rcc.o
 .text.LL_RCC_LSCO_SetSource
                0x10043128       0x2c ./Drivers/STM32WL3x_HAL_Driver/stm32wl3x_hal_rcc.o
 .text.LL_RCC_LSE_Enable
                0x10043154       0x1c ./Drivers/STM32WL3x_HAL_Driver/stm32wl3x_hal_rcc.o
 .text.LL_RCC_LSE_Disable
                0x10043170       0x1c ./Drivers/STM32WL3x_HAL_Driver/stm32wl3x_hal_rcc.o
 .text.LL_RCC_LSE_IsReady
                0x1004318c       0x20 ./Drivers/STM32WL3x_HAL_Driver/stm32wl3x_hal_rcc.o
 .text.LL_RCC_LSE_EnableBypass
                0x100431ac       0x1c ./Drivers/STM32WL3x_HAL_Driver/stm32wl3x_hal_rcc.o
 .text.LL_RCC_LSE_DisableBypass
                0x100431c8       0x1c ./Drivers/STM32WL3x_HAL_Driver/stm32wl3x_hal_rcc.o
 .text.LL_RCC_LSE_IsBypassEnabled
                0x100431e4       0x20 ./Drivers/STM32WL3x_HAL_Driver/stm32wl3x_hal_rcc.o
 .text.LL_RCC_LSE_SetDriveCapability
                0x10043204       0x28 ./Drivers/STM32WL3x_HAL_Driver/stm32wl3x_hal_rcc.o
 .text.LL_RCC_LSI_Enable
                0x1004322c       0x1c ./Drivers/STM32WL3x_HAL_Driver/stm32wl3x_hal_rcc.o
 .text.LL_RCC_LSI_Disable
                0x10043248       0x1c ./Drivers/STM32WL3x_HAL_Driver/stm32wl3x_hal_rcc.o
 .text.LL_RCC_LSI_IsReady
                0x10043264       0x20 ./Drivers/STM32WL3x_HAL_Driver/stm32wl3x_hal_rcc.o
 .text.LL_RCC_RC64MPLL_Enable
                0x10043284       0x1c ./Drivers/STM32WL3x_HAL_Driver/stm32wl3x_hal_rcc.o
 .text.LL_RCC_RC64MPLL_Disable
                0x100432a0       0x20 ./Drivers/STM32WL3x_HAL_Driver/stm32wl3x_hal_rcc.o
 .text.LL_RCC_RC64MPLL_IsReady
                0x100432c0       0x28 ./Drivers/STM32WL3x_HAL_Driver/stm32wl3x_hal_rcc.o
 .text.LL_RCC_SetRC64MPLLPrescaler
                0x100432e8       0x28 ./Drivers/STM32WL3x_HAL_Driver/stm32wl3x_hal_rcc.o
 .text.HAL_RCC_OscConfig
                0x10043310      0x2ac ./Drivers/STM32WL3x_HAL_Driver/stm32wl3x_hal_rcc.o
                0x10043310                HAL_RCC_OscConfig
 .text.HAL_RCC_ClockConfig
                0x100435bc      0x144 ./Drivers/STM32WL3x_HAL_Driver/stm32wl3x_hal_rcc.o
                0x100435bc                HAL_RCC_ClockConfig
 .text.HAL_RCC_GetSysClockFreq
                0x10043700       0x14 ./Drivers/STM32WL3x_HAL_Driver/stm32wl3x_hal_rcc.o
                0x10043700                HAL_RCC_GetSysClockFreq
 .text.LL_RCC_DIRECT_HSE_IsEnabled
                0x10043714       0x20 ./Drivers/STM32WL3x_HAL_Driver/stm32wl3x_hal_rcc_ex.o
 .text.LL_RCC_LSCO_SetSource
                0x10043734       0x2c ./Drivers/STM32WL3x_HAL_Driver/stm32wl3x_hal_rcc_ex.o
 .text.LL_RCC_SetSMPSPrescaler
                0x10043760       0x2c ./Drivers/STM32WL3x_HAL_Driver/stm32wl3x_hal_rcc_ex.o
 .text.LL_RCC_GetSMPSPrescaler
                0x1004378c       0x18 ./Drivers/STM32WL3x_HAL_Driver/stm32wl3x_hal_rcc_ex.o
 .text.LL_RCC_KRM_IsEnabled
                0x100437a4       0x20 ./Drivers/STM32WL3x_HAL_Driver/stm32wl3x_hal_rcc_ex.o
 .text.LL_RCC_KRM_SetRateMultiplier
                0x100437c4       0x2c ./Drivers/STM32WL3x_HAL_Driver/stm32wl3x_hal_rcc_ex.o
 .text.LL_RCC_KRM_GetRateMultiplier
                0x100437f0       0x18 ./Drivers/STM32WL3x_HAL_Driver/stm32wl3x_hal_rcc_ex.o
 .text.LL_RCC_SetLPUARTClockSource
                0x10043808       0x2c ./Drivers/STM32WL3x_HAL_Driver/stm32wl3x_hal_rcc_ex.o
 .text.LL_RCC_GetLPUARTClockSource
                0x10043834       0x18 ./Drivers/STM32WL3x_HAL_Driver/stm32wl3x_hal_rcc_ex.o
 .text.LL_RCC_SetSPI3I2SClockSource
                0x1004384c       0x2c ./Drivers/STM32WL3x_HAL_Driver/stm32wl3x_hal_rcc_ex.o
 .text.LL_RCC_GetSPI3I2SClockSource
                0x10043878       0x18 ./Drivers/STM32WL3x_HAL_Driver/stm32wl3x_hal_rcc_ex.o
 .text.HAL_RCCEx_PeriphCLKConfig
                0x10043890       0x6c ./Drivers/STM32WL3x_HAL_Driver/stm32wl3x_hal_rcc_ex.o
                0x10043890                HAL_RCCEx_PeriphCLKConfig
 .text.HAL_RCCEx_GetPeriphCLKFreq
                0x100438fc      0x138 ./Drivers/STM32WL3x_HAL_Driver/stm32wl3x_hal_rcc_ex.o
                0x100438fc                HAL_RCCEx_GetPeriphCLKFreq
 .text.HAL_UART_Init
                0x10043a34       0xac ./Drivers/STM32WL3x_HAL_Driver/stm32wl3x_hal_uart.o
                0x10043a34                HAL_UART_Init
 .text.HAL_UART_MspInit
                0x10043ae0       0x10 ./Drivers/STM32WL3x_HAL_Driver/stm32wl3x_hal_uart.o
                0x10043ae0                HAL_UART_MspInit
 .text.HAL_UART_Transmit
                0x10043af0      0x15c ./Drivers/STM32WL3x_HAL_Driver/stm32wl3x_hal_uart.o
                0x10043af0                HAL_UART_Transmit
 .text.UART_SetConfig
                0x10043c4c      0x2d0 ./Drivers/STM32WL3x_HAL_Driver/stm32wl3x_hal_uart.o
                0x10043c4c                UART_SetConfig
 .text.UART_AdvFeatureConfig
                0x10043f1c      0x168 ./Drivers/STM32WL3x_HAL_Driver/stm32wl3x_hal_uart.o
                0x10043f1c                UART_AdvFeatureConfig
 .text.UART_CheckIdleState
                0x10044084      0x154 ./Drivers/STM32WL3x_HAL_Driver/stm32wl3x_hal_uart.o
                0x10044084                UART_CheckIdleState
 .text.UART_WaitOnFlagUntilTimeout
                0x100441d8       0xde ./Drivers/STM32WL3x_HAL_Driver/stm32wl3x_hal_uart.o
                0x100441d8                UART_WaitOnFlagUntilTimeout
 *fill*         0x100442b6        0x2 
 .text.UART_EndRxTransfer
                0x100442b8       0xcc ./Drivers/STM32WL3x_HAL_Driver/stm32wl3x_hal_uart.o
 .text.LL_GetXTALFreq
                0x10044384       0x14 ./Drivers/STM32WL3x_HAL_Driver/stm32wl3x_ll_utils.o
                0x10044384                LL_GetXTALFreq
 .text.std      0x10044398       0x6c C:/ST/STM32CubeIDE_1.19.0/STM32CubeIDE/plugins/com.st.stm32cube.ide.mcu.externaltools.gnu-tools-for-stm32.13.3.rel1.win32_1.0.0.202411081344/tools/bin/../lib/gcc/arm-none-eabi/13.3.1/../../../../arm-none-eabi/lib/thumb/v6-m/nofp\libc_nano.a(libc_a-findfp.o)
 .text.stdio_exit_handler
                0x10044404       0x1c C:/ST/STM32CubeIDE_1.19.0/STM32CubeIDE/plugins/com.st.stm32cube.ide.mcu.externaltools.gnu-tools-for-stm32.13.3.rel1.win32_1.0.0.202411081344/tools/bin/../lib/gcc/arm-none-eabi/13.3.1/../../../../arm-none-eabi/lib/thumb/v6-m/nofp\libc_nano.a(libc_a-findfp.o)
 .text.cleanup_stdio
                0x10044420       0x3c C:/ST/STM32CubeIDE_1.19.0/STM32CubeIDE/plugins/com.st.stm32cube.ide.mcu.externaltools.gnu-tools-for-stm32.13.3.rel1.win32_1.0.0.202411081344/tools/bin/../lib/gcc/arm-none-eabi/13.3.1/../../../../arm-none-eabi/lib/thumb/v6-m/nofp\libc_nano.a(libc_a-findfp.o)
 .text.global_stdio_init.part.0
                0x1004445c       0x3c C:/ST/STM32CubeIDE_1.19.0/STM32CubeIDE/plugins/com.st.stm32cube.ide.mcu.externaltools.gnu-tools-for-stm32.13.3.rel1.win32_1.0.0.202411081344/tools/bin/../lib/gcc/arm-none-eabi/13.3.1/../../../../arm-none-eabi/lib/thumb/v6-m/nofp\libc_nano.a(libc_a-findfp.o)
 .text.__sfp_lock_acquire
                0x10044498       0x10 C:/ST/STM32CubeIDE_1.19.0/STM32CubeIDE/plugins/com.st.stm32cube.ide.mcu.externaltools.gnu-tools-for-stm32.13.3.rel1.win32_1.0.0.202411081344/tools/bin/../lib/gcc/arm-none-eabi/13.3.1/../../../../arm-none-eabi/lib/thumb/v6-m/nofp\libc_nano.a(libc_a-findfp.o)
                0x10044498                __sfp_lock_acquire
 .text.__sfp_lock_release
                0x100444a8       0x10 C:/ST/STM32CubeIDE_1.19.0/STM32CubeIDE/plugins/com.st.stm32cube.ide.mcu.externaltools.gnu-tools-for-stm32.13.3.rel1.win32_1.0.0.202411081344/tools/bin/../lib/gcc/arm-none-eabi/13.3.1/../../../../arm-none-eabi/lib/thumb/v6-m/nofp\libc_nano.a(libc_a-findfp.o)
                0x100444a8                __sfp_lock_release
 .text.__sinit  0x100444b8       0x30 C:/ST/STM32CubeIDE_1.19.0/STM32CubeIDE/plugins/com.st.stm32cube.ide.mcu.externaltools.gnu-tools-for-stm32.13.3.rel1.win32_1.0.0.202411081344/tools/bin/../lib/gcc/arm-none-eabi/13.3.1/../../../../arm-none-eabi/lib/thumb/v6-m/nofp\libc_nano.a(libc_a-findfp.o)
                0x100444b8                __sinit
 .text._fwalk_sglue
                0x100444e8       0x38 C:/ST/STM32CubeIDE_1.19.0/STM32CubeIDE/plugins/com.st.stm32cube.ide.mcu.externaltools.gnu-tools-for-stm32.13.3.rel1.win32_1.0.0.202411081344/tools/bin/../lib/gcc/arm-none-eabi/13.3.1/../../../../arm-none-eabi/lib/thumb/v6-m/nofp\libc_nano.a(libc_a-fwalk.o)
                0x100444e8                _fwalk_sglue
 .text.printf   0x10044520       0x20 C:/ST/STM32CubeIDE_1.19.0/STM32CubeIDE/plugins/com.st.stm32cube.ide.mcu.externaltools.gnu-tools-for-stm32.13.3.rel1.win32_1.0.0.202411081344/tools/bin/../lib/gcc/arm-none-eabi/13.3.1/../../../../arm-none-eabi/lib/thumb/v6-m/nofp\libc_nano.a(libc_a-printf.o)
                0x10044520                iprintf
                0x10044520                printf
 .text._puts_r  0x10044540       0xac C:/ST/STM32CubeIDE_1.19.0/STM32CubeIDE/plugins/com.st.stm32cube.ide.mcu.externaltools.gnu-tools-for-stm32.13.3.rel1.win32_1.0.0.202411081344/tools/bin/../lib/gcc/arm-none-eabi/13.3.1/../../../../arm-none-eabi/lib/thumb/v6-m/nofp\libc_nano.a(libc_a-puts.o)
                0x10044540                _puts_r
 .text.puts     0x100445ec       0x14 C:/ST/STM32CubeIDE_1.19.0/STM32CubeIDE/plugins/com.st.stm32cube.ide.mcu.externaltools.gnu-tools-for-stm32.13.3.rel1.win32_1.0.0.202411081344/tools/bin/../lib/gcc/arm-none-eabi/13.3.1/../../../../arm-none-eabi/lib/thumb/v6-m/nofp\libc_nano.a(libc_a-puts.o)
                0x100445ec                puts
 .text.__sread  0x10044600       0x28 C:/ST/STM32CubeIDE_1.19.0/STM32CubeIDE/plugins/com.st.stm32cube.ide.mcu.externaltools.gnu-tools-for-stm32.13.3.rel1.win32_1.0.0.202411081344/tools/bin/../lib/gcc/arm-none-eabi/13.3.1/../../../../arm-none-eabi/lib/thumb/v6-m/nofp\libc_nano.a(libc_a-stdio.o)
                0x10044600                __sread
 .text.__swrite
                0x10044628       0x38 C:/ST/STM32CubeIDE_1.19.0/STM32CubeIDE/plugins/com.st.stm32cube.ide.mcu.externaltools.gnu-tools-for-stm32.13.3.rel1.win32_1.0.0.202411081344/tools/bin/../lib/gcc/arm-none-eabi/13.3.1/../../../../arm-none-eabi/lib/thumb/v6-m/nofp\libc_nano.a(libc_a-stdio.o)
                0x10044628                __swrite
 .text.__sseek  0x10044660       0x2c C:/ST/STM32CubeIDE_1.19.0/STM32CubeIDE/plugins/com.st.stm32cube.ide.mcu.externaltools.gnu-tools-for-stm32.13.3.rel1.win32_1.0.0.202411081344/tools/bin/../lib/gcc/arm-none-eabi/13.3.1/../../../../arm-none-eabi/lib/thumb/v6-m/nofp\libc_nano.a(libc_a-stdio.o)
                0x10044660                __sseek
 .text.__sclose
                0x1004468c        0xc C:/ST/STM32CubeIDE_1.19.0/STM32CubeIDE/plugins/com.st.stm32cube.ide.mcu.externaltools.gnu-tools-for-stm32.13.3.rel1.win32_1.0.0.202411081344/tools/bin/../lib/gcc/arm-none-eabi/13.3.1/../../../../arm-none-eabi/lib/thumb/v6-m/nofp\libc_nano.a(libc_a-stdio.o)
                0x1004468c                __sclose
 .text.__swbuf_r
                0x10044698       0x84 C:/ST/STM32CubeIDE_1.19.0/STM32CubeIDE/plugins/com.st.stm32cube.ide.mcu.externaltools.gnu-tools-for-stm32.13.3.rel1.win32_1.0.0.202411081344/tools/bin/../lib/gcc/arm-none-eabi/13.3.1/../../../../arm-none-eabi/lib/thumb/v6-m/nofp\libc_nano.a(libc_a-wbuf.o)
                0x10044698                __swbuf_r
 .text.__swsetup_r
                0x1004471c       0xbc C:/ST/STM32CubeIDE_1.19.0/STM32CubeIDE/plugins/com.st.stm32cube.ide.mcu.externaltools.gnu-tools-for-stm32.13.3.rel1.win32_1.0.0.202411081344/tools/bin/../lib/gcc/arm-none-eabi/13.3.1/../../../../arm-none-eabi/lib/thumb/v6-m/nofp\libc_nano.a(libc_a-wsetup.o)
                0x1004471c                __swsetup_r
 .text.memset   0x100447d8       0x10 C:/ST/STM32CubeIDE_1.19.0/STM32CubeIDE/plugins/com.st.stm32cube.ide.mcu.externaltools.gnu-tools-for-stm32.13.3.rel1.win32_1.0.0.202411081344/tools/bin/../lib/gcc/arm-none-eabi/13.3.1/../../../../arm-none-eabi/lib/thumb/v6-m/nofp\libc_nano.a(libc_a-memset.o)
                0x100447d8                memset
 .text._close_r
                0x100447e8       0x24 C:/ST/STM32CubeIDE_1.19.0/STM32CubeIDE/plugins/com.st.stm32cube.ide.mcu.externaltools.gnu-tools-for-stm32.13.3.rel1.win32_1.0.0.202411081344/tools/bin/../lib/gcc/arm-none-eabi/13.3.1/../../../../arm-none-eabi/lib/thumb/v6-m/nofp\libc_nano.a(libc_a-closer.o)
                0x100447e8                _close_r
 .text._lseek_r
                0x1004480c       0x28 C:/ST/STM32CubeIDE_1.19.0/STM32CubeIDE/plugins/com.st.stm32cube.ide.mcu.externaltools.gnu-tools-for-stm32.13.3.rel1.win32_1.0.0.202411081344/tools/bin/../lib/gcc/arm-none-eabi/13.3.1/../../../../arm-none-eabi/lib/thumb/v6-m/nofp\libc_nano.a(libc_a-lseekr.o)
                0x1004480c                _lseek_r
 .text._read_r  0x10044834       0x28 C:/ST/STM32CubeIDE_1.19.0/STM32CubeIDE/plugins/com.st.stm32cube.ide.mcu.externaltools.gnu-tools-for-stm32.13.3.rel1.win32_1.0.0.202411081344/tools/bin/../lib/gcc/arm-none-eabi/13.3.1/../../../../arm-none-eabi/lib/thumb/v6-m/nofp\libc_nano.a(libc_a-readr.o)
                0x10044834                _read_r
 .text._write_r
                0x1004485c       0x28 C:/ST/STM32CubeIDE_1.19.0/STM32CubeIDE/plugins/com.st.stm32cube.ide.mcu.externaltools.gnu-tools-for-stm32.13.3.rel1.win32_1.0.0.202411081344/tools/bin/../lib/gcc/arm-none-eabi/13.3.1/../../../../arm-none-eabi/lib/thumb/v6-m/nofp\libc_nano.a(libc_a-writer.o)
                0x1004485c                _write_r
 .text.__errno  0x10044884        0xc C:/ST/STM32CubeIDE_1.19.0/STM32CubeIDE/plugins/com.st.stm32cube.ide.mcu.externaltools.gnu-tools-for-stm32.13.3.rel1.win32_1.0.0.202411081344/tools/bin/../lib/gcc/arm-none-eabi/13.3.1/../../../../arm-none-eabi/lib/thumb/v6-m/nofp\libc_nano.a(libc_a-errno.o)
                0x10044884                __errno
 .text.__retarget_lock_init_recursive
                0x10044890        0x2 C:/ST/STM32CubeIDE_1.19.0/STM32CubeIDE/plugins/com.st.stm32cube.ide.mcu.externaltools.gnu-tools-for-stm32.13.3.rel1.win32_1.0.0.202411081344/tools/bin/../lib/gcc/arm-none-eabi/13.3.1/../../../../arm-none-eabi/lib/thumb/v6-m/nofp\libc_nano.a(libc_a-lock.o)
                0x10044890                __retarget_lock_init_recursive
 .text.__retarget_lock_acquire_recursive
                0x10044892        0x2 C:/ST/STM32CubeIDE_1.19.0/STM32CubeIDE/plugins/com.st.stm32cube.ide.mcu.externaltools.gnu-tools-for-stm32.13.3.rel1.win32_1.0.0.202411081344/tools/bin/../lib/gcc/arm-none-eabi/13.3.1/../../../../arm-none-eabi/lib/thumb/v6-m/nofp\libc_nano.a(libc_a-lock.o)
                0x10044892                __retarget_lock_acquire_recursive
 .text.__retarget_lock_release_recursive
                0x10044894        0x2 C:/ST/STM32CubeIDE_1.19.0/STM32CubeIDE/plugins/com.st.stm32cube.ide.mcu.externaltools.gnu-tools-for-stm32.13.3.rel1.win32_1.0.0.202411081344/tools/bin/../lib/gcc/arm-none-eabi/13.3.1/../../../../arm-none-eabi/lib/thumb/v6-m/nofp\libc_nano.a(libc_a-lock.o)
                0x10044894                __retarget_lock_release_recursive
 *fill*         0x10044896        0x2 
 .text._free_r  0x10044898       0x94 C:/ST/STM32CubeIDE_1.19.0/STM32CubeIDE/plugins/com.st.stm32cube.ide.mcu.externaltools.gnu-tools-for-stm32.13.3.rel1.win32_1.0.0.202411081344/tools/bin/../lib/gcc/arm-none-eabi/13.3.1/../../../../arm-none-eabi/lib/thumb/v6-m/nofp\libc_nano.a(libc_a-freer.o)
                0x10044898                _free_r
 .text.sbrk_aligned
                0x1004492c       0x44 C:/ST/STM32CubeIDE_1.19.0/STM32CubeIDE/plugins/com.st.stm32cube.ide.mcu.externaltools.gnu-tools-for-stm32.13.3.rel1.win32_1.0.0.202411081344/tools/bin/../lib/gcc/arm-none-eabi/13.3.1/../../../../arm-none-eabi/lib/thumb/v6-m/nofp\libc_nano.a(libc_a-mallocr.o)
 .text._malloc_r
                0x10044970      0x100 C:/ST/STM32CubeIDE_1.19.0/STM32CubeIDE/plugins/com.st.stm32cube.ide.mcu.externaltools.gnu-tools-for-stm32.13.3.rel1.win32_1.0.0.202411081344/tools/bin/../lib/gcc/arm-none-eabi/13.3.1/../../../../arm-none-eabi/lib/thumb/v6-m/nofp\libc_nano.a(libc_a-mallocr.o)
                0x10044970                _malloc_r
 .text.__malloc_lock
                0x10044a70       0x10 C:/ST/STM32CubeIDE_1.19.0/STM32CubeIDE/plugins/com.st.stm32cube.ide.mcu.externaltools.gnu-tools-for-stm32.13.3.rel1.win32_1.0.0.202411081344/tools/bin/../lib/gcc/arm-none-eabi/13.3.1/../../../../arm-none-eabi/lib/thumb/v6-m/nofp\libc_nano.a(libc_a-mlock.o)
                0x10044a70                __malloc_lock
 .text.__malloc_unlock
                0x10044a80       0x10 C:/ST/STM32CubeIDE_1.19.0/STM32CubeIDE/plugins/com.st.stm32cube.ide.mcu.externaltools.gnu-tools-for-stm32.13.3.rel1.win32_1.0.0.202411081344/tools/bin/../lib/gcc/arm-none-eabi/13.3.1/../../../../arm-none-eabi/lib/thumb/v6-m/nofp\libc_nano.a(libc_a-mlock.o)
                0x10044a80                __malloc_unlock
 .text.__sfputc_r
                0x10044a90       0x2a C:/ST/STM32CubeIDE_1.19.0/STM32CubeIDE/plugins/com.st.stm32cube.ide.mcu.externaltools.gnu-tools-for-stm32.13.3.rel1.win32_1.0.0.202411081344/tools/bin/../lib/gcc/arm-none-eabi/13.3.1/../../../../arm-none-eabi/lib/thumb/v6-m/nofp\libc_nano.a(libc_a-nano-vfprintf.o)
 .text.__sfputs_r
                0x10044aba       0x24 C:/ST/STM32CubeIDE_1.19.0/STM32CubeIDE/plugins/com.st.stm32cube.ide.mcu.externaltools.gnu-tools-for-stm32.13.3.rel1.win32_1.0.0.202411081344/tools/bin/../lib/gcc/arm-none-eabi/13.3.1/../../../../arm-none-eabi/lib/thumb/v6-m/nofp\libc_nano.a(libc_a-nano-vfprintf.o)
                0x10044aba                __sfputs_r
 *fill*         0x10044ade        0x2 
 .text._vfprintf_r
                0x10044ae0      0x238 C:/ST/STM32CubeIDE_1.19.0/STM32CubeIDE/plugins/com.st.stm32cube.ide.mcu.externaltools.gnu-tools-for-stm32.13.3.rel1.win32_1.0.0.202411081344/tools/bin/../lib/gcc/arm-none-eabi/13.3.1/../../../../arm-none-eabi/lib/thumb/v6-m/nofp\libc_nano.a(libc_a-nano-vfprintf.o)
                0x10044ae0                _vfprintf_r
                0x10044ae0                _vfiprintf_r
 .text._printf_common
                0x10044d18       0xde C:/ST/STM32CubeIDE_1.19.0/STM32CubeIDE/plugins/com.st.stm32cube.ide.mcu.externaltools.gnu-tools-for-stm32.13.3.rel1.win32_1.0.0.202411081344/tools/bin/../lib/gcc/arm-none-eabi/13.3.1/../../../../arm-none-eabi/lib/thumb/v6-m/nofp\libc_nano.a(libc_a-nano-vfprintf_i.o)
                0x10044d18                _printf_common
 *fill*         0x10044df6        0x2 
 .text._printf_i
                0x10044df8      0x218 C:/ST/STM32CubeIDE_1.19.0/STM32CubeIDE/plugins/com.st.stm32cube.ide.mcu.externaltools.gnu-tools-for-stm32.13.3.rel1.win32_1.0.0.202411081344/tools/bin/../lib/gcc/arm-none-eabi/13.3.1/../../../../arm-none-eabi/lib/thumb/v6-m/nofp\libc_nano.a(libc_a-nano-vfprintf_i.o)
                0x10044df8                _printf_i
 .text.__sflush_r
                0x10045010      0x10c C:/ST/STM32CubeIDE_1.19.0/STM32CubeIDE/plugins/com.st.stm32cube.ide.mcu.externaltools.gnu-tools-for-stm32.13.3.rel1.win32_1.0.0.202411081344/tools/bin/../lib/gcc/arm-none-eabi/13.3.1/../../../../arm-none-eabi/lib/thumb/v6-m/nofp\libc_nano.a(libc_a-fflush.o)
                0x10045010                __sflush_r
 .text._fflush_r
                0x1004511c       0x56 C:/ST/STM32CubeIDE_1.19.0/STM32CubeIDE/plugins/com.st.stm32cube.ide.mcu.externaltools.gnu-tools-for-stm32.13.3.rel1.win32_1.0.0.202411081344/tools/bin/../lib/gcc/arm-none-eabi/13.3.1/../../../../arm-none-eabi/lib/thumb/v6-m/nofp\libc_nano.a(libc_a-fflush.o)
                0x1004511c                _fflush_r
 *fill*         0x10045172        0x2 
 .text.__swhatbuf_r
                0x10045174       0x54 C:/ST/STM32CubeIDE_1.19.0/STM32CubeIDE/plugins/com.st.stm32cube.ide.mcu.externaltools.gnu-tools-for-stm32.13.3.rel1.win32_1.0.0.202411081344/tools/bin/../lib/gcc/arm-none-eabi/13.3.1/../../../../arm-none-eabi/lib/thumb/v6-m/nofp\libc_nano.a(libc_a-makebuf.o)
                0x10045174                __swhatbuf_r
 .text.__smakebuf_r
                0x100451c8       0x82 C:/ST/STM32CubeIDE_1.19.0/STM32CubeIDE/plugins/com.st.stm32cube.ide.mcu.externaltools.gnu-tools-for-stm32.13.3.rel1.win32_1.0.0.202411081344/tools/bin/../lib/gcc/arm-none-eabi/13.3.1/../../../../arm-none-eabi/lib/thumb/v6-m/nofp\libc_nano.a(libc_a-makebuf.o)
                0x100451c8                __smakebuf_r
 *fill*         0x1004524a        0x2 
 .text._fstat_r
                0x1004524c       0x24 C:/ST/STM32CubeIDE_1.19.0/STM32CubeIDE/plugins/com.st.stm32cube.ide.mcu.externaltools.gnu-tools-for-stm32.13.3.rel1.win32_1.0.0.202411081344/tools/bin/../lib/gcc/arm-none-eabi/13.3.1/../../../../arm-none-eabi/lib/thumb/v6-m/nofp\libc_nano.a(libc_a-fstatr.o)
                0x1004524c                _fstat_r
 .text._isatty_r
                0x10045270       0x24 C:/ST/STM32CubeIDE_1.19.0/STM32CubeIDE/plugins/com.st.stm32cube.ide.mcu.externaltools.gnu-tools-for-stm32.13.3.rel1.win32_1.0.0.202411081344/tools/bin/../lib/gcc/arm-none-eabi/13.3.1/../../../../arm-none-eabi/lib/thumb/v6-m/nofp\libc_nano.a(libc_a-isattyr.o)
                0x10045270                _isatty_r
 .text._sbrk_r  0x10045294       0x24 C:/ST/STM32CubeIDE_1.19.0/STM32CubeIDE/plugins/com.st.stm32cube.ide.mcu.externaltools.gnu-tools-for-stm32.13.3.rel1.win32_1.0.0.202411081344/tools/bin/../lib/gcc/arm-none-eabi/13.3.1/../../../../arm-none-eabi/lib/thumb/v6-m/nofp\libc_nano.a(libc_a-sbrkr.o)
                0x10045294                _sbrk_r
 .text.memchr   0x100452b8       0x16 C:/ST/STM32CubeIDE_1.19.0/STM32CubeIDE/plugins/com.st.stm32cube.ide.mcu.externaltools.gnu-tools-for-stm32.13.3.rel1.win32_1.0.0.202411081344/tools/bin/../lib/gcc/arm-none-eabi/13.3.1/../../../../arm-none-eabi/lib/thumb/v6-m/nofp\libc_nano.a(libc_a-memchr-stub.o)
                0x100452b8                memchr
 *(i.*)
 *(.rodata)
 *fill*         0x100452ce        0x2 
 .rodata        0x100452d0       0x39 ./Application/User/main.o
 *(.rodata*)
 *fill*         0x10045309        0x3 
 .rodata.s_Channel_Filter_Bandwidth
                0x1004530c      0x18c ./Drivers/STM32WL3x_HAL_Driver/stm32wl3x_hal_mrsubg.o
 .rodata.UARTPrescTable
                0x10045498       0x18 ./Drivers/STM32WL3x_HAL_Driver/stm32wl3x_hal_uart.o
                0x10045498                UARTPrescTable
 .rodata._vfprintf_r.str1.1
                0x100454b0       0x33 C:/ST/STM32CubeIDE_1.19.0/STM32CubeIDE/plugins/com.st.stm32cube.ide.mcu.externaltools.gnu-tools-for-stm32.13.3.rel1.win32_1.0.0.202411081344/tools/bin/../lib/gcc/arm-none-eabi/13.3.1/../../../../arm-none-eabi/lib/thumb/v6-m/nofp\libc_nano.a(libc_a-nano-vfprintf.o)
                                 0x11 (size before relaxing)
 .rodata._printf_i.str1.1
                0x100454e3       0x22 C:/ST/STM32CubeIDE_1.19.0/STM32CubeIDE/plugins/com.st.stm32cube.ide.mcu.externaltools.gnu-tools-for-stm32.13.3.rel1.win32_1.0.0.202411081344/tools/bin/../lib/gcc/arm-none-eabi/13.3.1/../../../../arm-none-eabi/lib/thumb/v6-m/nofp\libc_nano.a(libc_a-nano-vfprintf_i.o)
 *(.constdata)
 *(.glue_7)
 .glue_7        0x100454e3        0x0 linker stubs
 *(.glue_7t)
 .glue_7t       0x100454e3        0x0 linker stubs
                0x10045508                        . = ALIGN (0x4)
 *fill*         0x100454e3        0x1 
                0x100454e4                        _etext = .
                0x100454f4                        _sidata = LOADADDR (.data)

.vfp11_veneer   0x100454e4        0x0
 .vfp11_veneer  0x100454e4        0x0 linker stubs

.v4_bx          0x100454e4        0x0
 .v4_bx         0x100454e4        0x0 linker stubs

.init           0x100454e4        0x4
 .init          0x100454e4        0x4 C:/ST/STM32CubeIDE_1.19.0/STM32CubeIDE/plugins/com.st.stm32cube.ide.mcu.externaltools.gnu-tools-for-stm32.13.3.rel1.win32_1.0.0.202411081344/tools/bin/../lib/gcc/arm-none-eabi/13.3.1/thumb/v6-m/nofp/crti.o
                0x100454e4                _init

.fini           0x100454e8        0x4
 .fini          0x100454e8        0x4 C:/ST/STM32CubeIDE_1.19.0/STM32CubeIDE/plugins/com.st.stm32cube.ide.mcu.externaltools.gnu-tools-for-stm32.13.3.rel1.win32_1.0.0.202411081344/tools/bin/../lib/gcc/arm-none-eabi/13.3.1/thumb/v6-m/nofp/crti.o
                0x100454e8                _fini

.iplt           0x100454ec        0x0
 .iplt          0x100454ec        0x0 ./Application/Startup/startup_stm32wl33ccvx.o

.rel.dyn        0x100454ec        0x0
 .rel.iplt      0x100454ec        0x0 ./Application/Startup/startup_stm32wl33ccvx.o

.ARM.exidx      0x100454ec        0x8
 .ARM.exidx     0x100454ec        0x8 C:/ST/STM32CubeIDE_1.19.0/STM32CubeIDE/plugins/com.st.stm32cube.ide.mcu.externaltools.gnu-tools-for-stm32.13.3.rel1.win32_1.0.0.202411081344/tools/bin/../lib/gcc/arm-none-eabi/13.3.1/thumb/v6-m/nofp\libgcc.a(_udivmoddi4.o)

.ram_preamble   0x20000004       0x2c load address 0x100454f4
 *(.ram_vr)
 .ram_vr        0x20000004       0x2c ./Drivers/CMSIS/system_stm32wl3x.o
                0x20000004                RAM_VR

.ram_preamble_2
 *(.crash_info_ram_vr)

.bss            0x20000034      0x22c
                0x20000034                        . = ALIGN (0x4)
                0x20000034                        _sbss = .
 *(.bss)
 *(.bss*)
 .bss.MRSUBG_RadioInitStruct
                0x20000034       0x18 ./Application/User/main.o
                0x20000034                MRSUBG_RadioInitStruct
 .bss.MRSUBG_PacketSettingsStruct
                0x2000004c       0x14 ./Application/User/main.o
                0x2000004c                MRSUBG_PacketSettingsStruct
 .bss.payload_memory
                0x20000060       0x14 ./Application/User/main.o
                0x20000060                payload_memory
 .bss.__sbrk_heap_end
                0x20000074        0x4 ./Application/User/sysmem.o
 .bss.hcom_uart
                0x20000078       0x94 ./Drivers/BSP/STM32WL3x-Nucleo/stm32wl3x_nucleo.o
                0x20000078                hcom_uart
 .bss.COM_ActiveLogPort
                0x2000010c        0x1 ./Drivers/BSP/STM32WL3x-Nucleo/stm32wl3x_nucleo.o
 *fill*         0x2000010d        0x3 
 .bss.uwTick    0x20000110        0x4 ./Drivers/STM32WL3x_HAL_Driver/stm32wl3x_hal.o
                0x20000110                uwTick
 .bss.__sf      0x20000114      0x138 C:/ST/STM32CubeIDE_1.19.0/STM32CubeIDE/plugins/com.st.stm32cube.ide.mcu.externaltools.gnu-tools-for-stm32.13.3.rel1.win32_1.0.0.202411081344/tools/bin/../lib/gcc/arm-none-eabi/13.3.1/../../../../arm-none-eabi/lib/thumb/v6-m/nofp\libc_nano.a(libc_a-findfp.o)
                0x20000114                __sf
 .bss.__stdio_exit_handler
                0x2000024c        0x4 C:/ST/STM32CubeIDE_1.19.0/STM32CubeIDE/plugins/com.st.stm32cube.ide.mcu.externaltools.gnu-tools-for-stm32.13.3.rel1.win32_1.0.0.202411081344/tools/bin/../lib/gcc/arm-none-eabi/13.3.1/../../../../arm-none-eabi/lib/thumb/v6-m/nofp\libc_nano.a(libc_a-findfp.o)
                0x2000024c                __stdio_exit_handler
 .bss.errno     0x20000250        0x4 C:/ST/STM32CubeIDE_1.19.0/STM32CubeIDE/plugins/com.st.stm32cube.ide.mcu.externaltools.gnu-tools-for-stm32.13.3.rel1.win32_1.0.0.202411081344/tools/bin/../lib/gcc/arm-none-eabi/13.3.1/../../../../arm-none-eabi/lib/thumb/v6-m/nofp\libc_nano.a(libc_a-reent.o)
                0x20000250                errno
 .bss.__lock___malloc_recursive_mutex
                0x20000254        0x1 C:/ST/STM32CubeIDE_1.19.0/STM32CubeIDE/plugins/com.st.stm32cube.ide.mcu.externaltools.gnu-tools-for-stm32.13.3.rel1.win32_1.0.0.202411081344/tools/bin/../lib/gcc/arm-none-eabi/13.3.1/../../../../arm-none-eabi/lib/thumb/v6-m/nofp\libc_nano.a(libc_a-lock.o)
                0x20000254                __lock___malloc_recursive_mutex
 .bss.__lock___sfp_recursive_mutex
                0x20000255        0x1 C:/ST/STM32CubeIDE_1.19.0/STM32CubeIDE/plugins/com.st.stm32cube.ide.mcu.externaltools.gnu-tools-for-stm32.13.3.rel1.win32_1.0.0.202411081344/tools/bin/../lib/gcc/arm-none-eabi/13.3.1/../../../../arm-none-eabi/lib/thumb/v6-m/nofp\libc_nano.a(libc_a-lock.o)
                0x20000255                __lock___sfp_recursive_mutex
 *fill*         0x20000256        0x2 
 .bss.__malloc_sbrk_start
                0x20000258        0x4 C:/ST/STM32CubeIDE_1.19.0/STM32CubeIDE/plugins/com.st.stm32cube.ide.mcu.externaltools.gnu-tools-for-stm32.13.3.rel1.win32_1.0.0.202411081344/tools/bin/../lib/gcc/arm-none-eabi/13.3.1/../../../../arm-none-eabi/lib/thumb/v6-m/nofp\libc_nano.a(libc_a-mallocr.o)
                0x20000258                __malloc_sbrk_start
 .bss.__malloc_free_list
                0x2000025c        0x4 C:/ST/STM32CubeIDE_1.19.0/STM32CubeIDE/plugins/com.st.stm32cube.ide.mcu.externaltools.gnu-tools-for-stm32.13.3.rel1.win32_1.0.0.202411081344/tools/bin/../lib/gcc/arm-none-eabi/13.3.1/../../../../arm-none-eabi/lib/thumb/v6-m/nofp\libc_nano.a(libc_a-mallocr.o)
                0x2000025c                __malloc_free_list
 *(COMMON)
                0x20000260                        . = ALIGN (0x4)
                0x20000260                        _ebss = .

.data           0x20000260       0x84 load address 0x100454f4
                0x20000260                        . = ALIGN (0x4)
                0x20000260                        _sdata = .
 *(.data)
 *(.data*)
 .data.LED_PIN  0x20000260        0x6 ./Drivers/BSP/STM32WL3x-Nucleo/stm32wl3x_nucleo.o
 *fill*         0x20000266        0x2 
 .data.LED_PORT
                0x20000268        0xc ./Drivers/BSP/STM32WL3x-Nucleo/stm32wl3x_nucleo.o
 .data.COM_UART
                0x20000274        0x4 ./Drivers/BSP/STM32WL3x-Nucleo/stm32wl3x_nucleo.o
 .data.SystemCoreClock
                0x20000278        0x4 ./Drivers/CMSIS/system_stm32wl3x.o
                0x20000278                SystemCoreClock
 .data.HSE_xtalFrequency
                0x2000027c        0x4 ./Drivers/CMSIS/system_stm32wl3x.o
                0x2000027c                HSE_xtalFrequency
 .data.uwTickPrio
                0x20000280        0x4 ./Drivers/STM32WL3x_HAL_Driver/stm32wl3x_hal.o
                0x20000280                uwTickPrio
 .data.uwTickFreq
                0x20000284        0x1 ./Drivers/STM32WL3x_HAL_Driver/stm32wl3x_hal.o
                0x20000284                uwTickFreq
 *fill*         0x20000285        0x3 
 .data.__sglue  0x20000288        0xc C:/ST/STM32CubeIDE_1.19.0/STM32CubeIDE/plugins/com.st.stm32cube.ide.mcu.externaltools.gnu-tools-for-stm32.13.3.rel1.win32_1.0.0.202411081344/tools/bin/../lib/gcc/arm-none-eabi/13.3.1/../../../../arm-none-eabi/lib/thumb/v6-m/nofp\libc_nano.a(libc_a-findfp.o)
                0x20000288                __sglue
 .data._impure_ptr
                0x20000294        0x4 C:/ST/STM32CubeIDE_1.19.0/STM32CubeIDE/plugins/com.st.stm32cube.ide.mcu.externaltools.gnu-tools-for-stm32.13.3.rel1.win32_1.0.0.202411081344/tools/bin/../lib/gcc/arm-none-eabi/13.3.1/../../../../arm-none-eabi/lib/thumb/v6-m/nofp\libc_nano.a(libc_a-impure.o)
                0x20000294                _impure_ptr
 .data._impure_data
                0x20000298       0x4c C:/ST/STM32CubeIDE_1.19.0/STM32CubeIDE/plugins/com.st.stm32cube.ide.mcu.externaltools.gnu-tools-for-stm32.13.3.rel1.win32_1.0.0.202411081344/tools/bin/../lib/gcc/arm-none-eabi/13.3.1/../../../../arm-none-eabi/lib/thumb/v6-m/nofp\libc_nano.a(libc_a-impure.o)
                0x20000298                _impure_data
                0x200002e4                        . = ALIGN (0x4)
                0x200002e4                        _edata = .

.igot.plt       0x200002e4        0x0 load address 0x10045578
 .igot.plt      0x200002e4        0x0 ./Application/Startup/startup_stm32wl33ccvx.o

.noinit         0x200002e4        0x0 load address 0x10045578
                0x200002e4                        . = ALIGN (0x4)
 *(.noinit)
                0x200002e4                        . = ALIGN (0x4)

.heap           0x200002e4        0x0 load address 0x10045578
                0x200002e4                        . = ALIGN (0x4)
                0x200002e4                        _sheap = .
                [!provide]                        PROVIDE (end = .)
                0x200002e4                        PROVIDE (_end = .)
                0x200002e4                        . = (. + _Min_Heap_Size)
                0x200002e4                        . = ALIGN (0x4)
                0x200002e4                        _eheap = .

CSTACK          0x20007400      0xc00
                0x20007400                        . = ALIGN (0x4)
                0x20008000                        . = (. + _Min_Stack_Size)
 *fill*         0x20007400      0xc00 
                0x20008000                        . = ALIGN (0x4)
                0x20008000                        _estack = .
                0x20008000                        . = ALIGN (0x4)

.rom_info       0x10000000        0x0
                0x10000000                        . = ALIGN (0x4)
 *(.rom_info)
                0x10000000                        . = ALIGN (0x4)

/DISCARD/
 libc.a(*)
 libm.a(*)
 libgcc.a(*)

.ARM.attributes
                0x00000000       0x28
 *(.ARM.attributes)
 .ARM.attributes
                0x00000000       0x1e C:/ST/STM32CubeIDE_1.19.0/STM32CubeIDE/plugins/com.st.stm32cube.ide.mcu.externaltools.gnu-tools-for-stm32.13.3.rel1.win32_1.0.0.202411081344/tools/bin/../lib/gcc/arm-none-eabi/13.3.1/thumb/v6-m/nofp/crti.o
 .ARM.attributes
                0x0000001e       0x22 ./Application/Startup/startup_stm32wl33ccvx.o
 .ARM.attributes
                0x00000040       0x2c ./Application/User/main.o
 .ARM.attributes
                0x0000006c       0x2c ./Application/User/stm32wl3x_hal_msp.o
 .ARM.attributes
                0x00000098       0x2c ./Application/User/stm32wl3x_it.o
 .ARM.attributes
                0x000000c4       0x2c ./Application/User/syscalls.o
 .ARM.attributes
                0x000000f0       0x2c ./Application/User/sysmem.o
 .ARM.attributes
                0x0000011c       0x2c ./Drivers/BSP/STM32WL3x-Nucleo/stm32wl3x_nucleo.o
 .ARM.attributes
                0x00000148       0x2c ./Drivers/CMSIS/system_stm32wl3x.o
 .ARM.attributes
                0x00000174       0x2c ./Drivers/STM32WL3x_HAL_Driver/stm32wl3x_hal.o
 .ARM.attributes
                0x000001a0       0x2c ./Drivers/STM32WL3x_HAL_Driver/stm32wl3x_hal_cortex.o
 .ARM.attributes
                0x000001cc       0x2c ./Drivers/STM32WL3x_HAL_Driver/stm32wl3x_hal_gpio.o
 .ARM.attributes
                0x000001f8       0x2c ./Drivers/STM32WL3x_HAL_Driver/stm32wl3x_hal_mrsubg.o
 .ARM.attributes
                0x00000224       0x2c ./Drivers/STM32WL3x_HAL_Driver/stm32wl3x_hal_rcc.o
 .ARM.attributes
                0x00000250       0x2c ./Drivers/STM32WL3x_HAL_Driver/stm32wl3x_hal_rcc_ex.o
 .ARM.attributes
                0x0000027c       0x2c ./Drivers/STM32WL3x_HAL_Driver/stm32wl3x_hal_uart.o
 .ARM.attributes
                0x000002a8       0x2c ./Drivers/STM32WL3x_HAL_Driver/stm32wl3x_ll_utils.o
 .ARM.attributes
                0x000002d4       0x2c C:/ST/STM32CubeIDE_1.19.0/STM32CubeIDE/plugins/com.st.stm32cube.ide.mcu.externaltools.gnu-tools-for-stm32.13.3.rel1.win32_1.0.0.202411081344/tools/bin/../lib/gcc/arm-none-eabi/13.3.1/../../../../arm-none-eabi/lib/thumb/v6-m/nofp\libc_nano.a(libc_a-findfp.o)
 .ARM.attributes
                0x00000300       0x2c C:/ST/STM32CubeIDE_1.19.0/STM32CubeIDE/plugins/com.st.stm32cube.ide.mcu.externaltools.gnu-tools-for-stm32.13.3.rel1.win32_1.0.0.202411081344/tools/bin/../lib/gcc/arm-none-eabi/13.3.1/../../../../arm-none-eabi/lib/thumb/v6-m/nofp\libc_nano.a(libc_a-fwalk.o)
 .ARM.attributes
                0x0000032c       0x2c C:/ST/STM32CubeIDE_1.19.0/STM32CubeIDE/plugins/com.st.stm32cube.ide.mcu.externaltools.gnu-tools-for-stm32.13.3.rel1.win32_1.0.0.202411081344/tools/bin/../lib/gcc/arm-none-eabi/13.3.1/../../../../arm-none-eabi/lib/thumb/v6-m/nofp\libc_nano.a(libc_a-printf.o)
 .ARM.attributes
                0x00000358       0x2c C:/ST/STM32CubeIDE_1.19.0/STM32CubeIDE/plugins/com.st.stm32cube.ide.mcu.externaltools.gnu-tools-for-stm32.13.3.rel1.win32_1.0.0.202411081344/tools/bin/../lib/gcc/arm-none-eabi/13.3.1/../../../../arm-none-eabi/lib/thumb/v6-m/nofp\libc_nano.a(libc_a-puts.o)
 .ARM.attributes
                0x00000384       0x2c C:/ST/STM32CubeIDE_1.19.0/STM32CubeIDE/plugins/com.st.stm32cube.ide.mcu.externaltools.gnu-tools-for-stm32.13.3.rel1.win32_1.0.0.202411081344/tools/bin/../lib/gcc/arm-none-eabi/13.3.1/../../../../arm-none-eabi/lib/thumb/v6-m/nofp\libc_nano.a(libc_a-stdio.o)
 .ARM.attributes
                0x000003b0       0x2c C:/ST/STM32CubeIDE_1.19.0/STM32CubeIDE/plugins/com.st.stm32cube.ide.mcu.externaltools.gnu-tools-for-stm32.13.3.rel1.win32_1.0.0.202411081344/tools/bin/../lib/gcc/arm-none-eabi/13.3.1/../../../../arm-none-eabi/lib/thumb/v6-m/nofp\libc_nano.a(libc_a-wbuf.o)
 .ARM.attributes
                0x000003dc       0x2c C:/ST/STM32CubeIDE_1.19.0/STM32CubeIDE/plugins/com.st.stm32cube.ide.mcu.externaltools.gnu-tools-for-stm32.13.3.rel1.win32_1.0.0.202411081344/tools/bin/../lib/gcc/arm-none-eabi/13.3.1/../../../../arm-none-eabi/lib/thumb/v6-m/nofp\libc_nano.a(libc_a-wsetup.o)
 .ARM.attributes
                0x00000408       0x2c C:/ST/STM32CubeIDE_1.19.0/STM32CubeIDE/plugins/com.st.stm32cube.ide.mcu.externaltools.gnu-tools-for-stm32.13.3.rel1.win32_1.0.0.202411081344/tools/bin/../lib/gcc/arm-none-eabi/13.3.1/../../../../arm-none-eabi/lib/thumb/v6-m/nofp\libc_nano.a(libc_a-memset.o)
 .ARM.attributes
                0x00000434       0x2c C:/ST/STM32CubeIDE_1.19.0/STM32CubeIDE/plugins/com.st.stm32cube.ide.mcu.externaltools.gnu-tools-for-stm32.13.3.rel1.win32_1.0.0.202411081344/tools/bin/../lib/gcc/arm-none-eabi/13.3.1/../../../../arm-none-eabi/lib/thumb/v6-m/nofp\libc_nano.a(libc_a-closer.o)
 .ARM.attributes
                0x00000460       0x2c C:/ST/STM32CubeIDE_1.19.0/STM32CubeIDE/plugins/com.st.stm32cube.ide.mcu.externaltools.gnu-tools-for-stm32.13.3.rel1.win32_1.0.0.202411081344/tools/bin/../lib/gcc/arm-none-eabi/13.3.1/../../../../arm-none-eabi/lib/thumb/v6-m/nofp\libc_nano.a(libc_a-reent.o)
 .ARM.attributes
                0x0000048c       0x2c C:/ST/STM32CubeIDE_1.19.0/STM32CubeIDE/plugins/com.st.stm32cube.ide.mcu.externaltools.gnu-tools-for-stm32.13.3.rel1.win32_1.0.0.202411081344/tools/bin/../lib/gcc/arm-none-eabi/13.3.1/../../../../arm-none-eabi/lib/thumb/v6-m/nofp\libc_nano.a(libc_a-impure.o)
 .ARM.attributes
                0x000004b8       0x2c C:/ST/STM32CubeIDE_1.19.0/STM32CubeIDE/plugins/com.st.stm32cube.ide.mcu.externaltools.gnu-tools-for-stm32.13.3.rel1.win32_1.0.0.202411081344/tools/bin/../lib/gcc/arm-none-eabi/13.3.1/../../../../arm-none-eabi/lib/thumb/v6-m/nofp\libc_nano.a(libc_a-lseekr.o)
 .ARM.attributes
                0x000004e4       0x2c C:/ST/STM32CubeIDE_1.19.0/STM32CubeIDE/plugins/com.st.stm32cube.ide.mcu.externaltools.gnu-tools-for-stm32.13.3.rel1.win32_1.0.0.202411081344/tools/bin/../lib/gcc/arm-none-eabi/13.3.1/../../../../arm-none-eabi/lib/thumb/v6-m/nofp\libc_nano.a(libc_a-readr.o)
 .ARM.attributes
                0x00000510       0x2c C:/ST/STM32CubeIDE_1.19.0/STM32CubeIDE/plugins/com.st.stm32cube.ide.mcu.externaltools.gnu-tools-for-stm32.13.3.rel1.win32_1.0.0.202411081344/tools/bin/../lib/gcc/arm-none-eabi/13.3.1/../../../../arm-none-eabi/lib/thumb/v6-m/nofp\libc_nano.a(libc_a-writer.o)
 .ARM.attributes
                0x0000053c       0x2c C:/ST/STM32CubeIDE_1.19.0/STM32CubeIDE/plugins/com.st.stm32cube.ide.mcu.externaltools.gnu-tools-for-stm32.13.3.rel1.win32_1.0.0.202411081344/tools/bin/../lib/gcc/arm-none-eabi/13.3.1/../../../../arm-none-eabi/lib/thumb/v6-m/nofp\libc_nano.a(libc_a-errno.o)
 .ARM.attributes
                0x00000568       0x2c C:/ST/STM32CubeIDE_1.19.0/STM32CubeIDE/plugins/com.st.stm32cube.ide.mcu.externaltools.gnu-tools-for-stm32.13.3.rel1.win32_1.0.0.202411081344/tools/bin/../lib/gcc/arm-none-eabi/13.3.1/../../../../arm-none-eabi/lib/thumb/v6-m/nofp\libc_nano.a(libc_a-lock.o)
 .ARM.attributes
                0x00000594       0x2c C:/ST/STM32CubeIDE_1.19.0/STM32CubeIDE/plugins/com.st.stm32cube.ide.mcu.externaltools.gnu-tools-for-stm32.13.3.rel1.win32_1.0.0.202411081344/tools/bin/../lib/gcc/arm-none-eabi/13.3.1/../../../../arm-none-eabi/lib/thumb/v6-m/nofp\libc_nano.a(libc_a-freer.o)
 .ARM.attributes
                0x000005c0       0x2c C:/ST/STM32CubeIDE_1.19.0/STM32CubeIDE/plugins/com.st.stm32cube.ide.mcu.externaltools.gnu-tools-for-stm32.13.3.rel1.win32_1.0.0.202411081344/tools/bin/../lib/gcc/arm-none-eabi/13.3.1/../../../../arm-none-eabi/lib/thumb/v6-m/nofp\libc_nano.a(libc_a-mallocr.o)
 .ARM.attributes
                0x000005ec       0x2c C:/ST/STM32CubeIDE_1.19.0/STM32CubeIDE/plugins/com.st.stm32cube.ide.mcu.externaltools.gnu-tools-for-stm32.13.3.rel1.win32_1.0.0.202411081344/tools/bin/../lib/gcc/arm-none-eabi/13.3.1/../../../../arm-none-eabi/lib/thumb/v6-m/nofp\libc_nano.a(libc_a-mlock.o)
 .ARM.attributes
                0x00000618       0x2c C:/ST/STM32CubeIDE_1.19.0/STM32CubeIDE/plugins/com.st.stm32cube.ide.mcu.externaltools.gnu-tools-for-stm32.13.3.rel1.win32_1.0.0.202411081344/tools/bin/../lib/gcc/arm-none-eabi/13.3.1/../../../../arm-none-eabi/lib/thumb/v6-m/nofp\libc_nano.a(libc_a-nano-vfprintf.o)
 .ARM.attributes
                0x00000644       0x2c C:/ST/STM32CubeIDE_1.19.0/STM32CubeIDE/plugins/com.st.stm32cube.ide.mcu.externaltools.gnu-tools-for-stm32.13.3.rel1.win32_1.0.0.202411081344/tools/bin/../lib/gcc/arm-none-eabi/13.3.1/../../../../arm-none-eabi/lib/thumb/v6-m/nofp\libc_nano.a(libc_a-nano-vfprintf_i.o)
 .ARM.attributes
                0x00000670       0x2c C:/ST/STM32CubeIDE_1.19.0/STM32CubeIDE/plugins/com.st.stm32cube.ide.mcu.externaltools.gnu-tools-for-stm32.13.3.rel1.win32_1.0.0.202411081344/tools/bin/../lib/gcc/arm-none-eabi/13.3.1/../../../../arm-none-eabi/lib/thumb/v6-m/nofp\libc_nano.a(libc_a-fflush.o)
 .ARM.attributes
                0x0000069c       0x2c C:/ST/STM32CubeIDE_1.19.0/STM32CubeIDE/plugins/com.st.stm32cube.ide.mcu.externaltools.gnu-tools-for-stm32.13.3.rel1.win32_1.0.0.202411081344/tools/bin/../lib/gcc/arm-none-eabi/13.3.1/../../../../arm-none-eabi/lib/thumb/v6-m/nofp\libc_nano.a(libc_a-makebuf.o)
 .ARM.attributes
                0x000006c8       0x2c C:/ST/STM32CubeIDE_1.19.0/STM32CubeIDE/plugins/com.st.stm32cube.ide.mcu.externaltools.gnu-tools-for-stm32.13.3.rel1.win32_1.0.0.202411081344/tools/bin/../lib/gcc/arm-none-eabi/13.3.1/../../../../arm-none-eabi/lib/thumb/v6-m/nofp\libc_nano.a(libc_a-fstatr.o)
 .ARM.attributes
                0x000006f4       0x2c C:/ST/STM32CubeIDE_1.19.0/STM32CubeIDE/plugins/com.st.stm32cube.ide.mcu.externaltools.gnu-tools-for-stm32.13.3.rel1.win32_1.0.0.202411081344/tools/bin/../lib/gcc/arm-none-eabi/13.3.1/../../../../arm-none-eabi/lib/thumb/v6-m/nofp\libc_nano.a(libc_a-isattyr.o)
 .ARM.attributes
                0x00000720       0x2c C:/ST/STM32CubeIDE_1.19.0/STM32CubeIDE/plugins/com.st.stm32cube.ide.mcu.externaltools.gnu-tools-for-stm32.13.3.rel1.win32_1.0.0.202411081344/tools/bin/../lib/gcc/arm-none-eabi/13.3.1/../../../../arm-none-eabi/lib/thumb/v6-m/nofp\libc_nano.a(libc_a-sbrkr.o)
 .ARM.attributes
                0x0000074c       0x2c C:/ST/STM32CubeIDE_1.19.0/STM32CubeIDE/plugins/com.st.stm32cube.ide.mcu.externaltools.gnu-tools-for-stm32.13.3.rel1.win32_1.0.0.202411081344/tools/bin/../lib/gcc/arm-none-eabi/13.3.1/../../../../arm-none-eabi/lib/thumb/v6-m/nofp\libc_nano.a(libc_a-memchr-stub.o)
 .ARM.attributes
                0x00000778       0x1e C:/ST/STM32CubeIDE_1.19.0/STM32CubeIDE/plugins/com.st.stm32cube.ide.mcu.externaltools.gnu-tools-for-stm32.13.3.rel1.win32_1.0.0.202411081344/tools/bin/../lib/gcc/arm-none-eabi/13.3.1/thumb/v6-m/nofp\libgcc.a(_thumb1_case_shi.o)
 .ARM.attributes
                0x00000796       0x1e C:/ST/STM32CubeIDE_1.19.0/STM32CubeIDE/plugins/com.st.stm32cube.ide.mcu.externaltools.gnu-tools-for-stm32.13.3.rel1.win32_1.0.0.202411081344/tools/bin/../lib/gcc/arm-none-eabi/13.3.1/thumb/v6-m/nofp\libgcc.a(_udivsi3.o)
 .ARM.attributes
                0x000007b4       0x1e C:/ST/STM32CubeIDE_1.19.0/STM32CubeIDE/plugins/com.st.stm32cube.ide.mcu.externaltools.gnu-tools-for-stm32.13.3.rel1.win32_1.0.0.202411081344/tools/bin/../lib/gcc/arm-none-eabi/13.3.1/thumb/v6-m/nofp\libgcc.a(_divsi3.o)
 .ARM.attributes
                0x000007d2       0x1e C:/ST/STM32CubeIDE_1.19.0/STM32CubeIDE/plugins/com.st.stm32cube.ide.mcu.externaltools.gnu-tools-for-stm32.13.3.rel1.win32_1.0.0.202411081344/tools/bin/../lib/gcc/arm-none-eabi/13.3.1/thumb/v6-m/nofp\libgcc.a(_dvmd_tls.o)
 .ARM.attributes
                0x000007f0       0x1e C:/ST/STM32CubeIDE_1.19.0/STM32CubeIDE/plugins/com.st.stm32cube.ide.mcu.externaltools.gnu-tools-for-stm32.13.3.rel1.win32_1.0.0.202411081344/tools/bin/../lib/gcc/arm-none-eabi/13.3.1/thumb/v6-m/nofp\libgcc.a(_aeabi_uldivmod.o)
 .ARM.attributes
                0x0000080e       0x2c C:/ST/STM32CubeIDE_1.19.0/STM32CubeIDE/plugins/com.st.stm32cube.ide.mcu.externaltools.gnu-tools-for-stm32.13.3.rel1.win32_1.0.0.202411081344/tools/bin/../lib/gcc/arm-none-eabi/13.3.1/thumb/v6-m/nofp\libgcc.a(_muldi3.o)
 .ARM.attributes
                0x0000083a       0x2c C:/ST/STM32CubeIDE_1.19.0/STM32CubeIDE/plugins/com.st.stm32cube.ide.mcu.externaltools.gnu-tools-for-stm32.13.3.rel1.win32_1.0.0.202411081344/tools/bin/../lib/gcc/arm-none-eabi/13.3.1/thumb/v6-m/nofp\libgcc.a(_udivmoddi4.o)
 .ARM.attributes
                0x00000866       0x1e C:/ST/STM32CubeIDE_1.19.0/STM32CubeIDE/plugins/com.st.stm32cube.ide.mcu.externaltools.gnu-tools-for-stm32.13.3.rel1.win32_1.0.0.202411081344/tools/bin/../lib/gcc/arm-none-eabi/13.3.1/thumb/v6-m/nofp\libgcc.a(_clzdi2.o)
 .ARM.attributes
                0x00000884       0x1e C:/ST/STM32CubeIDE_1.19.0/STM32CubeIDE/plugins/com.st.stm32cube.ide.mcu.externaltools.gnu-tools-for-stm32.13.3.rel1.win32_1.0.0.202411081344/tools/bin/../lib/gcc/arm-none-eabi/13.3.1/thumb/v6-m/nofp\libgcc.a(_clzsi2.o)
OUTPUT(MRSUBG_BasicGeneric_Rx.elf elf32-littlearm)
LOAD linker stubs
LOAD C:/ST/STM32CubeIDE_1.19.0/STM32CubeIDE/plugins/com.st.stm32cube.ide.mcu.externaltools.gnu-tools-for-stm32.13.3.rel1.win32_1.0.0.202411081344/tools/bin/../lib/gcc/arm-none-eabi/13.3.1/../../../../arm-none-eabi/lib/thumb/v6-m/nofp\libc.a
LOAD C:/ST/STM32CubeIDE_1.19.0/STM32CubeIDE/plugins/com.st.stm32cube.ide.mcu.externaltools.gnu-tools-for-stm32.13.3.rel1.win32_1.0.0.202411081344/tools/bin/../lib/gcc/arm-none-eabi/13.3.1/../../../../arm-none-eabi/lib/thumb/v6-m/nofp\libm.a
LOAD C:/ST/STM32CubeIDE_1.19.0/STM32CubeIDE/plugins/com.st.stm32cube.ide.mcu.externaltools.gnu-tools-for-stm32.13.3.rel1.win32_1.0.0.202411081344/tools/bin/../lib/gcc/arm-none-eabi/13.3.1/thumb/v6-m/nofp\libgcc.a

.debug_line     0x00000000     0xe2c4
 .debug_line    0x00000000       0x7c ./Application/Startup/startup_stm32wl33ccvx.o
 .debug_line    0x0000007c      0xc09 ./Application/User/main.o
 .debug_line    0x00000c85      0xb75 ./Application/User/stm32wl3x_hal_msp.o
 .debug_line    0x000017fa      0xabe ./Application/User/stm32wl3x_it.o
 .debug_line    0x000022b8      0x8b4 ./Application/User/syscalls.o
 .debug_line    0x00002b6c      0x590 ./Application/User/sysmem.o
 .debug_line    0x000030fc      0xc8e ./Drivers/BSP/STM32WL3x-Nucleo/stm32wl3x_nucleo.o
 .debug_line    0x00003d8a      0xa0f ./Drivers/CMSIS/system_stm32wl3x.o
 .debug_line    0x00004799      0xc4d ./Drivers/STM32WL3x_HAL_Driver/stm32wl3x_hal.o
 .debug_line    0x000053e6      0xc27 ./Drivers/STM32WL3x_HAL_Driver/stm32wl3x_hal_cortex.o
 .debug_line    0x0000600d      0xc6c ./Drivers/STM32WL3x_HAL_Driver/stm32wl3x_hal_gpio.o
 .debug_line    0x00006c79     0x1843 ./Drivers/STM32WL3x_HAL_Driver/stm32wl3x_hal_mrsubg.o
 .debug_line    0x000084bc     0x11a5 ./Drivers/STM32WL3x_HAL_Driver/stm32wl3x_hal_rcc.o
 .debug_line    0x00009661      0xbda ./Drivers/STM32WL3x_HAL_Driver/stm32wl3x_hal_rcc_ex.o
 .debug_line    0x0000a23b     0x36ca ./Drivers/STM32WL3x_HAL_Driver/stm32wl3x_hal_uart.o
 .debug_line    0x0000d905      0x9bf ./Drivers/STM32WL3x_HAL_Driver/stm32wl3x_ll_utils.o

.debug_line_str
                0x00000000       0xb2
 .debug_line_str
                0x00000000       0xb2 ./Application/Startup/startup_stm32wl33ccvx.o

.debug_info     0x00000000     0xcf05
 .debug_info    0x00000000       0x30 ./Application/Startup/startup_stm32wl33ccvx.o
 .debug_info    0x00000030      0xe4a ./Application/User/main.o
 .debug_info    0x00000e7a      0x43b ./Application/User/stm32wl3x_hal_msp.o
 .debug_info    0x000012b5       0xda ./Application/User/stm32wl3x_it.o
 .debug_info    0x0000138f      0x6a3 ./Application/User/syscalls.o
 .debug_info    0x00001a32      0x168 ./Application/User/sysmem.o
 .debug_info    0x00001b9a     0x15af ./Drivers/BSP/STM32WL3x-Nucleo/stm32wl3x_nucleo.o
 .debug_info    0x00003149      0x93d ./Drivers/CMSIS/system_stm32wl3x.o
 .debug_info    0x00003a86      0x9f0 ./Drivers/STM32WL3x_HAL_Driver/stm32wl3x_hal.o
 .debug_info    0x00004476      0x82f ./Drivers/STM32WL3x_HAL_Driver/stm32wl3x_hal_cortex.o
 .debug_info    0x00004ca5      0x588 ./Drivers/STM32WL3x_HAL_Driver/stm32wl3x_hal_gpio.o
 .debug_info    0x0000522d     0x1f2b ./Drivers/STM32WL3x_HAL_Driver/stm32wl3x_hal_mrsubg.o
 .debug_info    0x00007158      0xc6c ./Drivers/STM32WL3x_HAL_Driver/stm32wl3x_hal_rcc.o
 .debug_info    0x00007dc4      0x72d ./Drivers/STM32WL3x_HAL_Driver/stm32wl3x_hal_rcc_ex.o
 .debug_info    0x000084f1     0x4623 ./Drivers/STM32WL3x_HAL_Driver/stm32wl3x_hal_uart.o
 .debug_info    0x0000cb14      0x3f1 ./Drivers/STM32WL3x_HAL_Driver/stm32wl3x_ll_utils.o

.debug_abbrev   0x00000000     0x20e5
 .debug_abbrev  0x00000000       0x24 ./Application/Startup/startup_stm32wl33ccvx.o
 .debug_abbrev  0x00000024      0x2aa ./Application/User/main.o
 .debug_abbrev  0x000002ce      0x1c8 ./Application/User/stm32wl3x_hal_msp.o
 .debug_abbrev  0x00000496       0x73 ./Application/User/stm32wl3x_it.o
 .debug_abbrev  0x00000509      0x1b6 ./Application/User/syscalls.o
 .debug_abbrev  0x000006bf       0xbc ./Application/User/sysmem.o
 .debug_abbrev  0x0000077b      0x30f ./Drivers/BSP/STM32WL3x-Nucleo/stm32wl3x_nucleo.o
 .debug_abbrev  0x00000a8a      0x26d ./Drivers/CMSIS/system_stm32wl3x.o
 .debug_abbrev  0x00000cf7      0x2a2 ./Drivers/STM32WL3x_HAL_Driver/stm32wl3x_hal.o
 .debug_abbrev  0x00000f99      0x29a ./Drivers/STM32WL3x_HAL_Driver/stm32wl3x_hal_cortex.o
 .debug_abbrev  0x00001233      0x1c1 ./Drivers/STM32WL3x_HAL_Driver/stm32wl3x_hal_gpio.o
 .debug_abbrev  0x000013f4      0x33d ./Drivers/STM32WL3x_HAL_Driver/stm32wl3x_hal_mrsubg.o
 .debug_abbrev  0x00001731      0x2dd ./Drivers/STM32WL3x_HAL_Driver/stm32wl3x_hal_rcc.o
 .debug_abbrev  0x00001a0e      0x241 ./Drivers/STM32WL3x_HAL_Driver/stm32wl3x_hal_rcc_ex.o
 .debug_abbrev  0x00001c4f      0x311 ./Drivers/STM32WL3x_HAL_Driver/stm32wl3x_hal_uart.o
 .debug_abbrev  0x00001f60      0x185 ./Drivers/STM32WL3x_HAL_Driver/stm32wl3x_ll_utils.o

.debug_aranges  0x00000000      0xcd0
 .debug_aranges
                0x00000000       0x28 ./Application/Startup/startup_stm32wl33ccvx.o
 .debug_aranges
                0x00000028       0x60 ./Application/User/main.o
 .debug_aranges
                0x00000088       0x60 ./Application/User/stm32wl3x_hal_msp.o
 .debug_aranges
                0x000000e8       0x40 ./Application/User/stm32wl3x_it.o
 .debug_aranges
                0x00000128       0xa8 ./Application/User/syscalls.o
 .debug_aranges
                0x000001d0       0x20 ./Application/User/sysmem.o
 .debug_aranges
                0x000001f0       0xf0 ./Drivers/BSP/STM32WL3x-Nucleo/stm32wl3x_nucleo.o
 .debug_aranges
                0x000002e0       0x40 ./Drivers/CMSIS/system_stm32wl3x.o
 .debug_aranges
                0x00000320      0x148 ./Drivers/STM32WL3x_HAL_Driver/stm32wl3x_hal.o
 .debug_aranges
                0x00000468       0xd0 ./Drivers/STM32WL3x_HAL_Driver/stm32wl3x_hal_cortex.o
 .debug_aranges
                0x00000538       0x60 ./Drivers/STM32WL3x_HAL_Driver/stm32wl3x_hal_gpio.o
 .debug_aranges
                0x00000598      0x258 ./Drivers/STM32WL3x_HAL_Driver/stm32wl3x_hal_mrsubg.o
 .debug_aranges
                0x000007f0      0x170 ./Drivers/STM32WL3x_HAL_Driver/stm32wl3x_hal_rcc.o
 .debug_aranges
                0x00000960       0xc8 ./Drivers/STM32WL3x_HAL_Driver/stm32wl3x_hal_rcc_ex.o
 .debug_aranges
                0x00000a28      0x248 ./Drivers/STM32WL3x_HAL_Driver/stm32wl3x_hal_uart.o
 .debug_aranges
                0x00000c70       0x60 ./Drivers/STM32WL3x_HAL_Driver/stm32wl3x_ll_utils.o

.debug_str      0x00000000    0xd2938
 .debug_str     0x00000000    0xd2938 ./Application/Startup/startup_stm32wl33ccvx.o
                                 0xce (size before relaxing)
 .debug_str     0x000d2938    0xcd268 ./Application/User/main.o
 .debug_str     0x000d2938    0xcc7f8 ./Application/User/stm32wl3x_hal_msp.o
 .debug_str     0x000d2938    0xcc572 ./Application/User/stm32wl3x_it.o
 .debug_str     0x000d2938     0x992a ./Application/User/syscalls.o
 .debug_str     0x000d2938     0x76c8 ./Application/User/sysmem.o
 .debug_str     0x000d2938    0xc8a2f ./Drivers/BSP/STM32WL3x-Nucleo/stm32wl3x_nucleo.o
 .debug_str     0x000d2938    0xc7a4c ./Drivers/CMSIS/system_stm32wl3x.o
 .debug_str     0x000d2938    0xc7c33 ./Drivers/STM32WL3x_HAL_Driver/stm32wl3x_hal.o
 .debug_str     0x000d2938    0xc79b1 ./Drivers/STM32WL3x_HAL_Driver/stm32wl3x_hal_cortex.o
 .debug_str     0x000d2938    0xc76fb ./Drivers/STM32WL3x_HAL_Driver/stm32wl3x_hal_gpio.o
 .debug_str     0x000d2938    0xcc3be ./Drivers/STM32WL3x_HAL_Driver/stm32wl3x_hal_mrsubg.o
 .debug_str     0x000d2938    0xc7e80 ./Drivers/STM32WL3x_HAL_Driver/stm32wl3x_hal_rcc.o
 .debug_str     0x000d2938    0xc7b04 ./Drivers/STM32WL3x_HAL_Driver/stm32wl3x_hal_rcc_ex.o
 .debug_str     0x000d2938    0xc8347 ./Drivers/STM32WL3x_HAL_Driver/stm32wl3x_hal_uart.o
 .debug_str     0x000d2938    0xc7968 ./Drivers/STM32WL3x_HAL_Driver/stm32wl3x_ll_utils.o

.debug_rnglists
                0x00000000      0x9c0
 .debug_rnglists
                0x00000000       0x19 ./Application/Startup/startup_stm32wl33ccvx.o
 .debug_rnglists
                0x00000019       0x45 ./Application/User/main.o
 .debug_rnglists
                0x0000005e       0x43 ./Application/User/stm32wl3x_hal_msp.o
 .debug_rnglists
                0x000000a1       0x2b ./Application/User/stm32wl3x_it.o
 .debug_rnglists
                0x000000cc       0x79 ./Application/User/syscalls.o
 .debug_rnglists
                0x00000145       0x13 ./Application/User/sysmem.o
 .debug_rnglists
                0x00000158       0xb3 ./Drivers/BSP/STM32WL3x-Nucleo/stm32wl3x_nucleo.o
 .debug_rnglists
                0x0000020b       0x2e ./Drivers/CMSIS/system_stm32wl3x.o
 .debug_rnglists
                0x00000239       0xf2 ./Drivers/STM32WL3x_HAL_Driver/stm32wl3x_hal.o
 .debug_rnglists
                0x0000032b       0x99 ./Drivers/STM32WL3x_HAL_Driver/stm32wl3x_hal_cortex.o
 .debug_rnglists
                0x000003c4       0x45 ./Drivers/STM32WL3x_HAL_Driver/stm32wl3x_hal_gpio.o
 .debug_rnglists
                0x00000409      0x1d4 ./Drivers/STM32WL3x_HAL_Driver/stm32wl3x_hal_mrsubg.o
 .debug_rnglists
                0x000005dd      0x113 ./Drivers/STM32WL3x_HAL_Driver/stm32wl3x_hal_rcc.o
 .debug_rnglists
                0x000006f0       0x93 ./Drivers/STM32WL3x_HAL_Driver/stm32wl3x_hal_rcc_ex.o
 .debug_rnglists
                0x00000783      0x1f9 ./Drivers/STM32WL3x_HAL_Driver/stm32wl3x_hal_uart.o
 .debug_rnglists
                0x0000097c       0x44 ./Drivers/STM32WL3x_HAL_Driver/stm32wl3x_ll_utils.o

.debug_macro    0x00000000    0x1e47b
 .debug_macro   0x00000000      0x334 ./Application/User/main.o
 .debug_macro   0x00000334      0xaae ./Application/User/main.o
 .debug_macro   0x00000de2       0xd6 ./Application/User/main.o
 .debug_macro   0x00000eb8       0x2e ./Application/User/main.o
 .debug_macro   0x00000ee6       0x4c ./Application/User/main.o
 .debug_macro   0x00000f32       0x22 ./Application/User/main.o
 .debug_macro   0x00000f54       0x8e ./Application/User/main.o
 .debug_macro   0x00000fe2       0x51 ./Application/User/main.o
 .debug_macro   0x00001033      0x103 ./Application/User/main.o
 .debug_macro   0x00001136       0x6a ./Application/User/main.o
 .debug_macro   0x000011a0      0x1df ./Application/User/main.o
 .debug_macro   0x0000137f       0x1c ./Application/User/main.o
 .debug_macro   0x0000139b       0x22 ./Application/User/main.o
 .debug_macro   0x000013bd       0xd1 ./Application/User/main.o
 .debug_macro   0x0000148e      0x4da ./Application/User/main.o
 .debug_macro   0x00001968      0x11f ./Application/User/main.o
 .debug_macro   0x00001a87       0x94 ./Application/User/main.o
 .debug_macro   0x00001b1b    0x123db ./Application/User/main.o
 .debug_macro   0x00013ef6       0xd6 ./Application/User/main.o
 .debug_macro   0x00013fcc     0x3439 ./Application/User/main.o
 .debug_macro   0x00017405      0x190 ./Application/User/main.o
 .debug_macro   0x00017595       0x5a ./Application/User/main.o
 .debug_macro   0x000175ef       0xf0 ./Application/User/main.o
 .debug_macro   0x000176df      0x2c5 ./Application/User/main.o
 .debug_macro   0x000179a4      0x2f8 ./Application/User/main.o
 .debug_macro   0x00017c9c      0x1f8 ./Application/User/main.o
 .debug_macro   0x00017e94      0x1f9 ./Application/User/main.o
 .debug_macro   0x0001808d       0x89 ./Application/User/main.o
 .debug_macro   0x00018116      0x224 ./Application/User/main.o
 .debug_macro   0x0001833a       0xcb ./Application/User/main.o
 .debug_macro   0x00018405      0x3e1 ./Application/User/main.o
 .debug_macro   0x000187e6      0x306 ./Application/User/main.o
 .debug_macro   0x00018aec      0x11f ./Application/User/main.o
 .debug_macro   0x00018c0b      0x29b ./Application/User/main.o
 .debug_macro   0x00018ea6       0xe1 ./Application/User/main.o
 .debug_macro   0x00018f87      0xb04 ./Application/User/main.o
 .debug_macro   0x00019a8b      0x135 ./Application/User/main.o
 .debug_macro   0x00019bc0      0x693 ./Application/User/main.o
 .debug_macro   0x0001a253       0xa6 ./Application/User/main.o
 .debug_macro   0x0001a2f9       0x6b ./Application/User/main.o
 .debug_macro   0x0001a364       0x88 ./Application/User/main.o
 .debug_macro   0x0001a3ec      0x13c ./Application/User/main.o
 .debug_macro   0x0001a528      0x271 ./Application/User/main.o
 .debug_macro   0x0001a799       0xef ./Application/User/main.o
 .debug_macro   0x0001a888      0x196 ./Application/User/main.o
 .debug_macro   0x0001aa1e      0x116 ./Application/User/main.o
 .debug_macro   0x0001ab34       0x2e ./Application/User/main.o
 .debug_macro   0x0001ab62       0x52 ./Application/User/main.o
 .debug_macro   0x0001abb4      0x130 ./Application/User/main.o
 .debug_macro   0x0001ace4       0x61 ./Application/User/main.o
 .debug_macro   0x0001ad45       0x24 ./Application/User/main.o
 .debug_macro   0x0001ad69       0x43 ./Application/User/main.o
 .debug_macro   0x0001adac       0x34 ./Application/User/main.o
 .debug_macro   0x0001ade0       0x16 ./Application/User/main.o
 .debug_macro   0x0001adf6       0x3c ./Application/User/main.o
 .debug_macro   0x0001ae32      0x370 ./Application/User/main.o
 .debug_macro   0x0001b1a2       0x10 ./Application/User/main.o
 .debug_macro   0x0001b1b2       0x16 ./Application/User/main.o
 .debug_macro   0x0001b1c8       0x4a ./Application/User/main.o
 .debug_macro   0x0001b212       0x34 ./Application/User/main.o
 .debug_macro   0x0001b246       0x10 ./Application/User/main.o
 .debug_macro   0x0001b256       0x58 ./Application/User/main.o
 .debug_macro   0x0001b2ae       0x8e ./Application/User/main.o
 .debug_macro   0x0001b33c       0x1c ./Application/User/main.o
 .debug_macro   0x0001b358      0x185 ./Application/User/main.o
 .debug_macro   0x0001b4dd       0x16 ./Application/User/main.o
 .debug_macro   0x0001b4f3       0x16 ./Application/User/main.o
 .debug_macro   0x0001b509      0x146 ./Application/User/main.o
 .debug_macro   0x0001b64f      0x32e ./Application/User/stm32wl3x_hal_msp.o
 .debug_macro   0x0001b97d      0x338 ./Application/User/stm32wl3x_it.o
 .debug_macro   0x0001bcb5      0x274 ./Application/User/syscalls.o
 .debug_macro   0x0001bf29       0x5b ./Application/User/syscalls.o
 .debug_macro   0x0001bf84       0x94 ./Application/User/syscalls.o
 .debug_macro   0x0001c018       0x57 ./Application/User/syscalls.o
 .debug_macro   0x0001c06f       0x10 ./Application/User/syscalls.o
 .debug_macro   0x0001c07f       0x10 ./Application/User/syscalls.o
 .debug_macro   0x0001c08f       0x10 ./Application/User/syscalls.o
 .debug_macro   0x0001c09f       0x10 ./Application/User/syscalls.o
 .debug_macro   0x0001c0af       0x1c ./Application/User/syscalls.o
 .debug_macro   0x0001c0cb       0x52 ./Application/User/syscalls.o
 .debug_macro   0x0001c11d       0x22 ./Application/User/syscalls.o
 .debug_macro   0x0001c13f       0x10 ./Application/User/syscalls.o
 .debug_macro   0x0001c14f       0x52 ./Application/User/syscalls.o
 .debug_macro   0x0001c1a1       0xcf ./Application/User/syscalls.o
 .debug_macro   0x0001c270       0x1c ./Application/User/syscalls.o
 .debug_macro   0x0001c28c       0x3d ./Application/User/syscalls.o
 .debug_macro   0x0001c2c9       0x35 ./Application/User/syscalls.o
 .debug_macro   0x0001c2fe      0x12c ./Application/User/syscalls.o
 .debug_macro   0x0001c42a       0x16 ./Application/User/syscalls.o
 .debug_macro   0x0001c440       0x16 ./Application/User/syscalls.o
 .debug_macro   0x0001c456       0x29 ./Application/User/syscalls.o
 .debug_macro   0x0001c47f       0x10 ./Application/User/syscalls.o
 .debug_macro   0x0001c48f      0x242 ./Application/User/syscalls.o
 .debug_macro   0x0001c6d1       0x1c ./Application/User/syscalls.o
 .debug_macro   0x0001c6ed       0x10 ./Application/User/syscalls.o
 .debug_macro   0x0001c6fd      0x18a ./Application/User/syscalls.o
 .debug_macro   0x0001c887       0x16 ./Application/User/syscalls.o
 .debug_macro   0x0001c89d       0xce ./Application/User/syscalls.o
 .debug_macro   0x0001c96b      0x112 ./Application/User/sysmem.o
 .debug_macro   0x0001ca7d      0x23c ./Application/User/sysmem.o
 .debug_macro   0x0001ccb9      0x234 ./Drivers/BSP/STM32WL3x-Nucleo/stm32wl3x_nucleo.o
 .debug_macro   0x0001ceed       0x28 ./Drivers/BSP/STM32WL3x-Nucleo/stm32wl3x_nucleo.o
 .debug_macro   0x0001cf15      0x21f ./Drivers/CMSIS/system_stm32wl3x.o
 .debug_macro   0x0001d134      0x201 ./Drivers/STM32WL3x_HAL_Driver/stm32wl3x_hal.o
 .debug_macro   0x0001d335      0x201 ./Drivers/STM32WL3x_HAL_Driver/stm32wl3x_hal_cortex.o
 .debug_macro   0x0001d536      0x208 ./Drivers/STM32WL3x_HAL_Driver/stm32wl3x_hal_gpio.o
 .debug_macro   0x0001d73e      0x2ff ./Drivers/STM32WL3x_HAL_Driver/stm32wl3x_hal_mrsubg.o
 .debug_macro   0x0001da3d       0x10 ./Drivers/STM32WL3x_HAL_Driver/stm32wl3x_hal_mrsubg.o
 .debug_macro   0x0001da4d       0x20 ./Drivers/STM32WL3x_HAL_Driver/stm32wl3x_hal_mrsubg.o
 .debug_macro   0x0001da6d      0x267 ./Drivers/STM32WL3x_HAL_Driver/stm32wl3x_hal_rcc.o
 .debug_macro   0x0001dcd4      0x249 ./Drivers/STM32WL3x_HAL_Driver/stm32wl3x_hal_rcc_ex.o
 .debug_macro   0x0001df1d      0x22c ./Drivers/STM32WL3x_HAL_Driver/stm32wl3x_hal_uart.o
 .debug_macro   0x0001e149      0x23f ./Drivers/STM32WL3x_HAL_Driver/stm32wl3x_ll_utils.o
 .debug_macro   0x0001e388       0x8e ./Drivers/STM32WL3x_HAL_Driver/stm32wl3x_ll_utils.o
 .debug_macro   0x0001e416       0x65 ./Drivers/STM32WL3x_HAL_Driver/stm32wl3x_ll_utils.o

.comment        0x00000000       0x43
 .comment       0x00000000       0x43 ./Application/User/main.o
                                 0x44 (size before relaxing)
 .comment       0x00000043       0x44 ./Application/User/stm32wl3x_hal_msp.o
 .comment       0x00000043       0x44 ./Application/User/stm32wl3x_it.o
 .comment       0x00000043       0x44 ./Application/User/syscalls.o
 .comment       0x00000043       0x44 ./Application/User/sysmem.o
 .comment       0x00000043       0x44 ./Drivers/BSP/STM32WL3x-Nucleo/stm32wl3x_nucleo.o
 .comment       0x00000043       0x44 ./Drivers/CMSIS/system_stm32wl3x.o
 .comment       0x00000043       0x44 ./Drivers/STM32WL3x_HAL_Driver/stm32wl3x_hal.o
 .comment       0x00000043       0x44 ./Drivers/STM32WL3x_HAL_Driver/stm32wl3x_hal_cortex.o
 .comment       0x00000043       0x44 ./Drivers/STM32WL3x_HAL_Driver/stm32wl3x_hal_gpio.o
 .comment       0x00000043       0x44 ./Drivers/STM32WL3x_HAL_Driver/stm32wl3x_hal_mrsubg.o
 .comment       0x00000043       0x44 ./Drivers/STM32WL3x_HAL_Driver/stm32wl3x_hal_rcc.o
 .comment       0x00000043       0x44 ./Drivers/STM32WL3x_HAL_Driver/stm32wl3x_hal_rcc_ex.o
 .comment       0x00000043       0x44 ./Drivers/STM32WL3x_HAL_Driver/stm32wl3x_hal_uart.o
 .comment       0x00000043       0x44 ./Drivers/STM32WL3x_HAL_Driver/stm32wl3x_ll_utils.o

.debug_frame    0x00000000     0x351c
 .debug_frame   0x00000000      0x124 ./Application/User/main.o
 .debug_frame   0x00000124      0x128 ./Application/User/stm32wl3x_hal_msp.o
 .debug_frame   0x0000024c       0x9c ./Application/User/stm32wl3x_it.o
 .debug_frame   0x000002e8      0x244 ./Application/User/syscalls.o
 .debug_frame   0x0000052c       0x30 ./Application/User/sysmem.o
 .debug_frame   0x0000055c      0x360 ./Drivers/BSP/STM32WL3x-Nucleo/stm32wl3x_nucleo.o
 .debug_frame   0x000008bc       0xa8 ./Drivers/CMSIS/system_stm32wl3x.o
 .debug_frame   0x00000964      0x468 ./Drivers/STM32WL3x_HAL_Driver/stm32wl3x_hal.o
 .debug_frame   0x00000dcc      0x2dc ./Drivers/STM32WL3x_HAL_Driver/stm32wl3x_hal_cortex.o
 .debug_frame   0x000010a8      0x130 ./Drivers/STM32WL3x_HAL_Driver/stm32wl3x_hal_gpio.o
 .debug_frame   0x000011d8      0x918 ./Drivers/STM32WL3x_HAL_Driver/stm32wl3x_hal_mrsubg.o
 .debug_frame   0x00001af0      0x508 ./Drivers/STM32WL3x_HAL_Driver/stm32wl3x_hal_rcc.o
 .debug_frame   0x00001ff8      0x2a8 ./Drivers/STM32WL3x_HAL_Driver/stm32wl3x_hal_rcc_ex.o
 .debug_frame   0x000022a0      0x8d8 ./Drivers/STM32WL3x_HAL_Driver/stm32wl3x_hal_uart.o
 .debug_frame   0x00002b78      0x120 ./Drivers/STM32WL3x_HAL_Driver/stm32wl3x_ll_utils.o
 .debug_frame   0x00002c98      0x138 C:/ST/STM32CubeIDE_1.19.0/STM32CubeIDE/plugins/com.st.stm32cube.ide.mcu.externaltools.gnu-tools-for-stm32.13.3.rel1.win32_1.0.0.202411081344/tools/bin/../lib/gcc/arm-none-eabi/13.3.1/../../../../arm-none-eabi/lib/thumb/v6-m/nofp\libc_nano.a(libc_a-findfp.o)
 .debug_frame   0x00002dd0       0x34 C:/ST/STM32CubeIDE_1.19.0/STM32CubeIDE/plugins/com.st.stm32cube.ide.mcu.externaltools.gnu-tools-for-stm32.13.3.rel1.win32_1.0.0.202411081344/tools/bin/../lib/gcc/arm-none-eabi/13.3.1/../../../../arm-none-eabi/lib/thumb/v6-m/nofp\libc_nano.a(libc_a-fwalk.o)
 .debug_frame   0x00002e04       0x4c C:/ST/STM32CubeIDE_1.19.0/STM32CubeIDE/plugins/com.st.stm32cube.ide.mcu.externaltools.gnu-tools-for-stm32.13.3.rel1.win32_1.0.0.202411081344/tools/bin/../lib/gcc/arm-none-eabi/13.3.1/../../../../arm-none-eabi/lib/thumb/v6-m/nofp\libc_nano.a(libc_a-printf.o)
 .debug_frame   0x00002e50       0x44 C:/ST/STM32CubeIDE_1.19.0/STM32CubeIDE/plugins/com.st.stm32cube.ide.mcu.externaltools.gnu-tools-for-stm32.13.3.rel1.win32_1.0.0.202411081344/tools/bin/../lib/gcc/arm-none-eabi/13.3.1/../../../../arm-none-eabi/lib/thumb/v6-m/nofp\libc_nano.a(libc_a-puts.o)
 .debug_frame   0x00002e94       0x90 C:/ST/STM32CubeIDE_1.19.0/STM32CubeIDE/plugins/com.st.stm32cube.ide.mcu.externaltools.gnu-tools-for-stm32.13.3.rel1.win32_1.0.0.202411081344/tools/bin/../lib/gcc/arm-none-eabi/13.3.1/../../../../arm-none-eabi/lib/thumb/v6-m/nofp\libc_nano.a(libc_a-stdio.o)
 .debug_frame   0x00002f24       0x48 C:/ST/STM32CubeIDE_1.19.0/STM32CubeIDE/plugins/com.st.stm32cube.ide.mcu.externaltools.gnu-tools-for-stm32.13.3.rel1.win32_1.0.0.202411081344/tools/bin/../lib/gcc/arm-none-eabi/13.3.1/../../../../arm-none-eabi/lib/thumb/v6-m/nofp\libc_nano.a(libc_a-wbuf.o)
 .debug_frame   0x00002f6c       0x2c C:/ST/STM32CubeIDE_1.19.0/STM32CubeIDE/plugins/com.st.stm32cube.ide.mcu.externaltools.gnu-tools-for-stm32.13.3.rel1.win32_1.0.0.202411081344/tools/bin/../lib/gcc/arm-none-eabi/13.3.1/../../../../arm-none-eabi/lib/thumb/v6-m/nofp\libc_nano.a(libc_a-wsetup.o)
 .debug_frame   0x00002f98       0x20 C:/ST/STM32CubeIDE_1.19.0/STM32CubeIDE/plugins/com.st.stm32cube.ide.mcu.externaltools.gnu-tools-for-stm32.13.3.rel1.win32_1.0.0.202411081344/tools/bin/../lib/gcc/arm-none-eabi/13.3.1/../../../../arm-none-eabi/lib/thumb/v6-m/nofp\libc_nano.a(libc_a-memset.o)
 .debug_frame   0x00002fb8       0x2c C:/ST/STM32CubeIDE_1.19.0/STM32CubeIDE/plugins/com.st.stm32cube.ide.mcu.externaltools.gnu-tools-for-stm32.13.3.rel1.win32_1.0.0.202411081344/tools/bin/../lib/gcc/arm-none-eabi/13.3.1/../../../../arm-none-eabi/lib/thumb/v6-m/nofp\libc_nano.a(libc_a-closer.o)