../../../../../../../Drivers/STM32WL3x_HAL_Driver/Inc/stm32wl3x_ll_usart.h:3001:26:LL_USART_IsActiveFlag_RXNE_RXFNE	16	static
../../../../../../../Drivers/STM32WL3x_HAL_Driver/Inc/stm32wl3x_ll_usart.h:4255:25:LL_USART_ReceiveData8	16	static
C:/ST/stm32cubewl3-v1-3-0/STM32Cube_FW_WL3_V1.3.0/Projects/NUCLEO-WL33CC/Examples/MRSUBG/MRSUBG_Chat/Src/stm32wl3x_it.c:73:6:NMI_Handler	8	static
C:/ST/stm32cubewl3-v1-3-0/STM32Cube_FW_WL3_V1.3.0/Projects/NUCLEO-WL33CC/Examples/MRSUBG/MRSUBG_Chat/Src/stm32wl3x_it.c:86:6:HardFault_Handler	8	static
C:/ST/stm32cubewl3-v1-3-0/STM32Cube_FW_WL3_V1.3.0/Projects/NUCLEO-WL33CC/Examples/MRSUBG/MRSUBG_Chat/Src/stm32wl3x_it.c:101:6:SVC_Handler	8	static
C:/ST/stm32cubewl3-v1-3-0/STM32Cube_FW_WL3_V1.3.0/Projects/NUCLEO-WL33CC/Examples/MRSUBG/MRSUBG_Chat/Src/stm32wl3x_it.c:114:6:PendSV_Handler	8	static
C:/ST/stm32cubewl3-v1-3-0/STM32Cube_FW_WL3_V1.3.0/Projects/NUCLEO-WL33CC/Examples/MRSUBG/MRSUBG_Chat/Src/stm32wl3x_it.c:127:6:SysTick_Handler	8	static
C:/ST/stm32cubewl3-v1-3-0/STM32Cube_FW_WL3_V1.3.0/Projects/NUCLEO-WL33CC/Examples/MRSUBG/MRSUBG_Chat/Src/stm32wl3x_it.c:148:6:USART1_IRQHandler	16	static
C:/ST/stm32cubewl3-v1-3-0/STM32Cube_FW_WL3_V1.3.0/Projects/NUCLEO-WL33CC/Examples/MRSUBG/MRSUBG_Chat/Src/stm32wl3x_it.c:170:6:MRSUBG_IRQHandler	8	static
