../../../../../../../Drivers/STM32WL3x_HAL_Driver/Inc/stm32wl3x_ll_bus.h:220:22:LL_AHB1_GRP1_EnableClock	1
C:/ST/stm32cubewl3-v1-3-0/STM32Cube_FW_WL3_V1.3.0/Projects/NUCLEO-WL33CC/Examples/GPIO/GPIO_EXTI/Src/main.c:67:5:main	1
C:/ST/stm32cubewl3-v1-3-0/STM32Cube_FW_WL3_V1.3.0/Projects/NUCLEO-WL33CC/Examples/GPIO/GPIO_EXTI/Src/main.c:128:6:SystemClock_Config	3
C:/ST/stm32cubewl3-v1-3-0/STM32Cube_FW_WL3_V1.3.0/Projects/NUCLEO-WL33CC/Examples/GPIO/GPIO_EXTI/Src/main.c:158:6:PeriphCommonClock_Config	2
C:/ST/stm32cubewl3-v1-3-0/STM32Cube_FW_WL3_V1.3.0/Projects/NUCLEO-WL33CC/Examples/GPIO/GPIO_EXTI/Src/main.c:179:13:MX_GPIO_Init	1
C:/ST/stm32cubewl3-v1-3-0/STM32Cube_FW_WL3_V1.3.0/Projects/NUCLEO-WL33CC/Examples/GPIO/GPIO_EXTI/Src/main.c:196:13:GPIOA_IRQHandler_Config	1
C:/ST/stm32cubewl3-v1-3-0/STM32Cube_FW_WL3_V1.3.0/Projects/NUCLEO-WL33CC/Examples/GPIO/GPIO_EXTI/Src/main.c:222:6:HAL_GPIO_EXTI_Callback	2
C:/ST/stm32cubewl3-v1-3-0/STM32Cube_FW_WL3_V1.3.0/Projects/NUCLEO-WL33CC/Examples/GPIO/GPIO_EXTI/Src/main.c:236:6:Error_Handler	1
