C:/ST/stm32cubewl3-v1-3-0/STM32Cube_FW_WL3_V1.3.0/Projects/NUCLEO-WL33CC/Examples/GPIO/GPIO_EXTI/Src/stm32wl3x_it.c:73:6:NMI_Handler	8	static
C:/ST/stm32cubewl3-v1-3-0/STM32Cube_FW_WL3_V1.3.0/Projects/NUCLEO-WL33CC/Examples/GPIO/GPIO_EXTI/Src/stm32wl3x_it.c:86:6:HardFault_Handler	8	static
C:/ST/stm32cubewl3-v1-3-0/STM32Cube_FW_WL3_V1.3.0/Projects/NUCLEO-WL33CC/Examples/GPIO/GPIO_EXTI/Src/stm32wl3x_it.c:101:6:SVC_Handler	8	static
C:/ST/stm32cubewl3-v1-3-0/STM32Cube_FW_WL3_V1.3.0/Projects/NUCLEO-WL33CC/Examples/GPIO/GPIO_EXTI/Src/stm32wl3x_it.c:114:6:PendSV_Handler	8	static
C:/ST/stm32cubewl3-v1-3-0/STM32Cube_FW_WL3_V1.3.0/Projects/NUCLEO-WL33CC/Examples/GPIO/GPIO_EXTI/Src/stm32wl3x_it.c:127:6:SysTick_Handler	8	static
C:/ST/stm32cubewl3-v1-3-0/STM32Cube_FW_WL3_V1.3.0/Projects/NUCLEO-WL33CC/Examples/GPIO/GPIO_EXTI/Src/stm32wl3x_it.c:151:6:GPIOA_IRQHandler	8	static
