Archive member included to satisfy reference by file (symbol)

C:/ST/STM32CubeIDE_1.19.0/STM32CubeIDE/plugins/com.st.stm32cube.ide.mcu.externaltools.gnu-tools-for-stm32.13.3.rel1.win32_1.0.0.202411081344/tools/bin/../lib/gcc/arm-none-eabi/13.3.1/../../../../arm-none-eabi/lib/thumb/v6-m/nofp\libc_nano.a(libc_a-exit.o)
                              C:/ST/STM32CubeIDE_1.19.0/STM32CubeIDE/plugins/com.st.stm32cube.ide.mcu.externaltools.gnu-tools-for-stm32.13.3.rel1.win32_1.0.0.202411081344/tools/bin/../lib/gcc/arm-none-eabi/13.3.1/../../../../arm-none-eabi/lib/thumb/v6-m/nofp/crt0.o (exit)
C:/ST/STM32CubeIDE_1.19.0/STM32CubeIDE/plugins/com.st.stm32cube.ide.mcu.externaltools.gnu-tools-for-stm32.13.3.rel1.win32_1.0.0.202411081344/tools/bin/../lib/gcc/arm-none-eabi/13.3.1/../../../../arm-none-eabi/lib/thumb/v6-m/nofp\libc_nano.a(libc_a-findfp.o)
                              C:/ST/STM32CubeIDE_1.19.0/STM32CubeIDE/plugins/com.st.stm32cube.ide.mcu.externaltools.gnu-tools-for-stm32.13.3.rel1.win32_1.0.0.202411081344/tools/bin/../lib/gcc/arm-none-eabi/13.3.1/../../../../arm-none-eabi/lib/thumb/v6-m/nofp\libc_nano.a(libc_a-exit.o) (__stdio_exit_handler)
C:/ST/STM32CubeIDE_1.19.0/STM32CubeIDE/plugins/com.st.stm32cube.ide.mcu.externaltools.gnu-tools-for-stm32.13.3.rel1.win32_1.0.0.202411081344/tools/bin/../lib/gcc/arm-none-eabi/13.3.1/../../../../arm-none-eabi/lib/thumb/v6-m/nofp\libc_nano.a(libc_a-fwalk.o)
                              C:/ST/STM32CubeIDE_1.19.0/STM32CubeIDE/plugins/com.st.stm32cube.ide.mcu.externaltools.gnu-tools-for-stm32.13.3.rel1.win32_1.0.0.202411081344/tools/bin/../lib/gcc/arm-none-eabi/13.3.1/../../../../arm-none-eabi/lib/thumb/v6-m/nofp\libc_nano.a(libc_a-findfp.o) (_fwalk_sglue)
C:/ST/STM32CubeIDE_1.19.0/STM32CubeIDE/plugins/com.st.stm32cube.ide.mcu.externaltools.gnu-tools-for-stm32.13.3.rel1.win32_1.0.0.202411081344/tools/bin/../lib/gcc/arm-none-eabi/13.3.1/../../../../arm-none-eabi/lib/thumb/v6-m/nofp\libc_nano.a(libc_a-stdio.o)
                              C:/ST/STM32CubeIDE_1.19.0/STM32CubeIDE/plugins/com.st.stm32cube.ide.mcu.externaltools.gnu-tools-for-stm32.13.3.rel1.win32_1.0.0.202411081344/tools/bin/../lib/gcc/arm-none-eabi/13.3.1/../../../../arm-none-eabi/lib/thumb/v6-m/nofp\libc_nano.a(libc_a-findfp.o) (__sread)
C:/ST/STM32CubeIDE_1.19.0/STM32CubeIDE/plugins/com.st.stm32cube.ide.mcu.externaltools.gnu-tools-for-stm32.13.3.rel1.win32_1.0.0.202411081344/tools/bin/../lib/gcc/arm-none-eabi/13.3.1/../../../../arm-none-eabi/lib/thumb/v6-m/nofp\libc_nano.a(libc_a-memset.o)
                              C:/ST/STM32CubeIDE_1.19.0/STM32CubeIDE/plugins/com.st.stm32cube.ide.mcu.externaltools.gnu-tools-for-stm32.13.3.rel1.win32_1.0.0.202411081344/tools/bin/../lib/gcc/arm-none-eabi/13.3.1/../../../../arm-none-eabi/lib/thumb/v6-m/nofp/crt0.o (memset)
C:/ST/STM32CubeIDE_1.19.0/STM32CubeIDE/plugins/com.st.stm32cube.ide.mcu.externaltools.gnu-tools-for-stm32.13.3.rel1.win32_1.0.0.202411081344/tools/bin/../lib/gcc/arm-none-eabi/13.3.1/../../../../arm-none-eabi/lib/thumb/v6-m/nofp\libc_nano.a(libc_a-closer.o)
                              C:/ST/STM32CubeIDE_1.19.0/STM32CubeIDE/plugins/com.st.stm32cube.ide.mcu.externaltools.gnu-tools-for-stm32.13.3.rel1.win32_1.0.0.202411081344/tools/bin/../lib/gcc/arm-none-eabi/13.3.1/../../../../arm-none-eabi/lib/thumb/v6-m/nofp\libc_nano.a(libc_a-stdio.o) (_close_r)
C:/ST/STM32CubeIDE_1.19.0/STM32CubeIDE/plugins/com.st.stm32cube.ide.mcu.externaltools.gnu-tools-for-stm32.13.3.rel1.win32_1.0.0.202411081344/tools/bin/../lib/gcc/arm-none-eabi/13.3.1/../../../../arm-none-eabi/lib/thumb/v6-m/nofp\libc_nano.a(libc_a-reent.o)
                              C:/ST/STM32CubeIDE_1.19.0/STM32CubeIDE/plugins/com.st.stm32cube.ide.mcu.externaltools.gnu-tools-for-stm32.13.3.rel1.win32_1.0.0.202411081344/tools/bin/../lib/gcc/arm-none-eabi/13.3.1/../../../../arm-none-eabi/lib/thumb/v6-m/nofp\libc_nano.a(libc_a-closer.o) (errno)
C:/ST/STM32CubeIDE_1.19.0/STM32CubeIDE/plugins/com.st.stm32cube.ide.mcu.externaltools.gnu-tools-for-stm32.13.3.rel1.win32_1.0.0.202411081344/tools/bin/../lib/gcc/arm-none-eabi/13.3.1/../../../../arm-none-eabi/lib/thumb/v6-m/nofp\libc_nano.a(libc_a-impure.o)
                              C:/ST/STM32CubeIDE_1.19.0/STM32CubeIDE/plugins/com.st.stm32cube.ide.mcu.externaltools.gnu-tools-for-stm32.13.3.rel1.win32_1.0.0.202411081344/tools/bin/../lib/gcc/arm-none-eabi/13.3.1/../../../../arm-none-eabi/lib/thumb/v6-m/nofp\libc_nano.a(libc_a-reent.o) (_impure_ptr)
C:/ST/STM32CubeIDE_1.19.0/STM32CubeIDE/plugins/com.st.stm32cube.ide.mcu.externaltools.gnu-tools-for-stm32.13.3.rel1.win32_1.0.0.202411081344/tools/bin/../lib/gcc/arm-none-eabi/13.3.1/../../../../arm-none-eabi/lib/thumb/v6-m/nofp\libc_nano.a(libc_a-lseekr.o)
[...]
Memory Configuration

Name             Origin             Length             Attributes
RAM              0x20000000         0x00008000         xrw
REGION_FLASH_BOOTLOADER 0x10040000         0x00000000         xr
FLASH            0x10040000         0x00040000         xr
REGION_ROM       0x10000000         0x00001800         xr
*default*        0x00000000         0xffffffff

Linker script and memory map

LOAD C:/ST/STM32CubeIDE_1.19.0/STM32CubeIDE/plugins/com.st.stm32cube.ide.mcu.externaltools.gnu-tools-for-stm32.13.3.rel1.win32_1.0.0.202411081344/tools/bin/../lib/gcc/arm-none-eabi/13.3.1/thumb/v6-m/nofp/crti.o
LOAD C:/ST/STM32CubeIDE_1.19.0/STM32CubeIDE/plugins/com.st.stm32cube.ide.mcu.externaltools.gnu-tools-for-stm32.13.3.rel1.win32_1.0.0.202411081344/tools/bin/../lib/gcc/arm-none-eabi/13.3.1/thumb/v6-m/nofp/crtbegin.o
LOAD C:/ST/STM32CubeIDE_1.19.0/STM32CubeIDE/plugins/com.st.stm32cube.ide.mcu.externaltools.gnu-tools-for-stm32.13.3.rel1.win32_1.0.0.202411081344/tools/bin/../lib/gcc/arm-none-eabi/13.3.1/../../../../arm-none-eabi/lib/thumb/v6-m/nofp/crt0.o
LOAD ./Core/Src/main.o
LOAD ./Core/Src/stm32wl3x_hal_msp.o
LOAD ./Core/Src/stm32wl3x_it.o
LOAD ./Core/Src/syscalls.o
LOAD ./Core/Src/sysmem.o
LOAD ./Core/Src/system_stm32wl3x.o
LOAD ./Core/Startup/startup_stm32wl33ccvx.o
LOAD ./Drivers/BSP/STM32WL3x-Nucleo/stm32wl3x_nucleo.o
LOAD ./Drivers/OLED/ssd1306.o
LOAD ./Drivers/OLED/ssd1306_fonts.o
LOAD ./Drivers/STM32WL3x_HAL_Driver/Src/stm32wl3x_hal.o
LOAD ./Drivers/STM32WL3x_HAL_Driver/Src/stm32wl3x_hal_cortex.o
LOAD ./Drivers/STM32WL3x_HAL_Driver/Src/stm32wl3x_hal_dma.o
LOAD ./Drivers/STM32WL3x_HAL_Driver/Src/stm32wl3x_hal_flash.o
LOAD ./Drivers/STM32WL3x_HAL_Driver/Src/stm32wl3x_hal_flash_ex.o
LOAD ./Drivers/STM32WL3x_HAL_Driver/Src/stm32wl3x_hal_gpio.o
LOAD ./Drivers/STM32WL3x_HAL_Driver/Src/stm32wl3x_hal_i2c.o
LOAD ./Drivers/STM32WL3x_HAL_Driver/Src/stm32wl3x_hal_i2c_ex.o
LOAD ./Drivers/STM32WL3x_HAL_Driver/Src/stm32wl3x_hal_pwr.o
LOAD ./Drivers/STM32WL3x_HAL_Driver/Src/stm32wl3x_hal_pwr_ex.o
LOAD ./Drivers/STM32WL3x_HAL_Driver/Src/stm32wl3x_hal_rcc.o
LOAD ./Drivers/STM32WL3x_HAL_Driver/Src/stm32wl3x_hal_rcc_ex.o
LOAD ./Drivers/STM32WL3x_HAL_Driver/Src/stm32wl3x_hal_tim.o
LOAD ./Drivers/STM32WL3x_HAL_Driver/Src/stm32wl3x_hal_tim_ex.o
LOAD ./Drivers/STM32WL3x_HAL_Driver/Src/stm32wl3x_hal_uart.o
LOAD ./Drivers/STM32WL3x_HAL_Driver/Src/stm32wl3x_hal_uart_ex.o
LOAD ./Drivers/STM32WL3x_HAL_Driver/Src/stm32wl3x_hal_usart.o
LOAD ./Drivers/STM32WL3x_HAL_Driver/Src/stm32wl3x_hal_usart_ex.o
START GROUP
LOAD C:/ST/STM32CubeIDE_1.19.0/STM32CubeIDE/plugins/com.st.stm32cube.ide.mcu.externaltools.gnu-tools-for-stm32.13.3.rel1.win32_1.0.0.202411081344/tools/bin/../lib/gcc/arm-none-eabi/13.3.1/../../../../arm-none-eabi/lib/thumb/v6-m/nofp\libc_nano.a
LOAD C:/ST/STM32CubeIDE_1.19.0/STM32CubeIDE/plugins/com.st.stm32cube.ide.mcu.externaltools.gnu-tools-for-stm32.13.3.rel1.win32_1.0.0.202411081344/tools/bin/../lib/gcc/arm-none-eabi/13.3.1/../../../../arm-none-eabi/lib/thumb/v6-m/nofp\libm.a
END GROUP
START GROUP
LOAD C:/ST/STM32CubeIDE_1.19.0/STM32CubeIDE/plugins/com.st.stm32cube.ide.mcu.externaltools.gnu-tools-for-stm32.13.3.rel1.win32_1.0.0.202411081344/tools/bin/../lib/gcc/arm-none-eabi/13.3.1/thumb/v6-m/nofp\libgcc.a
LOAD C:/ST/STM32CubeIDE_1.19.0/STM32CubeIDE/plugins/com.st.stm32cube.ide.mcu.externaltools.gnu-tools-for-stm32.13.3.rel1.win32_1.0.0.202411081344/tools/bin/../lib/gcc/arm-none-eabi/13.3.1/../../../../arm-none-eabi/lib/thumb/v6-m/nofp\libc_nano.a
END GROUP
START GROUP
LOAD C:/ST/STM32CubeIDE_1.19.0/STM32CubeIDE/plugins/com.st.stm32cube.ide.mcu.externaltools.gnu-tools-for-stm32.13.3.rel1.win32_1.0.0.202411081344/tools/bin/../lib/gcc/arm-none-eabi/13.3.1/thumb/v6-m/nofp\libgcc.a
LOAD C:/ST/STM32CubeIDE_1.19.0/STM32CubeIDE/plugins/com.st.stm32cube.ide.mcu.externaltools.gnu-tools-for-stm32.13.3.rel1.win32_1.0.0.202411081344/tools/bin/../lib/gcc/arm-none-eabi/13.3.1/../../../../arm-none-eabi/lib/thumb/v6-m/nofp\libc_nano.a
LOAD C:/ST/STM32CubeIDE_1.19.0/STM32CubeIDE/plugins/com.st.stm32cube.ide.mcu.externaltools.gnu-tools-for-stm32.13.3.rel1.win32_1.0.0.202411081344/tools/bin/../lib/gcc/arm-none-eabi/13.3.1/../../../../arm-none-eabi/lib/thumb/v6-m/nofp\libnosys.a
END GROUP
START GROUP
LOAD C:/ST/STM32CubeIDE_1.19.0/STM32CubeIDE/plugins/com.st.stm32cube.ide.mcu.externaltools.gnu-tools-for-stm32.13.3.rel1.win32_1.0.0.202411081344/tools/bin/../lib/gcc/arm-none-eabi/13.3.1/thumb/v6-m/nofp\libgcc.a
LOAD C:/ST/STM32CubeIDE_1.19.0/STM32CubeIDE/plugins/com.st.stm32cube.ide.mcu.externaltools.gnu-tools-for-stm32.13.3.rel1.win32_1.0.0.202411081344/tools/bin/../lib/gcc/arm-none-eabi/13.3.1/../../../../arm-none-eabi/lib/thumb/v6-m/nofp\libc_nano.a
LOAD C:/ST/STM32CubeIDE_1.19.0/STM32CubeIDE/plugins/com.st.stm32cube.ide.mcu.externaltools.gnu-tools-for-stm32.13.3.rel1.win32_1.0.0.202411081344/tools/bin/../lib/gcc/arm-none-eabi/13.3.1/../../../../arm-none-eabi/lib/thumb/v6-m/nofp\libnosys.a
END GROUP
LOAD C:/ST/STM32CubeIDE_1.19.0/STM32CubeIDE/plugins/com.st.stm32cube.ide.mcu.externaltools.gnu-tools-for-stm32.13.3.rel1.win32_1.0.0.202411081344/tools/bin/../lib/gcc/arm-none-eabi/13.3.1/thumb/v6-m/nofp/crtend.o
LOAD C:/ST/STM32CubeIDE_1.19.0/STM32CubeIDE/plugins/com.st.stm32cube.ide.mcu.externaltools.gnu-tools-for-stm32.13.3.rel1.win32_1.0.0.202411081344/tools/bin/../lib/gcc/arm-none-eabi/13.3.1/thumb/v6-m/nofp/crtn.o
                0x20000000                        _MEMORY_RAM_BEGIN_ = 0x20000000
                0x00008000                        _MEMORY_RAM_SIZE_ = 0x8000
                0x20007fff                        _MEMORY_RAM_END_ = 0x20007fff
                0x10040000                        _MEMORY_FLASH_BEGIN_ = 0x10040000
                0x00040000                        _MEMORY_FLASH_SIZE_ = 0x40000
                0x1007ffff                        _MEMORY_FLASH_END_ = 0x1007ffff
                0x10000000                        _MEMORY_ROM_BEGIN_ = 0x10000000
                0x00001800                        _MEMORY_ROM_SIZE_ = 0x1800
                0x100017ff                        _MEMORY_ROM_END_ = 0x100017ff
                0x00000000                        MEMORY_FLASH_APP_OFFSET = DEFINED (MEMORY_FLASH_APP_OFFSET)?MEMORY_FLASH_APP_OFFSET:0x0
                0x00040000                        MEMORY_FLASH_APP_SIZE = DEFINED (MEMORY_FLASH_APP_SIZE)?MEMORY_FLASH_APP_SIZE:(_MEMORY_FLASH_SIZE_ - MEMORY_FLASH_APP_OFFSET)
                0x00000800                        RESET_MANAGER_SIZE = DEFINED (RESET_MANAGER_SIZE)?RESET_MANAGER_SIZE:0x800
                0x00000000                        _Min_Heap_Size = 0x0
                0x00000c00                        _Min_Stack_Size = 0xc00

.intvec         0x10040000       0xc0
                0x10040000                        . = ALIGN (0x4)
 *(.intvec)
 .intvec        0x10040000       0xc0 ./Core/Startup/startup_stm32wl33ccvx.o
                0x10040000                __vector_table
                0x100400c0                        . = ALIGN (0x4)

.text           0x100400c0     0x45a8
                0x100400c0                        . = ALIGN (0x4)
 *(.cmd_call_table)
 *(.text)
 .text          0x100400c0      0x114 C:/ST/STM32CubeIDE_1.19.0/STM32CubeIDE/plugins/com.st.stm32cube.ide.mcu.externaltools.gnu-tools-for-stm32.13.3.rel1.win32_1.0.0.202411081344/tools/bin/../lib/gcc/arm-none-eabi/13.3.1/thumb/v6-m/nofp\libgcc.a(_udivsi3.o)
                0x100400c0                __aeabi_uidiv
                0x100400c0                __udivsi3
                0x100401cc                __aeabi_uidivmod
 .text          0x100401d4      0x1d4 C:/ST/STM32CubeIDE_1.19.0/STM32CubeIDE/plugins/com.st.stm32cube.ide.mcu.externaltools.gnu-tools-for-stm32.13.3.rel1.win32_1.0.0.202411081344/tools/bin/../lib/gcc/arm-none-eabi/13.3.1/thumb/v6-m/nofp\libgcc.a(_divsi3.o)
                0x100401d4                __divsi3
                0x100401d4                __aeabi_idiv
                0x100403a0                __aeabi_idivmod
 .text          0x100403a8        0x4 C:/ST/STM32CubeIDE_1.19.0/STM32CubeIDE/plugins/com.st.stm32cube.ide.mcu.externaltools.gnu-tools-for-stm32.13.3.rel1.win32_1.0.0.202411081344/tools/bin/../lib/gcc/arm-none-eabi/13.3.1/thumb/v6-m/nofp\libgcc.a(_dvmd_tls.o)
                0x100403a8                __aeabi_idiv0
                0x100403a8                __aeabi_ldiv0
 .text          0x100403ac       0x40 C:/ST/STM32CubeIDE_1.19.0/STM32CubeIDE/plugins/com.st.stm32cube.ide.mcu.externaltools.gnu-tools-for-stm32.13.3.rel1.win32_1.0.0.202411081344/tools/bin/../lib/gcc/arm-none-eabi/13.3.1/thumb/v6-m/nofp\libgcc.a(_aeabi_uldivmod.o)
                0x100403ac                __aeabi_uldivmod
 .text          0x100403ec      0x198 C:/ST/STM32CubeIDE_1.19.0/STM32CubeIDE/plugins/com.st.stm32cube.ide.mcu.externaltools.gnu-tools-for-stm32.13.3.rel1.win32_1.0.0.202411081344/tools/bin/../lib/gcc/arm-none-eabi/13.3.1/thumb/v6-m/nofp\libgcc.a(_udivmoddi4.o)
                0x100403ec                __udivmoddi4
 .text          0x10040584       0x3c C:/ST/STM32CubeIDE_1.19.0/STM32CubeIDE/plugins/com.st.stm32cube.ide.mcu.externaltools.gnu-tools-for-stm32.13.3.rel1.win32_1.0.0.202411081344/tools/bin/../lib/gcc/arm-none-eabi/13.3.1/thumb/v6-m/nofp\libgcc.a(_clzsi2.o)
                0x10040584                __clzsi2
 .text          0x100405c0       0x18 C:/ST/STM32CubeIDE_1.19.0/STM32CubeIDE/plugins/com.st.stm32cube.ide.mcu.externaltools.gnu-tools-for-stm32.13.3.rel1.win32_1.0.0.202411081344/tools/bin/../lib/gcc/arm-none-eabi/13.3.1/thumb/v6-m/nofp\libgcc.a(_clzdi2.o)
                0x100405c0                __clzdi2
 *(.text*)
 .text.LL_AHB1_GRP1_EnableClock
                0x100405d8       0x2c ./Core/Src/main.o
 .text.main     0x10040604       0xa4 ./Core/Src/main.o
                0x10040604                main
 .text.SystemClock_Config
                0x100406a8       0x60 ./Core/Src/main.o
                0x100406a8                SystemClock_Config
 .text.PeriphCommonClock_Config
                0x10040708       0x3e ./Core/Src/main.o
                0x10040708                PeriphCommonClock_Config
 *fill*         0x10040746        0x2 
 .text.MX_I2C2_Init
                0x10040748       0x80 ./Core/Src/main.o
 .text.MX_GPIO_Init
                0x100407c8       0xd0 ./Core/Src/main.o
 .text.DrawBarGraph
                0x10040898      0x128 ./Core/Src/main.o
                0x10040898                DrawBarGraph
 .text.RenderScreen
                0x100409c0       0x50 ./Core/Src/main.o
                0x100409c0                RenderScreen
 .text.Error_Handler
                0x10040a10        0xc ./Core/Src/main.o
                0x10040a10                Error_Handler
 .text.LL_AHB1_GRP1_EnableClock
                0x10040a1c       0x2c ./Core/Src/stm32wl3x_hal_msp.o
 .text.LL_APB0_GRP1_EnableClock
                0x10040a48       0x2c ./Core/Src/stm32wl3x_hal_msp.o
 .text.LL_APB1_GRP1_EnableClock
                0x10040a74       0x2c ./Core/Src/stm32wl3x_hal_msp.o
 .text.HAL_MspInit
                0x10040aa0       0x14 ./Core/Src/stm32wl3x_hal_msp.o
                0x10040aa0                HAL_MspInit
 .text.HAL_I2C_MspInit
                0x10040ab4       0x7c ./Core/Src/stm32wl3x_hal_msp.o
                0x10040ab4                HAL_I2C_MspInit
 .text.NMI_Handler
                0x10040b30        0x8 ./Core/Src/stm32wl3x_it.o
                0x10040b30                NMI_Handler
 .text.HardFault_Handler
                0x10040b38        0x8 ./Core/Src/stm32wl3x_it.o
                0x10040b38                HardFault_Handler
 .text.SVC_Handler
                0x10040b40        0xa ./Core/Src/stm32wl3x_it.o
                0x10040b40                SVC_Handler
 .text.PendSV_Handler
                0x10040b4a        0xa ./Core/Src/stm32wl3x_it.o
                0x10040b4a                PendSV_Handler
 .text.SysTick_Handler
                0x10040b54        0xe ./Core/Src/stm32wl3x_it.o
                0x10040b54                SysTick_Handler
 *fill*         0x10040b62        0x2 
 .text.__NVIC_SetPriority
                0x10040b64       0xdc ./Core/Src/system_stm32wl3x.o
 .text.__NVIC_SystemReset
                0x10040c40       0x24 ./Core/Src/system_stm32wl3x.o
 .text.SystemInit
                0x10040c64      0x1b0 ./Core/Src/system_stm32wl3x.o
                0x10040c64                SystemInit
 .text.SystemCoreClockUpdate
                0x10040e14       0x94 ./Core/Src/system_stm32wl3x.o
                0x10040e14                SystemCoreClockUpdate
 .text.CPUcontextRestore
                0x10040ea8        0xa ./Core/Src/system_stm32wl3x.o
                0x10040ea8                CPUcontextRestore
 *fill*         0x10040eb2        0x2 
 .text.Reset_Handler
                0x10040eb4       0x4c ./Core/Startup/startup_stm32wl33ccvx.o
                0x10040eb4                Reset_Handler
 .text.Default_Handler
                0x10040f00        0x2 ./Core/Startup/startup_stm32wl33ccvx.o
                0x10040f00                GPIOB_IRQHandler
                0x10040f00                GPIOA_IRQHandler
                0x10040f00                PVD_IRQHandler
                0x10040f00                I2C1_IRQHandler
                0x10040f00                MRSUBG_TIMER_CPU_WKUP_IRQHandler
                0x10040f00                SPI1_IRQHandler
                0x10040f00                I2C2_IRQHandler
                0x10040f00                RTC_IRQHandler
                0x10040f00                LCD_IRQHandler
                0x10040f00                TIM16_IRQHandler
                0x10040f00                RCC_IRQHandler
                0x10040f00                Default_Handler
                0x10040f00                MRSUBG_WKUP_IRQHandler
                0x10040f00                ADC_IRQHandler
                0x10040f00                LCSC_IRQHandler
                0x10040f00                MRSUBG_TX_RX_SEQUENCE_IRQHandler
                0x10040f00                LPUART1_IRQHandler
                0x10040f00                TIM2_IRQHandler
                0x10040f00                DAC_IRQHandler
                0x10040f00                AES_IRQHandler
                0x10040f00                LCSC_LC_ACTIVITY_IRQHandler
                0x10040f00                MRSUBG_BUSY_IRQHandler
                0x10040f00                MRSUBG_IRQHandler
                0x10040f00                DMA_IRQHandler
                0x10040f00                FLASH_IRQHandler
                0x10040f00                USART1_IRQHandler
                0x10040f00                SPI3_IRQHandler
                0x10040f00                COMP1_IRQHandler
                0x10040f00                LPAWUR_IRQHandler
 *fill*         0x10040f02        0x2 
 .text.LL_PWR_IsEnabledPUPDCfg
                0x10040f04       0x20 ./Drivers/BSP/STM32WL3x-Nucleo/stm32wl3x_nucleo.o
 .text.LL_PWR_EnableGPIOPullUp
                0x10040f24       0x30 ./Drivers/BSP/STM32WL3x-Nucleo/stm32wl3x_nucleo.o
 .text.LL_AHB1_GRP1_EnableClock
                0x10040f54       0x2c ./Drivers/BSP/STM32WL3x-Nucleo/stm32wl3x_nucleo.o
 .text.LL_APB0_GRP1_EnableClock
                0x10040f80       0x2c ./Drivers/BSP/STM32WL3x-Nucleo/stm32wl3x_nucleo.o
 .text.LL_APB1_GRP1_EnableClock
                0x10040fac       0x2c ./Drivers/BSP/STM32WL3x-Nucleo/stm32wl3x_nucleo.o
 .text.BSP_LED_Init
                0x10040fd8       0xec ./Drivers/BSP/STM32WL3x-Nucleo/stm32wl3x_nucleo.o
                0x10040fd8                BSP_LED_Init
 .text.BSP_PB_Init
                0x100410c4      0x138 ./Drivers/BSP/STM32WL3x-Nucleo/stm32wl3x_nucleo.o
                0x100410c4                BSP_PB_Init
 .text.BSP_COM_Init
                0x100411fc       0x80 ./Drivers/BSP/STM32WL3x-Nucleo/stm32wl3x_nucleo.o
                0x100411fc                BSP_COM_Init
 .text.MX_USART1_Init
                0x1004127c       0x64 ./Drivers/BSP/STM32WL3x-Nucleo/stm32wl3x_nucleo.o
                0x1004127c                MX_USART1_Init
 .text.UART_MspInit
                0x100412e0       0x8c ./Drivers/BSP/STM32WL3x-Nucleo/stm32wl3x_nucleo.o
 .text.ssd1306_Reset
                0x1004136c        0xa ./Drivers/OLED/ssd1306.o
                0x1004136c                ssd1306_Reset
 *fill*         0x10041376        0x2 
 .text.ssd1306_WriteCommand
                0x10041378       0x34 ./Drivers/OLED/ssd1306.o
                0x10041378                ssd1306_WriteCommand
 .text.ssd1306_WriteData
                0x100413ac       0x34 ./Drivers/OLED/ssd1306.o
                0x100413ac                ssd1306_WriteData
 .text.ssd1306_Init
                0x100413e0       0xd8 ./Drivers/OLED/ssd1306.o
                0x100413e0                ssd1306_Init
 .text.ssd1306_Fill
                0x100414b8       0x34 ./Drivers/OLED/ssd1306.o
                0x100414b8                ssd1306_Fill
 .text.ssd1306_UpdateScreen
                0x100414ec       0x5c ./Drivers/OLED/ssd1306.o
                0x100414ec                ssd1306_UpdateScreen
 .text.ssd1306_DrawPixel
                0x10041548       0xc4 ./Drivers/OLED/ssd1306.o
                0x10041548                ssd1306_DrawPixel
 .text.ssd1306_WriteChar
                0x1004160c      0x154 ./Drivers/OLED/ssd1306.o
                0x1004160c                ssd1306_WriteChar
 .text.ssd1306_WriteString
                0x10041760       0x56 ./Drivers/OLED/ssd1306.o
                0x10041760                ssd1306_WriteString
 *fill*         0x100417b6        0x2 
 .text.ssd1306_SetCursor
                0x100417b8       0x34 ./Drivers/OLED/ssd1306.o
                0x100417b8                ssd1306_SetCursor
 .text.ssd1306_FillRectangle
                0x100417ec      0x10e ./Drivers/OLED/ssd1306.o
                0x100417ec                ssd1306_FillRectangle
 .text.ssd1306_SetContrast
                0x100418fa       0x30 ./Drivers/OLED/ssd1306.o
                0x100418fa                ssd1306_SetContrast
 *fill*         0x1004192a        0x2 
 .text.ssd1306_SetDisplayOn
                0x1004192c       0x4c ./Drivers/OLED/ssd1306.o
                0x1004192c                ssd1306_SetDisplayOn
 .text.HAL_Init
                0x10041978       0x2e ./Drivers/STM32WL3x_HAL_Driver/Src/stm32wl3x_hal.o
                0x10041978                HAL_Init
 *fill*         0x100419a6        0x2 
 .text.HAL_InitTick
                0x100419a8       0x90 ./Drivers/STM32WL3x_HAL_Driver/Src/stm32wl3x_hal.o
                0x100419a8                HAL_InitTick
 .text.HAL_IncTick
                0x10041a38       0x24 ./Drivers/STM32WL3x_HAL_Driver/Src/stm32wl3x_hal.o
                0x10041a38                HAL_IncTick
 .text.HAL_GetTick
                0x10041a5c       0x14 ./Drivers/STM32WL3x_HAL_Driver/Src/stm32wl3x_hal.o
                0x10041a5c                HAL_GetTick
 .text.HAL_GetTickPrio
                0x10041a70       0x14 ./Drivers/STM32WL3x_HAL_Driver/Src/stm32wl3x_hal.o
                0x10041a70                HAL_GetTickPrio
 .text.HAL_Delay
                0x10041a84       0x48 ./Drivers/STM32WL3x_HAL_Driver/Src/stm32wl3x_hal.o
                0x10041a84                HAL_Delay
 .text.__NVIC_EnableIRQ
                0x10041acc       0x34 ./Drivers/STM32WL3x_HAL_Driver/Src/stm32wl3x_hal_cortex.o
 .text.__NVIC_SetPriority
                0x10041b00       0xdc ./Drivers/STM32WL3x_HAL_Driver/Src/stm32wl3x_hal_cortex.o
 .text.SysTick_Config
                0x10041bdc       0x48 ./Drivers/STM32WL3x_HAL_Driver/Src/stm32wl3x_hal_cortex.o
 .text.HAL_NVIC_SetPriority
                0x10041c24       0x2a ./Drivers/STM32WL3x_HAL_Driver/Src/stm32wl3x_hal_cortex.o
                0x10041c24                HAL_NVIC_SetPriority
 .text.HAL_NVIC_EnableIRQ
                0x10041c4e       0x20 ./Drivers/STM32WL3x_HAL_Driver/Src/stm32wl3x_hal_cortex.o
                0x10041c4e                HAL_NVIC_EnableIRQ
 .text.HAL_SYSTICK_Config
                0x10041c6e       0x1a ./Drivers/STM32WL3x_HAL_Driver/Src/stm32wl3x_hal_cortex.o
                0x10041c6e                HAL_SYSTICK_Config
 .text.HAL_GPIO_Init
                0x10041c88      0x36a ./Drivers/STM32WL3x_HAL_Driver/Src/stm32wl3x_hal_gpio.o
                0x10041c88                HAL_GPIO_Init
 .text.HAL_GPIO_WritePin
                0x10041ff2       0x3a ./Drivers/STM32WL3x_HAL_Driver/Src/stm32wl3x_hal_gpio.o
                0x10041ff2                HAL_GPIO_WritePin
 .text.HAL_I2C_Init
                0x1004202c      0x14c ./Drivers/STM32WL3x_HAL_Driver/Src/stm32wl3x_hal_i2c.o
                0x1004202c                HAL_I2C_Init
 .text.HAL_I2C_Mem_Write
                0x10042178      0x25c ./Drivers/STM32WL3x_HAL_Driver/Src/stm32wl3x_hal_i2c.o
                0x10042178                HAL_I2C_Mem_Write
 .text.I2C_RequestMemoryWrite
                0x100423d4       0xc8 ./Drivers/STM32WL3x_HAL_Driver/Src/stm32wl3x_hal_i2c.o
 .text.I2C_Flush_TXDR
                0x1004249c       0x44 ./Drivers/STM32WL3x_HAL_Driver/Src/stm32wl3x_hal_i2c.o
 .text.I2C_WaitOnFlagUntilTimeout
                0x100424e0       0xb0 ./Drivers/STM32WL3x_HAL_Driver/Src/stm32wl3x_hal_i2c.o
 .text.I2C_WaitOnTXISFlagUntilTimeout
                0x10042590       0x8c ./Drivers/STM32WL3x_HAL_Driver/Src/stm32wl3x_hal_i2c.o
 .text.I2C_WaitOnSTOPFlagUntilTimeout
                0x1004261c       0x86 ./Drivers/STM32WL3x_HAL_Driver/Src/stm32wl3x_hal_i2c.o
 *fill*         0x100426a2        0x2 
 .text.I2C_IsErrorOccurred
                0x100426a4      0x1f0 ./Drivers/STM32WL3x_HAL_Driver/Src/stm32wl3x_hal_i2c.o
 .text.I2C_TransferConfig
                0x10042894       0x74 ./Drivers/STM32WL3x_HAL_Driver/Src/stm32wl3x_hal_i2c.o
 .text.HAL_I2CEx_ConfigAnalogFilter
                0x10042908       0x98 ./Drivers/STM32WL3x_HAL_Driver/Src/stm32wl3x_hal_i2c_ex.o
                0x10042908                HAL_I2CEx_ConfigAnalogFilter
 .text.HAL_I2CEx_ConfigDigitalFilter
                0x100429a0       0x98 ./Drivers/STM32WL3x_HAL_Driver/Src/stm32wl3x_hal_i2c_ex.o
                0x100429a0                HAL_I2CEx_ConfigDigitalFilter
 .text.HAL_PWREx_EnableGPIOPullUp
                0x10042a38       0x74 ./Drivers/STM32WL3x_HAL_Driver/Src/stm32wl3x_hal_pwr_ex.o
                0x10042a38                HAL_PWREx_EnableGPIOPullUp
 .text.HAL_PWREx_DisableGPIOPullUp
                0x10042aac       0x5c ./Drivers/STM32WL3x_HAL_Driver/Src/stm32wl3x_hal_pwr_ex.o
                0x10042aac                HAL_PWREx_DisableGPIOPullUp
 .text.HAL_PWREx_DisableGPIOPullDown
                0x10042b08       0x5c ./Drivers/STM32WL3x_HAL_Driver/Src/stm32wl3x_hal_pwr_ex.o
                0x10042b08                HAL_PWREx_DisableGPIOPullDown
 .text.LL_PWR_SetNoPullB
                0x10042b64       0x30 ./Drivers/STM32WL3x_HAL_Driver/Src/stm32wl3x_hal_rcc.o
 .text.LL_RCC_HSE_Enable
                0x10042b94       0x1c ./Drivers/STM32WL3x_HAL_Driver/Src/stm32wl3x_hal_rcc.o
 .text.LL_RCC_HSE_Disable
                0x10042bb0       0x20 ./Drivers/STM32WL3x_HAL_Driver/Src/stm32wl3x_hal_rcc.o
 .text.LL_RCC_HSE_IsReady
                0x10042bd0       0x28 ./Drivers/STM32WL3x_HAL_Driver/Src/stm32wl3x_hal_rcc.o
 .text.LL_RCC_HSE_SetCapacitorTuning
                0x10042bf8       0x40 ./Drivers/STM32WL3x_HAL_Driver/Src/stm32wl3x_hal_rcc.o
 .text.LL_RCC_HSE_SetCurrentControl
                0x10042c38       0x30 ./Drivers/STM32WL3x_HAL_Driver/Src/stm32wl3x_hal_rcc.o
 .text.LL_RCC_HSE_SetStartupCurrent
                0x10042c68       0x34 ./Drivers/STM32WL3x_HAL_Driver/Src/stm32wl3x_hal_rcc.o
 .text.LL_RCC_HSE_SetAmplitudeThreshold
                0x10042c9c       0x34 ./Drivers/STM32WL3x_HAL_Driver/Src/stm32wl3x_hal_rcc.o
 .text.LL_RCC_HSI_Enable
                0x10042cd0       0x28 ./Drivers/STM32WL3x_HAL_Driver/Src/stm32wl3x_hal_rcc.o
 .text.LL_RCC_HSI_Disable
                0x10042cf8       0x28 ./Drivers/STM32WL3x_HAL_Driver/Src/stm32wl3x_hal_rcc.o
 .text.LL_RCC_HSI_IsReady
                0x10042d20       0x28 ./Drivers/STM32WL3x_HAL_Driver/Src/stm32wl3x_hal_rcc.o
 .text.LL_RCC_DIRECT_HSE_Enable
                0x10042d48       0x4c ./Drivers/STM32WL3x_HAL_Driver/Src/stm32wl3x_hal_rcc.o
 .text.LL_RCC_LSCO_SetSource
                0x10042d94       0x2c ./Drivers/STM32WL3x_HAL_Driver/Src/stm32wl3x_hal_rcc.o
 .text.LL_RCC_LSE_Enable
                0x10042dc0       0x1c ./Drivers/STM32WL3x_HAL_Driver/Src/stm32wl3x_hal_rcc.o
 .text.LL_RCC_LSE_Disable
                0x10042ddc       0x1c ./Drivers/STM32WL3x_HAL_Driver/Src/stm32wl3x_hal_rcc.o
 .text.LL_RCC_LSE_IsReady
                0x10042df8       0x20 ./Drivers/STM32WL3x_HAL_Driver/Src/stm32wl3x_hal_rcc.o
 .text.LL_RCC_LSE_EnableBypass
                0x10042e18       0x1c ./Drivers/STM32WL3x_HAL_Driver/Src/stm32wl3x_hal_rcc.o
 .text.LL_RCC_LSE_DisableBypass
                0x10042e34       0x1c ./Drivers/STM32WL3x_HAL_Driver/Src/stm32wl3x_hal_rcc.o
 .text.LL_RCC_LSE_IsBypassEnabled
                0x10042e50       0x20 ./Drivers/STM32WL3x_HAL_Driver/Src/stm32wl3x_hal_rcc.o
 .text.LL_RCC_LSE_SetDriveCapability
                0x10042e70       0x28 ./Drivers/STM32WL3x_HAL_Driver/Src/stm32wl3x_hal_rcc.o
 .text.LL_RCC_LSI_Enable
                0x10042e98       0x1c ./Drivers/STM32WL3x_HAL_Driver/Src/stm32wl3x_hal_rcc.o
 .text.LL_RCC_LSI_Disable
                0x10042eb4       0x1c ./Drivers/STM32WL3x_HAL_Driver/Src/stm32wl3x_hal_rcc.o
 .text.LL_RCC_LSI_IsReady
                0x10042ed0       0x20 ./Drivers/STM32WL3x_HAL_Driver/Src/stm32wl3x_hal_rcc.o
 .text.LL_RCC_RC64MPLL_Enable
                0x10042ef0       0x1c ./Drivers/STM32WL3x_HAL_Driver/Src/stm32wl3x_hal_rcc.o
 .text.LL_RCC_RC64MPLL_Disable
                0x10042f0c       0x20 ./Drivers/STM32WL3x_HAL_Driver/Src/stm32wl3x_hal_rcc.o
 .text.LL_RCC_RC64MPLL_IsReady
                0x10042f2c       0x28 ./Drivers/STM32WL3x_HAL_Driver/Src/stm32wl3x_hal_rcc.o
 .text.LL_RCC_SetRC64MPLLPrescaler
                0x10042f54       0x28 ./Drivers/STM32WL3x_HAL_Driver/Src/stm32wl3x_hal_rcc.o
 .text.HAL_RCC_OscConfig
                0x10042f7c      0x2ac ./Drivers/STM32WL3x_HAL_Driver/Src/stm32wl3x_hal_rcc.o
                0x10042f7c                HAL_RCC_OscConfig
 .text.HAL_RCC_ClockConfig
                0x10043228      0x144 ./Drivers/STM32WL3x_HAL_Driver/Src/stm32wl3x_hal_rcc.o
                0x10043228                HAL_RCC_ClockConfig
 .text.HAL_RCC_GetSysClockFreq
                0x1004336c       0x14 ./Drivers/STM32WL3x_HAL_Driver/Src/stm32wl3x_hal_rcc.o
                0x1004336c                HAL_RCC_GetSysClockFreq
 .text.LL_RCC_DIRECT_HSE_IsEnabled
                0x10043380       0x20 ./Drivers/STM32WL3x_HAL_Driver/Src/stm32wl3x_hal_rcc_ex.o
 .text.LL_RCC_LSCO_SetSource
                0x100433a0       0x2c ./Drivers/STM32WL3x_HAL_Driver/Src/stm32wl3x_hal_rcc_ex.o
 .text.LL_RCC_SetSMPSPrescaler
                0x100433cc       0x2c ./Drivers/STM32WL3x_HAL_Driver/Src/stm32wl3x_hal_rcc_ex.o
 .text.LL_RCC_GetSMPSPrescaler
                0x100433f8       0x18 ./Drivers/STM32WL3x_HAL_Driver/Src/stm32wl3x_hal_rcc_ex.o
 .text.LL_RCC_KRM_IsEnabled
                0x10043410       0x20 ./Drivers/STM32WL3x_HAL_Driver/Src/stm32wl3x_hal_rcc_ex.o
 .text.LL_RCC_KRM_SetRateMultiplier
                0x10043430       0x2c ./Drivers/STM32WL3x_HAL_Driver/Src/stm32wl3x_hal_rcc_ex.o
 .text.LL_RCC_KRM_GetRateMultiplier
                0x1004345c       0x18 ./Drivers/STM32WL3x_HAL_Driver/Src/stm32wl3x_hal_rcc_ex.o
 .text.LL_RCC_SetLPUARTClockSource
                0x10043474       0x2c ./Drivers/STM32WL3x_HAL_Driver/Src/stm32wl3x_hal_rcc_ex.o
 .text.LL_RCC_GetLPUARTClockSource
                0x100434a0       0x18 ./Drivers/STM32WL3x_HAL_Driver/Src/stm32wl3x_hal_rcc_ex.o
 .text.LL_RCC_SetSPI3I2SClockSource
                0x100434b8       0x2c ./Drivers/STM32WL3x_HAL_Driver/Src/stm32wl3x_hal_rcc_ex.o
 .text.LL_RCC_GetSPI3I2SClockSource
                0x100434e4       0x18 ./Drivers/STM32WL3x_HAL_Driver/Src/stm32wl3x_hal_rcc_ex.o
 .text.HAL_RCCEx_PeriphCLKConfig
                0x100434fc       0x6c ./Drivers/STM32WL3x_HAL_Driver/Src/stm32wl3x_hal_rcc_ex.o
                0x100434fc                HAL_RCCEx_PeriphCLKConfig
 .text.HAL_RCCEx_GetPeriphCLKFreq
                0x10043568      0x138 ./Drivers/STM32WL3x_HAL_Driver/Src/stm32wl3x_hal_rcc_ex.o
                0x10043568                HAL_RCCEx_GetPeriphCLKFreq
 .text.HAL_UART_Init
                0x100436a0       0xac ./Drivers/STM32WL3x_HAL_Driver/Src/stm32wl3x_hal_uart.o
                0x100436a0                HAL_UART_Init
 .text.HAL_UART_MspInit
                0x1004374c       0x10 ./Drivers/STM32WL3x_HAL_Driver/Src/stm32wl3x_hal_uart.o
                0x1004374c                HAL_UART_MspInit
 .text.UART_SetConfig
                0x1004375c      0x2d0 ./Drivers/STM32WL3x_HAL_Driver/Src/stm32wl3x_hal_uart.o
                0x1004375c                UART_SetConfig
 .text.UART_AdvFeatureConfig
                0x10043a2c      0x168 ./Drivers/STM32WL3x_HAL_Driver/Src/stm32wl3x_hal_uart.o
                0x10043a2c                UART_AdvFeatureConfig
 .text.UART_CheckIdleState
                0x10043b94      0x154 ./Drivers/STM32WL3x_HAL_Driver/Src/stm32wl3x_hal_uart.o
                0x10043b94                UART_CheckIdleState
 .text.UART_WaitOnFlagUntilTimeout
                0x10043ce8       0xde ./Drivers/STM32WL3x_HAL_Driver/Src/stm32wl3x_hal_uart.o
                0x10043ce8                UART_WaitOnFlagUntilTimeout
 *fill*         0x10043dc6        0x2 
 .text.UART_EndRxTransfer
                0x10043dc8       0xcc ./Drivers/STM32WL3x_HAL_Driver/Src/stm32wl3x_hal_uart.o
 .text.memset   0x10043e94       0x10 C:/ST/STM32CubeIDE_1.19.0/STM32CubeIDE/plugins/com.st.stm32cube.ide.mcu.externaltools.gnu-tools-for-stm32.13.3.rel1.win32_1.0.0.202411081344/tools/bin/../lib/gcc/arm-none-eabi/13.3.1/../../../../arm-none-eabi/lib/thumb/v6-m/nofp\libc_nano.a(libc_a-memset.o)
                0x10043e94                memset
 *(i.*)
 *(.rodata)
 .rodata        0x10043ea4       0x32 ./Core/Src/main.o
 *(.rodata*)
 *fill*         0x10043ed6        0x2 
 .rodata.Font7x10
                0x10043ed8      0x76c ./Drivers/OLED/ssd1306_fonts.o
 .rodata.Font_7x10
                0x10044644        0xc ./Drivers/OLED/ssd1306_fonts.o
                0x10044644                Font_7x10
 .rodata.UARTPrescTable
                0x10044650       0x18 ./Drivers/STM32WL3x_HAL_Driver/Src/stm32wl3x_hal_uart.o
                0x10044650                UARTPrescTable
 *(.constdata)
 *(.glue_7)
 .glue_7        0x10044668        0x0 linker stubs
 *(.glue_7t)
 .glue_7t       0x10044668        0x0 linker stubs
                0x10044668                        . = ALIGN (0x4)
                0x10044668                        _etext = .
                0x10044678                        _sidata = LOADADDR (.data)

.vfp11_veneer   0x10044668        0x0
 .vfp11_veneer  0x10044668        0x0 linker stubs

.v4_bx          0x10044668        0x0
 .v4_bx         0x10044668        0x0 linker stubs

.init           0x10044668        0x4
 .init          0x10044668        0x4 C:/ST/STM32CubeIDE_1.19.0/STM32CubeIDE/plugins/com.st.stm32cube.ide.mcu.externaltools.gnu-tools-for-stm32.13.3.rel1.win32_1.0.0.202411081344/tools/bin/../lib/gcc/arm-none-eabi/13.3.1/thumb/v6-m/nofp/crti.o
                0x10044668                _init

.fini           0x1004466c        0x4
 .fini          0x1004466c        0x4 C:/ST/STM32CubeIDE_1.19.0/STM32CubeIDE/plugins/com.st.stm32cube.ide.mcu.externaltools.gnu-tools-for-stm32.13.3.rel1.win32_1.0.0.202411081344/tools/bin/../lib/gcc/arm-none-eabi/13.3.1/thumb/v6-m/nofp/crti.o
                0x1004466c                _fini

.iplt           0x10044670        0x0
 .iplt          0x10044670        0x0 ./Core/Src/main.o

.rel.dyn        0x10044670        0x0
 .rel.iplt      0x10044670        0x0 ./Core/Src/main.o

.ARM.exidx      0x10044670        0x8
 .ARM.exidx     0x10044670        0x8 C:/ST/STM32CubeIDE_1.19.0/STM32CubeIDE/plugins/com.st.stm32cube.ide.mcu.externaltools.gnu-tools-for-stm32.13.3.rel1.win32_1.0.0.202411081344/tools/bin/../lib/gcc/arm-none-eabi/13.3.1/thumb/v6-m/nofp\libgcc.a(_udivmoddi4.o)

.ram_preamble   0x20000004       0x2c load address 0x10044678
 *(.ram_vr)
 .ram_vr        0x20000004       0x2c ./Core/Src/system_stm32wl3x.o
                0x20000004                RAM_VR

.ram_preamble_2
 *(.crash_info_ram_vr)

.bss            0x20000034      0x304
                0x20000034                        . = ALIGN (0x4)
                0x20000034                        _sbss = .
 *(.bss)
 *(.bss*)
 .bss.BspCOMInit
                0x20000034       0x10 ./Core/Src/main.o
                0x20000034                BspCOMInit
 .bss.hi2c2     0x20000044       0x54 ./Core/Src/main.o
                0x20000044                hi2c2
 .bss.hcom_uart
                0x20000098       0x94 ./Drivers/BSP/STM32WL3x-Nucleo/stm32wl3x_nucleo.o
                0x20000098                hcom_uart
 .bss.SSD1306_Buffer
                0x2000012c      0x200 ./Drivers/OLED/ssd1306.o
 .bss.SSD1306   0x2000032c        0x6 ./Drivers/OLED/ssd1306.o
 *fill*         0x20000332        0x2 
 .bss.uwTick    0x20000334        0x4 ./Drivers/STM32WL3x_HAL_Driver/Src/stm32wl3x_hal.o
                0x20000334                uwTick
 *(COMMON)
                0x20000338                        . = ALIGN (0x4)
                0x20000338                        _ebss = .

.data           0x20000338       0x3c load address 0x10044678
                0x20000338                        . = ALIGN (0x4)
                0x20000338                        _sdata = .
 *(.data)
 *(.data*)
 .data.SystemCoreClock
                0x20000338        0x4 ./Core/Src/system_stm32wl3x.o
                0x20000338                SystemCoreClock
 .data.LED_PIN  0x2000033c        0x6 ./Drivers/BSP/STM32WL3x-Nucleo/stm32wl3x_nucleo.o
 *fill*         0x20000342        0x2 
 .data.LED_PORT
                0x20000344        0xc ./Drivers/BSP/STM32WL3x-Nucleo/stm32wl3x_nucleo.o
 .data.BUTTON_PIN
                0x20000350        0x6 ./Drivers/BSP/STM32WL3x-Nucleo/stm32wl3x_nucleo.o
 *fill*         0x20000356        0x2 
 .data.BUTTON_PORT
                0x20000358        0xc ./Drivers/BSP/STM32WL3x-Nucleo/stm32wl3x_nucleo.o
 .data.BUTTON_IRQn
                0x20000364        0x3 ./Drivers/BSP/STM32WL3x-Nucleo/stm32wl3x_nucleo.o
 *fill*         0x20000367        0x1 
 .data.COM_UART
                0x20000368        0x4 ./Drivers/BSP/STM32WL3x-Nucleo/stm32wl3x_nucleo.o
 .data.uwTickPrio
                0x2000036c        0x4 ./Drivers/STM32WL3x_HAL_Driver/Src/stm32wl3x_hal.o
                0x2000036c                uwTickPrio
 .data.uwTickFreq
                0x20000370        0x1 ./Drivers/STM32WL3x_HAL_Driver/Src/stm32wl3x_hal.o
                0x20000370                uwTickFreq
                0x20000374                        . = ALIGN (0x4)
 *fill*         0x20000371        0x3 
                0x20000374                        _edata = .

.igot.plt       0x20000374        0x0 load address 0x100446b4
 .igot.plt      0x20000374        0x0 ./Core/Src/main.o

.noinit         0x20000374        0x0 load address 0x100446b4
                0x20000374                        . = ALIGN (0x4)
 *(.noinit)
                0x20000374                        . = ALIGN (0x4)

.heap           0x20000374        0x0 load address 0x100446b4
                0x20000374                        . = ALIGN (0x4)
                0x20000374                        _sheap = .
                [!provide]                        PROVIDE (end = .)
                0x20000374                        PROVIDE (_end = .)
                0x20000374                        . = (. + _Min_Heap_Size)
                0x20000374                        . = ALIGN (0x4)
                0x20000374                        _eheap = .

CSTACK          0x20007400      0xc00
                0x20007400                        . = ALIGN (0x4)
                0x20008000                        . = (. + _Min_Stack_Size)
 *fill*         0x20007400      0xc00 
                0x20008000                        . = ALIGN (0x4)
                0x20008000                        _estack = .
                0x20008000                        . = ALIGN (0x4)

.rom_info       0x10000000        0x0
                0x10000000                        . = ALIGN (0x4)
 *(.rom_info)
                0x10000000                        . = ALIGN (0x4)

/DISCARD/
 libc.a(*)
 libm.a(*)
 libgcc.a(*)

.ARM.attributes
                0x00000000       0x28
 *(.ARM.attributes)
 .ARM.attributes
                0x00000000       0x1e C:/ST/STM32CubeIDE_1.19.0/STM32CubeIDE/plugins/com.st.stm32cube.ide.mcu.externaltools.gnu-tools-for-stm32.13.3.rel1.win32_1.0.0.202411081344/tools/bin/../lib/gcc/arm-none-eabi/13.3.1/thumb/v6-m/nofp/crti.o
 .ARM.attributes
                0x0000001e       0x2c ./Core/Src/main.o
 .ARM.attributes
                0x0000004a       0x2c ./Core/Src/stm32wl3x_hal_msp.o
 .ARM.attributes
                0x00000076       0x2c ./Core/Src/stm32wl3x_it.o
 .ARM.attributes
                0x000000a2       0x2c ./Core/Src/system_stm32wl3x.o
 .ARM.attributes
                0x000000ce       0x22 ./Core/Startup/startup_stm32wl33ccvx.o
 .ARM.attributes
                0x000000f0       0x2c ./Drivers/BSP/STM32WL3x-Nucleo/stm32wl3x_nucleo.o
 .ARM.attributes
                0x0000011c       0x2c ./Drivers/OLED/ssd1306.o
 .ARM.attributes
                0x00000148       0x2c ./Drivers/OLED/ssd1306_fonts.o
 .ARM.attributes
                0x00000174       0x2c ./Drivers/STM32WL3x_HAL_Driver/Src/stm32wl3x_hal.o
 .ARM.attributes
                0x000001a0       0x2c ./Drivers/STM32WL3x_HAL_Driver/Src/stm32wl3x_hal_cortex.o
 .ARM.attributes
                0x000001cc       0x2c ./Drivers/STM32WL3x_HAL_Driver/Src/stm32wl3x_hal_gpio.o
 .ARM.attributes
                0x000001f8       0x2c ./Drivers/STM32WL3x_HAL_Driver/Src/stm32wl3x_hal_i2c.o
 .ARM.attributes
                0x00000224       0x2c ./Drivers/STM32WL3x_HAL_Driver/Src/stm32wl3x_hal_i2c_ex.o
 .ARM.attributes
                0x00000250       0x2c ./Drivers/STM32WL3x_HAL_Driver/Src/stm32wl3x_hal_pwr_ex.o
 .ARM.attributes
                0x0000027c       0x2c ./Drivers/STM32WL3x_HAL_Driver/Src/stm32wl3x_hal_rcc.o
 .ARM.attributes
                0x000002a8       0x2c ./Drivers/STM32WL3x_HAL_Driver/Src/stm32wl3x_hal_rcc_ex.o
 .ARM.attributes
                0x000002d4       0x2c ./Drivers/STM32WL3x_HAL_Driver/Src/stm32wl3x_hal_uart.o
 .ARM.attributes
                0x00000300       0x2c C:/ST/STM32CubeIDE_1.19.0/STM32CubeIDE/plugins/com.st.stm32cube.ide.mcu.externaltools.gnu-tools-for-stm32.13.3.rel1.win32_1.0.0.202411081344/tools/bin/../lib/gcc/arm-none-eabi/13.3.1/../../../../arm-none-eabi/lib/thumb/v6-m/nofp\libc_nano.a(libc_a-memset.o)
 .ARM.attributes
                0x0000032c       0x1e C:/ST/STM32CubeIDE_1.19.0/STM32CubeIDE/plugins/com.st.stm32cube.ide.mcu.externaltools.gnu-tools-for-stm32.13.3.rel1.win32_1.0.0.202411081344/tools/bin/../lib/gcc/arm-none-eabi/13.3.1/thumb/v6-m/nofp\libgcc.a(_udivsi3.o)
 .ARM.attributes
                0x0000034a       0x1e C:/ST/STM32CubeIDE_1.19.0/STM32CubeIDE/plugins/com.st.stm32cube.ide.mcu.externaltools.gnu-tools-for-stm32.13.3.rel1.win32_1.0.0.202411081344/tools/bin/../lib/gcc/arm-none-eabi/13.3.1/thumb/v6-m/nofp\libgcc.a(_divsi3.o)
 .ARM.attributes
                0x00000368       0x1e C:/ST/STM32CubeIDE_1.19.0/STM32CubeIDE/plugins/com.st.stm32cube.ide.mcu.externaltools.gnu-tools-for-stm32.13.3.rel1.win32_1.0.0.202411081344/tools/bin/../lib/gcc/arm-none-eabi/13.3.1/thumb/v6-m/nofp\libgcc.a(_dvmd_tls.o)
 .ARM.attributes
                0x00000386       0x1e C:/ST/STM32CubeIDE_1.19.0/STM32CubeIDE/plugins/com.st.stm32cube.ide.mcu.externaltools.gnu-tools-for-stm32.13.3.rel1.win32_1.0.0.202411081344/tools/bin/../lib/gcc/arm-none-eabi/13.3.1/thumb/v6-m/nofp\libgcc.a(_aeabi_uldivmod.o)
 .ARM.attributes
                0x000003a4       0x2c C:/ST/STM32CubeIDE_1.19.0/STM32CubeIDE/plugins/com.st.stm32cube.ide.mcu.externaltools.gnu-tools-for-stm32.13.3.rel1.win32_1.0.0.202411081344/tools/bin/../lib/gcc/arm-none-eabi/13.3.1/thumb/v6-m/nofp\libgcc.a(_udivmoddi4.o)
 .ARM.attributes
                0x000003d0       0x1e C:/ST/STM32CubeIDE_1.19.0/STM32CubeIDE/plugins/com.st.stm32cube.ide.mcu.externaltools.gnu-tools-for-stm32.13.3.rel1.win32_1.0.0.202411081344/tools/bin/../lib/gcc/arm-none-eabi/13.3.1/thumb/v6-m/nofp\libgcc.a(_clzsi2.o)
 .ARM.attributes
                0x000003ee       0x1e C:/ST/STM32CubeIDE_1.19.0/STM32CubeIDE/plugins/com.st.stm32cube.ide.mcu.externaltools.gnu-tools-for-stm32.13.3.rel1.win32_1.0.0.202411081344/tools/bin/../lib/gcc/arm-none-eabi/13.3.1/thumb/v6-m/nofp\libgcc.a(_clzdi2.o)
OUTPUT(OLED_RXTX.elf elf32-littlearm)
LOAD linker stubs
LOAD C:/ST/STM32CubeIDE_1.19.0/STM32CubeIDE/plugins/com.st.stm32cube.ide.mcu.externaltools.gnu-tools-for-stm32.13.3.rel1.win32_1.0.0.202411081344/tools/bin/../lib/gcc/arm-none-eabi/13.3.1/../../../../arm-none-eabi/lib/thumb/v6-m/nofp\libc.a
LOAD C:/ST/STM32CubeIDE_1.19.0/STM32CubeIDE/plugins/com.st.stm32cube.ide.mcu.externaltools.gnu-tools-for-stm32.13.3.rel1.win32_1.0.0.202411081344/tools/bin/../lib/gcc/arm-none-eabi/13.3.1/../../../../arm-none-eabi/lib/thumb/v6-m/nofp\libm.a
LOAD C:/ST/STM32CubeIDE_1.19.0/STM32CubeIDE/plugins/com.st.stm32cube.ide.mcu.externaltools.gnu-tools-for-stm32.13.3.rel1.win32_1.0.0.202411081344/tools/bin/../lib/gcc/arm-none-eabi/13.3.1/thumb/v6-m/nofp\libgcc.a

.debug_info     0x00000000     0xf2a5
 .debug_info    0x00000000     0x109d ./Core/Src/main.o
 .debug_info    0x0000109d      0xa6f ./Core/Src/stm32wl3x_hal_msp.o
 .debug_info    0x00001b0c       0xda ./Core/Src/stm32wl3x_it.o
 .debug_info    0x00001be6      0x93d ./Core/Src/system_stm32wl3x.o
 .debug_info    0x00002523       0x30 ./Core/Startup/startup_stm32wl33ccvx.o
 .debug_info    0x00002553     0x15af ./Drivers/BSP/STM32WL3x-Nucleo/stm32wl3x_nucleo.o
 .debug_info    0x00003b02     0x12d3 ./Drivers/OLED/ssd1306.o
 .debug_info    0x00004dd5      0x2a4 ./Drivers/OLED/ssd1306_fonts.o
 .debug_info    0x00005079      0x9d8 ./Drivers/STM32WL3x_HAL_Driver/Src/stm32wl3x_hal.o
 .debug_info    0x00005a51      0x82f ./Drivers/STM32WL3x_HAL_Driver/Src/stm32wl3x_hal_cortex.o
 .debug_info    0x00006280      0x588 ./Drivers/STM32WL3x_HAL_Driver/Src/stm32wl3x_hal_gpio.o
 .debug_info    0x00006808     0x2137 ./Drivers/STM32WL3x_HAL_Driver/Src/stm32wl3x_hal_i2c.o
 .debug_info    0x0000893f      0x7e0 ./Drivers/STM32WL3x_HAL_Driver/Src/stm32wl3x_hal_i2c_ex.o
 .debug_info    0x0000911f      0x7ca ./Drivers/STM32WL3x_HAL_Driver/Src/stm32wl3x_hal_pwr_ex.o
 .debug_info    0x000098e9      0xc6c ./Drivers/STM32WL3x_HAL_Driver/Src/stm32wl3x_hal_rcc.o
 .debug_info    0x0000a555      0x72d ./Drivers/STM32WL3x_HAL_Driver/Src/stm32wl3x_hal_rcc_ex.o
 .debug_info    0x0000ac82     0x4623 ./Drivers/STM32WL3x_HAL_Driver/Src/stm32wl3x_hal_uart.o

.debug_abbrev   0x00000000     0x24f2
 .debug_abbrev  0x00000000      0x341 ./Core/Src/main.o
 .debug_abbrev  0x00000341      0x209 ./Core/Src/stm32wl3x_hal_msp.o
 .debug_abbrev  0x0000054a       0x73 ./Core/Src/stm32wl3x_it.o
 .debug_abbrev  0x000005bd      0x26d ./Core/Src/system_stm32wl3x.o
 .debug_abbrev  0x0000082a       0x24 ./Core/Startup/startup_stm32wl33ccvx.o
 .debug_abbrev  0x0000084e      0x30f ./Drivers/BSP/STM32WL3x-Nucleo/stm32wl3x_nucleo.o
 .debug_abbrev  0x00000b5d      0x35b ./Drivers/OLED/ssd1306.o
 .debug_abbrev  0x00000eb8       0xcf ./Drivers/OLED/ssd1306_fonts.o
 .debug_abbrev  0x00000f87      0x2a2 ./Drivers/STM32WL3x_HAL_Driver/Src/stm32wl3x_hal.o
 .debug_abbrev  0x00001229      0x29a ./Drivers/STM32WL3x_HAL_Driver/Src/stm32wl3x_hal_cortex.o
 .debug_abbrev  0x000014c3      0x1c1 ./Drivers/STM32WL3x_HAL_Driver/Src/stm32wl3x_hal_gpio.o
 .debug_abbrev  0x00001684      0x26d ./Drivers/STM32WL3x_HAL_Driver/Src/stm32wl3x_hal_i2c.o
 .debug_abbrev  0x000018f1      0x191 ./Drivers/STM32WL3x_HAL_Driver/Src/stm32wl3x_hal_i2c_ex.o
 .debug_abbrev  0x00001a82      0x241 ./Drivers/STM32WL3x_HAL_Driver/Src/stm32wl3x_hal_pwr_ex.o
 .debug_abbrev  0x00001cc3      0x2dd ./Drivers/STM32WL3x_HAL_Driver/Src/stm32wl3x_hal_rcc.o
 .debug_abbrev  0x00001fa0      0x241 ./Drivers/STM32WL3x_HAL_Driver/Src/stm32wl3x_hal_rcc_ex.o
 .debug_abbrev  0x000021e1      0x311 ./Drivers/STM32WL3x_HAL_Driver/Src/stm32wl3x_hal_uart.o

.debug_aranges  0x00000000      0xe38
 .debug_aranges
                0x00000000       0x60 ./Core/Src/main.o
 .debug_aranges
                0x00000060       0x50 ./Core/Src/stm32wl3x_hal_msp.o
 .debug_aranges
                0x000000b0       0x40 ./Core/Src/stm32wl3x_it.o
 .debug_aranges
                0x000000f0       0x40 ./Core/Src/system_stm32wl3x.o
 .debug_aranges
                0x00000130       0x28 ./Core/Startup/startup_stm32wl33ccvx.o
 .debug_aranges
                0x00000158       0xf0 ./Drivers/BSP/STM32WL3x-Nucleo/stm32wl3x_nucleo.o
 .debug_aranges
                0x00000248       0xe8 ./Drivers/OLED/ssd1306.o
 .debug_aranges
                0x00000330       0x18 ./Drivers/OLED/ssd1306_fonts.o
 .debug_aranges
                0x00000348      0x148 ./Drivers/STM32WL3x_HAL_Driver/Src/stm32wl3x_hal.o
 .debug_aranges
                0x00000490       0xd0 ./Drivers/STM32WL3x_HAL_Driver/Src/stm32wl3x_hal_cortex.o
 .debug_aranges
                0x00000560       0x60 ./Drivers/STM32WL3x_HAL_Driver/Src/stm32wl3x_hal_gpio.o
 .debug_aranges
                0x000005c0      0x2a0 ./Drivers/STM32WL3x_HAL_Driver/Src/stm32wl3x_hal_i2c.o
 .debug_aranges
                0x00000860       0x38 ./Drivers/STM32WL3x_HAL_Driver/Src/stm32wl3x_hal_i2c_ex.o
 .debug_aranges
                0x00000898      0x120 ./Drivers/STM32WL3x_HAL_Driver/Src/stm32wl3x_hal_pwr_ex.o
 .debug_aranges
                0x000009b8      0x170 ./Drivers/STM32WL3x_HAL_Driver/Src/stm32wl3x_hal_rcc.o
 .debug_aranges
                0x00000b28       0xc8 ./Drivers/STM32WL3x_HAL_Driver/Src/stm32wl3x_hal_rcc_ex.o
 .debug_aranges
                0x00000bf0      0x248 ./Drivers/STM32WL3x_HAL_Driver/Src/stm32wl3x_hal_uart.o

.debug_rnglists
                0x00000000      0xaeb
 .debug_rnglists
                0x00000000       0x47 ./Core/Src/main.o
 .debug_rnglists
                0x00000047       0x37 ./Core/Src/stm32wl3x_hal_msp.o
 .debug_rnglists
                0x0000007e       0x2b ./Core/Src/stm32wl3x_it.o
 .debug_rnglists
                0x000000a9       0x2e ./Core/Src/system_stm32wl3x.o
 .debug_rnglists
                0x000000d7       0x19 ./Core/Startup/startup_stm32wl33ccvx.o
 .debug_rnglists
                0x000000f0       0xb3 ./Drivers/BSP/STM32WL3x-Nucleo/stm32wl3x_nucleo.o
 .debug_rnglists
                0x000001a3       0xb6 ./Drivers/OLED/ssd1306.o
 .debug_rnglists
                0x00000259       0xf2 ./Drivers/STM32WL3x_HAL_Driver/Src/stm32wl3x_hal.o
 .debug_rnglists
                0x0000034b       0x99 ./Drivers/STM32WL3x_HAL_Driver/Src/stm32wl3x_hal_cortex.o
 .debug_rnglists
                0x000003e4       0x45 ./Drivers/STM32WL3x_HAL_Driver/Src/stm32wl3x_hal_gpio.o
 .debug_rnglists
                0x00000429      0x229 ./Drivers/STM32WL3x_HAL_Driver/Src/stm32wl3x_hal_i2c.o
 .debug_rnglists
                0x00000652       0x27 ./Drivers/STM32WL3x_HAL_Driver/Src/stm32wl3x_hal_i2c_ex.o
 .debug_rnglists
                0x00000679       0xd3 ./Drivers/STM32WL3x_HAL_Driver/Src/stm32wl3x_hal_pwr_ex.o
 .debug_rnglists
                0x0000074c      0x113 ./Drivers/STM32WL3x_HAL_Driver/Src/stm32wl3x_hal_rcc.o
 .debug_rnglists
                0x0000085f       0x93 ./Drivers/STM32WL3x_HAL_Driver/Src/stm32wl3x_hal_rcc_ex.o
 .debug_rnglists
                0x000008f2      0x1f9 ./Drivers/STM32WL3x_HAL_Driver/Src/stm32wl3x_hal_uart.o

.debug_macro    0x00000000    0x1da09
 .debug_macro   0x00000000      0x33e ./Core/Src/main.o
 .debug_macro   0x0000033e      0xab4 ./Core/Src/main.o
 .debug_macro   0x00000df2       0xd6 ./Core/Src/main.o
 .debug_macro   0x00000ec8       0x2e ./Core/Src/main.o
 .debug_macro   0x00000ef6       0x4c ./Core/Src/main.o
 .debug_macro   0x00000f42       0x22 ./Core/Src/main.o
 .debug_macro   0x00000f64       0x8e ./Core/Src/main.o
 .debug_macro   0x00000ff2       0x51 ./Core/Src/main.o
 .debug_macro   0x00001043      0x103 ./Core/Src/main.o
 .debug_macro   0x00001146       0x6a ./Core/Src/main.o
 .debug_macro   0x000011b0      0x1df ./Core/Src/main.o
 .debug_macro   0x0000138f       0x1c ./Core/Src/main.o
 .debug_macro   0x000013ab       0x22 ./Core/Src/main.o
 .debug_macro   0x000013cd       0xd1 ./Core/Src/main.o
 .debug_macro   0x0000149e      0x4da ./Core/Src/main.o
 .debug_macro   0x00001978      0x11f ./Core/Src/main.o
 .debug_macro   0x00001a97       0x94 ./Core/Src/main.o
 .debug_macro   0x00001b2b    0x123db ./Core/Src/main.o
 .debug_macro   0x00013f06       0xd6 ./Core/Src/main.o
 .debug_macro   0x00013fdc     0x3439 ./Core/Src/main.o
 .debug_macro   0x00017415      0x190 ./Core/Src/main.o
 .debug_macro   0x000175a5       0x5a ./Core/Src/main.o
 .debug_macro   0x000175ff       0xf0 ./Core/Src/main.o
 .debug_macro   0x000176ef      0x2c5 ./Core/Src/main.o
 .debug_macro   0x000179b4      0x2f8 ./Core/Src/main.o
 .debug_macro   0x00017cac      0x1f8 ./Core/Src/main.o
 .debug_macro   0x00017ea4      0x1f9 ./Core/Src/main.o
 .debug_macro   0x0001809d       0x89 ./Core/Src/main.o
 .debug_macro   0x00018126      0x224 ./Core/Src/main.o
 .debug_macro   0x0001834a       0xcb ./Core/Src/main.o
 .debug_macro   0x00018415      0x22c ./Core/Src/main.o
 .debug_macro   0x00018641       0x67 ./Core/Src/main.o
 .debug_macro   0x000186a8       0xa5 ./Core/Src/main.o
 .debug_macro   0x0001874d      0x3e1 ./Core/Src/main.o
 .debug_macro   0x00018b2e      0x306 ./Core/Src/main.o
 .debug_macro   0x00018e34      0x11f ./Core/Src/main.o
 .debug_macro   0x00018f53      0x29b ./Core/Src/main.o
 .debug_macro   0x000191ee       0xe1 ./Core/Src/main.o
 .debug_macro   0x000192cf      0xb04 ./Core/Src/main.o
 .debug_macro   0x00019dd3      0x135 ./Core/Src/main.o
 .debug_macro   0x00019f08      0x693 ./Core/Src/main.o
 .debug_macro   0x0001a59b       0xa6 ./Core/Src/main.o
 .debug_macro   0x0001a641      0x271 ./Core/Src/main.o
 .debug_macro   0x0001a8b2       0xef ./Core/Src/main.o
 .debug_macro   0x0001a9a1       0x2e ./Core/Src/main.o
 .debug_macro   0x0001a9cf       0x52 ./Core/Src/main.o
 .debug_macro   0x0001aa21      0x130 ./Core/Src/main.o
 .debug_macro   0x0001ab51       0x61 ./Core/Src/main.o
 .debug_macro   0x0001abb2       0x24 ./Core/Src/main.o
 .debug_macro   0x0001abd6       0x43 ./Core/Src/main.o
 .debug_macro   0x0001ac19       0x34 ./Core/Src/main.o
 .debug_macro   0x0001ac4d       0x16 ./Core/Src/main.o
 .debug_macro   0x0001ac63       0x3c ./Core/Src/main.o
 .debug_macro   0x0001ac9f      0x370 ./Core/Src/main.o
 .debug_macro   0x0001b00f       0x10 ./Core/Src/main.o
 .debug_macro   0x0001b01f       0x16 ./Core/Src/main.o
 .debug_macro   0x0001b035       0x4a ./Core/Src/main.o
 .debug_macro   0x0001b07f       0x34 ./Core/Src/main.o
 .debug_macro   0x0001b0b3       0x10 ./Core/Src/main.o
 .debug_macro   0x0001b0c3       0x58 ./Core/Src/main.o
 .debug_macro   0x0001b11b       0x8e ./Core/Src/main.o
 .debug_macro   0x0001b1a9       0x1c ./Core/Src/main.o
 .debug_macro   0x0001b1c5      0x185 ./Core/Src/main.o
 .debug_macro   0x0001b34a       0x16 ./Core/Src/main.o
 .debug_macro   0x0001b360       0x16 ./Core/Src/main.o
 .debug_macro   0x0001b376      0x146 ./Core/Src/main.o
 .debug_macro   0x0001b4bc       0x10 ./Core/Src/main.o
 .debug_macro   0x0001b4cc       0x52 ./Core/Src/main.o
 .debug_macro   0x0001b51e       0x40 ./Core/Src/main.o
 .debug_macro   0x0001b55e      0x2f6 ./Core/Src/stm32wl3x_hal_msp.o
 .debug_macro   0x0001b854      0x300 ./Core/Src/stm32wl3x_it.o
 .debug_macro   0x0001bb54      0x20c ./Core/Src/system_stm32wl3x.o
 .debug_macro   0x0001bd60      0x221 ./Drivers/BSP/STM32WL3x-Nucleo/stm32wl3x_nucleo.o
 .debug_macro   0x0001bf81       0x28 ./Drivers/BSP/STM32WL3x-Nucleo/stm32wl3x_nucleo.o
 .debug_macro   0x0001bfa9      0x319 ./Drivers/OLED/ssd1306.o
 .debug_macro   0x0001c2c2       0x28 ./Drivers/OLED/ssd1306.o
 .debug_macro   0x0001c2ea      0x19b ./Drivers/OLED/ssd1306.o
 .debug_macro   0x0001c485       0x16 ./Drivers/OLED/ssd1306.o
 .debug_macro   0x0001c49b       0x20 ./Drivers/OLED/ssd1306.o
 .debug_macro   0x0001c4bb      0x244 ./Drivers/OLED/ssd1306_fonts.o
 .debug_macro   0x0001c6ff      0x1ee ./Drivers/STM32WL3x_HAL_Driver/Src/stm32wl3x_hal.o
 .debug_macro   0x0001c8ed      0x1ee ./Drivers/STM32WL3x_HAL_Driver/Src/stm32wl3x_hal_cortex.o
 .debug_macro   0x0001cadb      0x1f5 ./Drivers/STM32WL3x_HAL_Driver/Src/stm32wl3x_hal_gpio.o
 .debug_macro   0x0001ccd0      0x2ba ./Drivers/STM32WL3x_HAL_Driver/Src/stm32wl3x_hal_i2c.o
 .debug_macro   0x0001cf8a      0x1ee ./Drivers/STM32WL3x_HAL_Driver/Src/stm32wl3x_hal_i2c_ex.o
 .debug_macro   0x0001d178      0x1ee ./Drivers/STM32WL3x_HAL_Driver/Src/stm32wl3x_hal_pwr_ex.o
 .debug_macro   0x0001d366      0x254 ./Drivers/STM32WL3x_HAL_Driver/Src/stm32wl3x_hal_rcc.o
 .debug_macro   0x0001d5ba      0x236 ./Drivers/STM32WL3x_HAL_Driver/Src/stm32wl3x_hal_rcc_ex.o
 .debug_macro   0x0001d7f0      0x219 ./Drivers/STM32WL3x_HAL_Driver/Src/stm32wl3x_hal_uart.o

.debug_line     0x00000000    0x111af
 .debug_line    0x00000000      0xbeb ./Core/Src/main.o
 .debug_line    0x00000beb      0xa2b ./Core/Src/stm32wl3x_hal_msp.o
 .debug_line    0x00001616      0x9b6 ./Core/Src/stm32wl3x_it.o
 .debug_line    0x00001fcc      0x947 ./Core/Src/system_stm32wl3x.o
 .debug_line    0x00002913       0x7c ./Core/Startup/startup_stm32wl33ccvx.o
 .debug_line    0x0000298f      0xbff ./Drivers/BSP/STM32WL3x-Nucleo/stm32wl3x_nucleo.o
 .debug_line    0x0000358e     0x120c ./Drivers/OLED/ssd1306.o
 .debug_line    0x0000479a      0x896 ./Drivers/OLED/ssd1306_fonts.o
 .debug_line    0x00005030      0xbbe ./Drivers/STM32WL3x_HAL_Driver/Src/stm32wl3x_hal.o
 .debug_line    0x00005bee      0xb98 ./Drivers/STM32WL3x_HAL_Driver/Src/stm32wl3x_hal_cortex.o
 .debug_line    0x00006786      0xbdd ./Drivers/STM32WL3x_HAL_Driver/Src/stm32wl3x_hal_gpio.o
 .debug_line    0x00007363     0x3799 ./Drivers/STM32WL3x_HAL_Driver/Src/stm32wl3x_hal_i2c.o
 .debug_line    0x0000aafc      0x86b ./Drivers/STM32WL3x_HAL_Driver/Src/stm32wl3x_hal_i2c_ex.o
 .debug_line    0x0000b367      0xbac ./Drivers/STM32WL3x_HAL_Driver/Src/stm32wl3x_hal_pwr_ex.o
 .debug_line    0x0000bf13     0x1116 ./Drivers/STM32WL3x_HAL_Driver/Src/stm32wl3x_hal_rcc.o
 .debug_line    0x0000d029      0xb4b ./Drivers/STM32WL3x_HAL_Driver/Src/stm32wl3x_hal_rcc_ex.o
 .debug_line    0x0000db74     0x363b ./Drivers/STM32WL3x_HAL_Driver/Src/stm32wl3x_hal_uart.o

.debug_str      0x00000000    0xcfe94
 .debug_str     0x00000000    0xcfe94 ./Core/Src/main.o
                              0xcca86 (size before relaxing)
 .debug_str     0x000cfe94    0xcc2ca ./Core/Src/stm32wl3x_hal_msp.o
 .debug_str     0x000cfe94    0xcbbe3 ./Core/Src/stm32wl3x_it.o
 .debug_str     0x000cfe94    0xc81b8 ./Core/Src/system_stm32wl3x.o
 .debug_str     0x000cfe94       0x9d ./Core/Startup/startup_stm32wl33ccvx.o
 .debug_str     0x000cfe94    0xc91d2 ./Drivers/BSP/STM32WL3x-Nucleo/stm32wl3x_nucleo.o
 .debug_str     0x000cfe94    0xcc28c ./Drivers/OLED/ssd1306.o
 .debug_str     0x000cfe94    0xc822b ./Drivers/OLED/ssd1306_fonts.o
 .debug_str     0x000cfe94    0xc83c6 ./Drivers/STM32WL3x_HAL_Driver/Src/stm32wl3x_hal.o
 .debug_str     0x000cfe94    0xc8156 ./Drivers/STM32WL3x_HAL_Driver/Src/stm32wl3x_hal_cortex.o
 .debug_str     0x000cfe94    0xc7ea0 ./Drivers/STM32WL3x_HAL_Driver/Src/stm32wl3x_hal_gpio.o
 .debug_str     0x000cfe94    0xc9054 ./Drivers/STM32WL3x_HAL_Driver/Src/stm32wl3x_hal_i2c.o
 .debug_str     0x000cfe94    0xc825c ./Drivers/STM32WL3x_HAL_Driver/Src/stm32wl3x_hal_i2c_ex.o
 .debug_str     0x000cfe94    0xc819b ./Drivers/STM32WL3x_HAL_Driver/Src/stm32wl3x_hal_pwr_ex.o
 .debug_str     0x000cfe94    0xc8625 ./Drivers/STM32WL3x_HAL_Driver/Src/stm32wl3x_hal_rcc.o
 .debug_str     0x000cfe94    0xc82a9 ./Drivers/STM32WL3x_HAL_Driver/Src/stm32wl3x_hal_rcc_ex.o
 .debug_str     0x000cfe94    0xc8aec ./Drivers/STM32WL3x_HAL_Driver/Src/stm32wl3x_hal_uart.o

.comment        0x00000000       0x43
 .comment       0x00000000       0x43 ./Core/Src/main.o
                                 0x44 (size before relaxing)
 .comment       0x00000043       0x44 ./Core/Src/stm32wl3x_hal_msp.o
 .comment       0x00000043       0x44 ./Core/Src/stm32wl3x_it.o
 .comment       0x00000043       0x44 ./Core/Src/system_stm32wl3x.o
 .comment       0x00000043       0x44 ./Drivers/BSP/STM32WL3x-Nucleo/stm32wl3x_nucleo.o
 .comment       0x00000043       0x44 ./Drivers/OLED/ssd1306.o
 .comment       0x00000043       0x44 ./Drivers/OLED/ssd1306_fonts.o
 .comment       0x00000043       0x44 ./Drivers/STM32WL3x_HAL_Driver/Src/stm32wl3x_hal.o
 .comment       0x00000043       0x44 ./Drivers/STM32WL3x_HAL_Driver/Src/stm32wl3x_hal_cortex.o
 .comment       0x00000043       0x44 ./Drivers/STM32WL3x_HAL_Driver/Src/stm32wl3x_hal_gpio.o
 .comment       0x00000043       0x44 ./Drivers/STM32WL3x_HAL_Driver/Src/stm32wl3x_hal_i2c.o
 .comment       0x00000043       0x44 ./Drivers/STM32WL3x_HAL_Driver/Src/stm32wl3x_hal_i2c_ex.o
 .comment       0x00000043       0x44 ./Drivers/STM32WL3x_HAL_Driver/Src/stm32wl3x_hal_pwr_ex.o
 .comment       0x00000043       0x44 ./Drivers/STM32WL3x_HAL_Driver/Src/stm32wl3x_hal_rcc.o
 .comment       0x00000043       0x44 ./Drivers/STM32WL3x_HAL_Driver/Src/stm32wl3x_hal_rcc_ex.o
 .comment       0x00000043       0x44 ./Drivers/STM32WL3x_HAL_Driver/Src/stm32wl3x_hal_uart.o

.debug_frame    0x00000000     0x32ac
 .debug_frame   0x00000000      0x12c ./Core/Src/main.o
 .debug_frame   0x0000012c       0xec ./Core/Src/stm32wl3x_hal_msp.o
 .debug_frame   0x00000218       0x9c ./Core/Src/stm32wl3x_it.o
 .debug_frame   0x000002b4       0xa8 ./Core/Src/system_stm32wl3x.o
 .debug_frame   0x0000035c      0x360 ./Drivers/BSP/STM32WL3x-Nucleo/stm32wl3x_nucleo.o
 .debug_frame   0x000006bc      0x36c ./Drivers/OLED/ssd1306.o
 .debug_frame   0x00000a28      0x468 ./Drivers/STM32WL3x_HAL_Driver/Src/stm32wl3x_hal.o
 .debug_frame   0x00000e90      0x2dc ./Drivers/STM32WL3x_HAL_Driver/Src/stm32wl3x_hal_cortex.o
 .debug_frame   0x0000116c      0x130 ./Drivers/STM32WL3x_HAL_Driver/Src/stm32wl3x_hal_gpio.o
 .debug_frame   0x0000129c      0xa68 ./Drivers/STM32WL3x_HAL_Driver/Src/stm32wl3x_hal_i2c.o
 .debug_frame   0x00001d04       0x90 ./Drivers/STM32WL3x_HAL_Driver/Src/stm32wl3x_hal_i2c_ex.o
 .debug_frame   0x00001d94      0x3f4 ./Drivers/STM32WL3x_HAL_Driver/Src/stm32wl3x_hal_pwr_ex.o
 .debug_frame   0x00002188      0x508 ./Drivers/STM32WL3x_HAL_Driver/Src/stm32wl3x_hal_rcc.o
 .debug_frame   0x00002690      0x2a8 ./Drivers/STM32WL3x_HAL_Driver/Src/stm32wl3x_hal_rcc_ex.o
 .debug_frame   0x00002938      0x8d8 ./Drivers/STM32WL3x_HAL_Driver/Src/stm32wl3x_hal_uart.o
 .debug_frame   0x00003210       0x20 C:/ST/STM32CubeIDE_1.19.0/STM32CubeIDE/plugins/com.st.stm32cube.ide.mcu.externaltools.gnu-tools-for-stm32.13.3.rel1.win32_1.0.0.202411081344/tools/bin/../lib/gcc/arm-none-eabi/13.3.1/../../../../arm-none-eabi/lib/thumb/v6-m/nofp\libc_nano.a(libc_a-memset.o)
 .debug_frame   0x00003230       0x20 C:/ST/STM32CubeIDE_1.19.0/STM32CubeIDE/plugins/com.st.stm32cube.ide.mcu.externaltools.gnu-tools-for-stm32.13.3.rel1.win32_1.0.0.202411081344/tools/bin/../lib/gcc/arm-none-eabi/13.3.1/thumb/v6-m/nofp\libgcc.a(_udivsi3.o)
 .debug_frame   0x00003250       0x20 C:/ST/STM32CubeIDE_1.19.0/STM32CubeIDE/plugins/com.st.stm32cube.ide.mcu.externaltools.gnu-tools-for-stm32.13.3.rel1.win32_1.0.0.202411081344/tools/bin/../lib/gcc/arm-none-eabi/13.3.1/thumb/v6-m/nofp\libgcc.a(_divsi3.o)
 .debug_frame   0x00003270       0x3c C:/ST/STM32CubeIDE_1.19.0/STM32CubeIDE/plugins/com.st.stm32cube.ide.mcu.externaltools.gnu-tools-for-stm32.13.3.rel1.win32_1.0.0.202411081344/tools/bin/../lib/gcc/arm-none-eabi/13.3.1/thumb/v6-m/nofp\libgcc.a(_udivmoddi4.o)

.debug_line_str
                0x00000000       0x81
 .debug_line_str
                0x00000000       0x81 ./Core/Startup/startup_stm32wl33ccvx.o
