../Drivers/STM32WL3x_HAL_Driver/Inc/stm32wl3x_ll_pwr.h:1854:22:LL_PWR_SetNoPullB	16	static
../Drivers/STM32WL3x_HAL_Driver/Inc/stm32wl3x_ll_rcc.h:476:22:LL_RCC_HSE_Enable	8	static
../Drivers/STM32WL3x_HAL_Driver/Inc/stm32wl3x_ll_rcc.h:486:22:LL_RCC_HSE_Disable	8	static
../Drivers/STM32WL3x_HAL_Driver/Inc/stm32wl3x_ll_rcc.h:496:26:LL_RCC_HSE_IsEnabled	8	static
../Drivers/STM32WL3x_HAL_Driver/Inc/stm32wl3x_ll_rcc.h:506:26:LL_RCC_HSE_IsReady	8	static
../Drivers/STM32WL3x_HAL_Driver/Inc/stm32wl3x_ll_rcc.h:517:22:LL_RCC_HSE_SetCapacitorTuning	16	static
../Drivers/STM32WL3x_HAL_Driver/Inc/stm32wl3x_ll_rcc.h:544:22:LL_RCC_HSE_SetCurrentControl	16	static
../Drivers/STM32WL3x_HAL_Driver/Inc/stm32wl3x_ll_rcc.h:591:22:LL_RCC_HSE_SetStartupCurrent	16	static
../Drivers/STM32WL3x_HAL_Driver/Inc/stm32wl3x_ll_rcc.h:612:22:LL_RCC_HSE_SetAmplitudeThreshold	16	static
../Drivers/STM32WL3x_HAL_Driver/Inc/stm32wl3x_ll_rcc.h:640:22:LL_RCC_HSI_Enable	8	static
../Drivers/STM32WL3x_HAL_Driver/Inc/stm32wl3x_ll_rcc.h:651:22:LL_RCC_HSI_Disable	8	static
../Drivers/STM32WL3x_HAL_Driver/Inc/stm32wl3x_ll_rcc.h:662:26:LL_RCC_HSI_IsReady	8	static
../Drivers/STM32WL3x_HAL_Driver/Inc/stm32wl3x_ll_rcc.h:710:22:LL_RCC_DIRECT_HSE_Enable	16	static,ignoring_inline_asm
../Drivers/STM32WL3x_HAL_Driver/Inc/stm32wl3x_ll_rcc.h:726:22:LL_RCC_DIRECT_HSE_Disable	8	static
../Drivers/STM32WL3x_HAL_Driver/Inc/stm32wl3x_ll_rcc.h:738:26:LL_RCC_DIRECT_HSE_IsEnabled	8	static
../Drivers/STM32WL3x_HAL_Driver/Inc/stm32wl3x_ll_rcc.h:821:22:LL_RCC_LSCO_SetSource	16	static
../Drivers/STM32WL3x_HAL_Driver/Inc/stm32wl3x_ll_rcc.h:852:22:LL_RCC_LSE_Enable	8	static
../Drivers/STM32WL3x_HAL_Driver/Inc/stm32wl3x_ll_rcc.h:862:22:LL_RCC_LSE_Disable	8	static
../Drivers/STM32WL3x_HAL_Driver/Inc/stm32wl3x_ll_rcc.h:872:26:LL_RCC_LSE_IsEnabled	8	static
../Drivers/STM32WL3x_HAL_Driver/Inc/stm32wl3x_ll_rcc.h:882:26:LL_RCC_LSE_IsReady	8	static
../Drivers/STM32WL3x_HAL_Driver/Inc/stm32wl3x_ll_rcc.h:892:22:LL_RCC_LSE_EnableBypass	8	static
../Drivers/STM32WL3x_HAL_Driver/Inc/stm32wl3x_ll_rcc.h:902:22:LL_RCC_LSE_DisableBypass	8	static
../Drivers/STM32WL3x_HAL_Driver/Inc/stm32wl3x_ll_rcc.h:912:26:LL_RCC_LSE_IsBypassEnabled	8	static
../Drivers/STM32WL3x_HAL_Driver/Inc/stm32wl3x_ll_rcc.h:928:22:LL_RCC_LSE_SetDriveCapability	16	static
../Drivers/STM32WL3x_HAL_Driver/Inc/stm32wl3x_ll_rcc.h:960:22:LL_RCC_LSI_Enable	8	static
../Drivers/STM32WL3x_HAL_Driver/Inc/stm32wl3x_ll_rcc.h:970:22:LL_RCC_LSI_Disable	8	static
../Drivers/STM32WL3x_HAL_Driver/Inc/stm32wl3x_ll_rcc.h:980:26:LL_RCC_LSI_IsEnabled	8	static
../Drivers/STM32WL3x_HAL_Driver/Inc/stm32wl3x_ll_rcc.h:990:26:LL_RCC_LSI_IsReady	8	static
../Drivers/STM32WL3x_HAL_Driver/Inc/stm32wl3x_ll_rcc.h:1313:22:LL_RCC_ConfigMCO	16	static
../Drivers/STM32WL3x_HAL_Driver/Inc/stm32wl3x_ll_rcc.h:1489:22:LL_RCC_RC64MPLL_Enable	8	static
../Drivers/STM32WL3x_HAL_Driver/Inc/stm32wl3x_ll_rcc.h:1500:22:LL_RCC_RC64MPLL_Disable	8	static
../Drivers/STM32WL3x_HAL_Driver/Inc/stm32wl3x_ll_rcc.h:1510:26:LL_RCC_RC64MPLL_IsReady	8	static
../Drivers/STM32WL3x_HAL_Driver/Inc/stm32wl3x_ll_rcc.h:1528:22:LL_RCC_SetRC64MPLLPrescaler	16	static
../Drivers/STM32WL3x_HAL_Driver/Inc/stm32wl3x_ll_rcc.h:1569:26:LL_RCC_GetCLKSYSPrescalerStatus	8	static
../Drivers/STM32WL3x_HAL_Driver/Inc/stm32wl3x_ll_rcc.h:1902:22:LL_RCC_ClearResetFlags	8	static
../Drivers/STM32WL3x_HAL_Driver/Inc/stm32wl3x_ll_bus.h:220:22:LL_AHB1_GRP1_EnableClock	24	static
../Drivers/STM32WL3x_HAL_Driver/Src/stm32wl3x_hal_rcc.c:183:19:HAL_RCC_DeInit	16	static
../Drivers/STM32WL3x_HAL_Driver/Src/stm32wl3x_hal_rcc.c:265:19:HAL_RCC_OscConfig	24	static
../Drivers/STM32WL3x_HAL_Driver/Src/stm32wl3x_hal_rcc.c:546:19:HAL_RCC_ClockConfig	24	static
../Drivers/STM32WL3x_HAL_Driver/Src/stm32wl3x_hal_rcc.c:721:6:HAL_RCC_MCOConfig	56	static
../Drivers/STM32WL3x_HAL_Driver/Src/stm32wl3x_hal_rcc.c:781:10:HAL_RCC_GetSysClockFreq	8	static
../Drivers/STM32WL3x_HAL_Driver/Src/stm32wl3x_hal_rcc.c:793:6:HAL_RCC_GetOscConfig	16	static
../Drivers/STM32WL3x_HAL_Driver/Src/stm32wl3x_hal_rcc.c:854:6:HAL_RCC_GetClockConfig	16	static
